nvedit.c:217:12:_do_env_set.isra.0.constprop	64	static
nvedit.c:73:5:get_env_id	0	static
nvedit.c:295:5:env_set	24	static
nvedit.c:316:5:env_set_ulong	8	static
nvedit.c:331:5:env_set_hex	32	static
nvedit.c:354:6:eth_parse_enetaddr	24	static
nvedit.c:775:5:envmatch	24	static
nvedit.c:691:5:env_get_f	32	static
nvedit.c:667:7:env_get	56	static
nvedit.c:339:7:env_get_hex	24	static
nvedit.c:366:5:eth_env_get_enetaddr	8	static
nvedit.c:372:5:eth_env_set_enetaddr	40	static
nvedit.c:740:7:env_get_ulong	16	static
