Archive member included to satisfy reference by file (symbol)

arch/arm/lib/lib.a(lib1funcs.o)
                              arch/arm/mach-omap2/built-in.o (__aeabi_uidiv)
arch/arm/lib/lib.a(uldivmod.o)
                              fs/built-in.o (__aeabi_uldivmod)
arch/arm/lib/lib.a(div0.o)    arch/arm/lib/lib.a(lib1funcs.o) (__div0)

Discarded input sections

 .data          0x0000000000000000        0x0 arch/arm/cpu/armv7/start.o
 .bss           0x0000000000000000        0x0 arch/arm/cpu/armv7/start.o
 .text          0x0000000000000000        0x0 board/ti/am335x/built-in.o
 .text.do_board_detect
                0x0000000000000000       0x20 board/ti/am335x/built-in.o
 .text.rtc32k_enable
                0x0000000000000000       0x64 board/ti/am335x/built-in.o
 .text.Write_Gpio_Value
                0x0000000000000000       0x48 board/ti/am335x/built-in.o
 .text.Write_Gpio_Value_Control
                0x0000000000000000       0x48 board/ti/am335x/built-in.o
 .text.HD44780_EN
                0x0000000000000000       0x24 board/ti/am335x/built-in.o
 .text.HD44780_PutChar
                0x0000000000000000        0x4 board/ti/am335x/built-in.o
 .rodata.do_board_detect.str1.1
                0x0000000000000000       0x1b board/ti/am335x/built-in.o
 .data          0x0000000000000000        0x0 board/ti/am335x/built-in.o
 .bss           0x0000000000000000        0x0 board/ti/am335x/built-in.o
 .text.mmu_page_table_flush
                0x0000000000000000       0x1e arch/arm/cpu/armv7/built-in.o
 .text.v7_arch_cp15_set_l2aux_ctrl
                0x0000000000000000        0x6 arch/arm/cpu/armv7/built-in.o
 .text.sdelay   0x0000000000000000        0x6 arch/arm/cpu/armv7/built-in.o
 .text.wait_on_value
                0x0000000000000000       0x1e arch/arm/cpu/armv7/built-in.o
 .data          0x0000000000000000        0x0 arch/arm/cpu/armv7/built-in.o
 .bss           0x0000000000000000        0x0 arch/arm/cpu/armv7/built-in.o
 .text.armv7_boot_nonsec_default
                0x0000000000000000        0x4 arch/arm/lib/built-in.o
 .text.enable_caches
                0x0000000000000000        0xc arch/arm/lib/built-in.o
 .text.invalidate_dcache_range
                0x0000000000000000        0x2 arch/arm/lib/built-in.o
 .text.flush_dcache_range
                0x0000000000000000        0x2 arch/arm/lib/built-in.o
 .text.flush_dcache_all
                0x0000000000000000        0xa arch/arm/lib/built-in.o
 .text.invalidate_l2_cache
                0x0000000000000000        0xc arch/arm/lib/built-in.o
 .text.arm_init_before_mmu
                0x0000000000000000        0x2 arch/arm/lib/built-in.o
 .text.arm_init_domains
                0x0000000000000000        0x2 arch/arm/lib/built-in.o
 .text.mmu_page_table_flush
                0x0000000000000000        0x2 arch/arm/lib/built-in.o
 .text.mmu_set_region_dcache_behaviour
                0x0000000000000000       0x40 arch/arm/lib/built-in.o
 .text.dram_bank_mmu_setup
                0x0000000000000000       0x2a arch/arm/lib/built-in.o
 .text.fdt_psci
                0x0000000000000000        0x4 arch/arm/lib/built-in.o
 .rodata.enable_caches.str1.1
                0x0000000000000000       0x1d arch/arm/lib/built-in.o
 .data          0x0000000000000000        0x0 arch/arm/lib/built-in.o
 .__secure_end  0x0000000000000000        0x0 arch/arm/lib/built-in.o
 .__secure_stack_end
                0x0000000000000000        0x0 arch/arm/lib/built-in.o
 .__secure_stack_start
                0x0000000000000000        0x0 arch/arm/lib/built-in.o
 .__secure_start
                0x0000000000000000        0x0 arch/arm/lib/built-in.o
 .bss           0x0000000000000000        0x0 arch/arm/lib/built-in.o
 .text.get_dpll_mpu_params
                0x0000000000000000        0x8 arch/arm/mach-omap2/built-in.o
 .text.get_dpll_core_params
                0x0000000000000000       0x14 arch/arm/mach-omap2/built-in.o
 .text.get_dpll_per_params
                0x0000000000000000       0x14 arch/arm/mach-omap2/built-in.o
 .text.setup_clocks_for_console
                0x0000000000000000       0x78 arch/arm/mach-omap2/built-in.o
 .text.enable_basic_clocks
                0x0000000000000000       0x44 arch/arm/mach-omap2/built-in.o
 .text.set_mpu_spreadspectrum
                0x0000000000000000       0xc0 arch/arm/mach-omap2/built-in.o
 .text.do_setup_dpll
                0x0000000000000000       0xe0 arch/arm/mach-omap2/built-in.o
 .text.do_enable_clocks
                0x0000000000000000       0x64 arch/arm/mach-omap2/built-in.o
 .text.do_disable_clocks
                0x0000000000000000       0x6c arch/arm/mach-omap2/built-in.o
 .text.scale_vcores
                0x0000000000000000        0x2 arch/arm/mach-omap2/built-in.o
 .text.setup_early_clocks
                0x0000000000000000       0x12 arch/arm/mach-omap2/built-in.o
 .text.prcm_init
                0x0000000000000000       0x5c arch/arm/mach-omap2/built-in.o
 .text.rtc_only_prcm_init
[...]
Memory Configuration

Name             Origin             Length             Attributes
*default*        0x0000000000000000 0xffffffffffffffff

Linker script and memory map

Address of section .text set to 0x80800000
                0x0000000000000000                . = 0x0
                0x0000000000000000                . = ALIGN (0x4)

.text           0x0000000080800000     0x1788
 *(.__image_copy_start)
 .__image_copy_start
                0x0000000080800000        0x0 arch/arm/lib/built-in.o
                0x0000000080800000                __image_copy_start
 *(.vectors)
 .vectors       0x0000000080800000      0x2e8 arch/arm/lib/built-in.o
                0x0000000080800000                _start
                0x0000000080800020                _undefined_instruction
                0x0000000080800024                _software_interrupt
                0x0000000080800028                _prefetch_abort
                0x000000008080002c                _data_abort
                0x0000000080800030                _not_used
                0x0000000080800034                _irq
                0x0000000080800038                _fiq
                0x0000000080800040                IRQ_STACK_START_IN
 arch/arm/cpu/armv7/start.o(.text*)
 .text          0x00000000808002e8       0xc8 arch/arm/cpu/armv7/start.o
                0x00000000808002e8                reset
                0x00000000808002ec                save_boot_params_ret
                0x0000000080800320                c_runtime_cpu_setup
                0x0000000080800334                cpu_init_cp15
 board/ti/am335x/built-in.o(.text*)
 .text.cpsw_control
                0x00000000808003b0        0x2 board/ti/am335x/built-in.o
 *fill*         0x00000000808003b2        0x2 
 .text.request_and_set_gpio
                0x00000000808003b4       0x58 board/ti/am335x/built-in.o
 .text.do_cape_detect
                0x000000008080040c      0x658 board/ti/am335x/built-in.o
                0x000000008080040c                do_cape_detect
 .text.board_init
                0x0000000080800a64      0x1f8 board/ti/am335x/built-in.o
                0x0000000080800a64                board_init
 .text.board_late_init
                0x0000000080800c5c      0x24c board/ti/am335x/built-in.o
                0x0000000080800c5c                board_late_init
 .text.board_eth_init
                0x0000000080800ea8      0x1c4 board/ti/am335x/built-in.o
                0x0000000080800ea8                board_eth_init
 .text.Gpio_Init
                0x000000008080106c       0x34 board/ti/am335x/built-in.o
                0x000000008080106c                Gpio_Init
 .text.Delay_HD44780
                0x00000000808010a0       0x18 board/ti/am335x/built-in.o
                0x00000000808010a0                Delay_HD44780
 .text.LCD_Write_High_Nibble
                0x00000000808010b8       0x8c board/ti/am335x/built-in.o
                0x00000000808010b8                LCD_Write_High_Nibble
 .text.LCD_Write_Low_Nibble
                0x0000000080801144       0x8c board/ti/am335x/built-in.o
                0x0000000080801144                LCD_Write_Low_Nibble
 .text.hd44780_write
                0x00000000808011d0       0x12 board/ti/am335x/built-in.o
                0x00000000808011d0                hd44780_write
 *fill*         0x00000000808011e2        0x2 
 .text.hd44780_wr_cmd
                0x00000000808011e4       0x10 board/ti/am335x/built-in.o
                0x00000000808011e4                hd44780_wr_cmd
 .text.hd44780_wr_data
                0x00000000808011f4       0x14 board/ti/am335x/built-in.o
                0x00000000808011f4                hd44780_wr_data
 .text.HD44780_GotoXY
                0x0000000080801208       0x16 board/ti/am335x/built-in.o
                0x0000000080801208                HD44780_GotoXY
 .text.HD44780_PutStr
                0x000000008080121e       0x14 board/ti/am335x/built-in.o
                0x000000008080121e                HD44780_PutStr
 .text.HD44780_ClrScr
                0x0000000080801232        0x6 board/ti/am335x/built-in.o
                0x0000000080801232                HD44780_ClrScr
 .text.Lcd_Init
                0x0000000080801238       0x90 board/ti/am335x/built-in.o
                0x0000000080801238                Lcd_Init
 .text.HD44780_Str_XY
                0x00000000808012c8       0x12 board/ti/am335x/built-in.o
                0x00000000808012c8                HD44780_Str_XY
 *fill*         0x00000000808012da        0x2 
 .text.lcd_bootmenu
                0x00000000808012dc      0x190 board/ti/am335x/built-in.o
                0x00000000808012dc                lcd_bootmenu
 .text.gpio_output_testcase
                0x000000008080146c       0x40 board/ti/am335x/built-in.o
                0x000000008080146c                gpio_output_testcase
 .text.gpio_input_testcase
                0x00000000808014ac       0x70 board/ti/am335x/built-in.o
                0x00000000808014ac                gpio_input_testcase
 .text.All_Test_Cases
                0x000000008080151c      0x26c board/ti/am335x/built-in.o
                0x000000008080151c                All_Test_Cases

.glue_7         0x0000000080801788        0x0
 .glue_7        0x0000000080801788        0x0 linker stubs

.glue_7t        0x0000000080801788        0x0
 .glue_7t       0x0000000080801788        0x0 linker stubs

.vfp11_veneer   0x0000000080801788        0x0
 .vfp11_veneer  0x0000000080801788        0x0 linker stubs

.v4_bx          0x0000000080801788        0x0
 .v4_bx         0x0000000080801788        0x0 linker stubs

.iplt           0x0000000080801788        0x0
 .iplt          0x0000000080801788        0x0 arch/arm/cpu/armv7/start.o

.__efi_runtime_start
                0x0000000080801788        0x0
 *(.__efi_runtime_start)
 .__efi_runtime_start
                0x0000000080801788        0x0 arch/arm/lib/built-in.o

.efi_runtime    0x0000000080801788      0x740
 *(.text.efi_runtime*)
 .text.efi_runtime
                0x0000000080801788       0xec lib/built-in.o
                0x0000000080801788                efi_reset_system
                0x000000008080178a                efi_get_time
                0x00000000808017ac                efi_update_capsule
                0x00000000808017b4                efi_query_capsule_caps
                0x00000000808017bc                efi_query_variable_info
                0x00000000808017c4                efi_update_table_header_crc32
                0x00000000808017d8                crc32_no_comp
                0x0000000080801868                crc32
 .text.efi_runtime_relocate
                0x0000000080801874       0xfc lib/built-in.o
                0x0000000080801874                efi_runtime_relocate
 *(.rodata.efi_runtime*)
 .rodata.efi_runtime_detach_list
                0x0000000080801970       0x50 lib/built-in.o
 .rodata.efi_runtime_relocate.str1.1
                0x00000000808019c0       0x4e lib/built-in.o
 *(.data.efi_runtime*)
 *fill*         0x0000000080801a0e        0x2 
 .data.efi_runtime
                0x0000000080801a10      0x4b0 lib/built-in.o
                0x0000000080801a10                systab
                0x0000000080801a70                efi_runtime_services
 .data.efi_runtime_mmio
                0x0000000080801ec0        0x8 lib/built-in.o
                0x0000000080801ec0                efi_runtime_mmio

.__efi_runtime_stop
                0x0000000080801ec8        0x0
 *(.__efi_runtime_stop)
 .__efi_runtime_stop
                0x0000000080801ec8        0x0 arch/arm/lib/built-in.o

.text_rest      0x0000000080801ee0    0x46992
 *(.text*)
 .text          0x0000000080801ee0      0x168 arch/arm/cpu/armv7/built-in.o
                0x0000000080801ee0                __v7_flush_dcache_all
                0x0000000080801f7c                v7_flush_dcache_all
                0x0000000080801f8c                __v7_invalidate_dcache_all
                0x0000000080802028                v7_invalidate_dcache_all
                0x0000000080802038                allow_unaligned
 .text.invalidate_icache_all
                0x0000000080802048       0x14 arch/arm/cpu/armv7/built-in.o
                0x0000000080802048                invalidate_icache_all
 .text.v7_outer_cache_enable
                0x000000008080205c        0x2 arch/arm/cpu/armv7/built-in.o
                0x000000008080205c                v7_outer_cache_enable
 .text.v7_outer_cache_disable
                0x000000008080205e        0x2 arch/arm/cpu/armv7/built-in.o
                0x000000008080205e                v7_outer_cache_disable
 .text.v7_outer_cache_flush_all
                0x0000000080802060        0x2 arch/arm/cpu/armv7/built-in.o
                0x0000000080802060                v7_outer_cache_flush_all
 .text.flush_dcache_all
                0x0000000080802062        0xe arch/arm/cpu/armv7/built-in.o
                0x0000000080802062                flush_dcache_all
 .text.v7_outer_cache_inval_all
                0x0000000080802070        0x2 arch/arm/cpu/armv7/built-in.o
                0x0000000080802070                v7_outer_cache_inval_all
 .text.invalidate_dcache_all
                0x0000000080802072        0xe arch/arm/cpu/armv7/built-in.o
                0x0000000080802072                invalidate_dcache_all
 .text.arm_init_before_mmu
                0x0000000080802080       0x22 arch/arm/cpu/armv7/built-in.o
                0x0000000080802080                arm_init_before_mmu
 .text.v7_outer_cache_flush_range
                0x00000000808020a2        0x2 arch/arm/cpu/armv7/built-in.o
                0x00000000808020a2                v7_outer_cache_flush_range
 .text.flush_dcache_range
                0x00000000808020a4       0x38 arch/arm/cpu/armv7/built-in.o
                0x00000000808020a4                flush_dcache_range
 .text.v7_outer_cache_inval_range
                0x00000000808020dc        0x2 arch/arm/cpu/armv7/built-in.o
                0x00000000808020dc                v7_outer_cache_inval_range
 .text.invalidate_dcache_range
                0x00000000808020de       0x42 arch/arm/cpu/armv7/built-in.o
                0x00000000808020de                invalidate_dcache_range
 .text.cpu_cache_initialization
                0x0000000080802120        0x2 arch/arm/cpu/armv7/built-in.o
                0x0000000080802120                cpu_cache_initialization
 .text.cleanup_before_linux_select
                0x0000000080802122       0x3e arch/arm/cpu/armv7/built-in.o
                0x0000000080802122                cleanup_before_linux_select
 .text.cleanup_before_linux
                0x0000000080802160        0x6 arch/arm/cpu/armv7/built-in.o
                0x0000000080802160                cleanup_before_linux
 .text.v7_arch_cp15_set_acr
                0x0000000080802166        0x6 arch/arm/cpu/armv7/built-in.o
                0x0000000080802166                v7_arch_cp15_set_acr
 *fill*         0x000000008080216c       0x14 
 .text          0x0000000080802180      0x424 arch/arm/lib/built-in.o
                0x0000000080802180                _main
                0x0000000080802220                memset
                0x00000000808022c0                memcpy
 .text.setjmp   0x00000000808025a4       0x10 arch/arm/lib/built-in.o
                0x00000000808025a4                setjmp
 .text.longjmp  0x00000000808025b4       0x1c arch/arm/lib/built-in.o
                0x00000000808025b4                longjmp
 .text.relocate_vectors
                0x00000000808025d0       0x70 arch/arm/lib/built-in.o
                0x00000000808025d0                relocate_vectors
                0x00000000808025dc                relocate_code
 .text.arch_fixup_fdt
                0x0000000080802640       0x3a arch/arm/lib/built-in.o
                0x0000000080802640                arch_fixup_fdt
 *fill*         0x000000008080267a        0x2 
 .text.setup_initrd_tag.isra.1
                0x000000008080267c       0x2c arch/arm/lib/built-in.o
 .text.arch_lmb_reserve
                0x00000000808026a8       0x4e arch/arm/lib/built-in.o
                0x00000000808026a8                arch_lmb_reserve
 .text.board_quiesce_devices
                0x00000000808026f6        0x2 arch/arm/lib/built-in.o
                0x00000000808026f6                board_quiesce_devices
 .text.boot_jump_linux
                0x00000000808026f8       0x90 arch/arm/lib/built-in.o
 .text.setup_board_tags
                0x0000000080802788        0x2 arch/arm/lib/built-in.o
                0x0000000080802788                setup_board_tags
 *fill*         0x000000008080278a        0x2 
 .text.boot_prep_linux
                0x000000008080278c       0xfc arch/arm/lib/built-in.o
 .text.do_bootm_linux
                0x0000000080802888       0x44 arch/arm/lib/built-in.o
                0x0000000080802888                do_bootm_linux
 .text.boot_prep_vxworks
                0x00000000808028cc       0x34 arch/arm/lib/built-in.o
                0x00000000808028cc                boot_prep_vxworks
 .text.boot_jump_vxworks
                0x0000000080802900        0xa arch/arm/lib/built-in.o
                0x0000000080802900                boot_jump_vxworks
 *fill*         0x000000008080290a        0x2 
 .text.bootz_setup
                0x000000008080290c       0x6c arch/arm/lib/built-in.o
                0x000000008080290c                bootz_setup
 .text.arch_reserve_stacks
                0x0000000080802978       0x16 arch/arm/lib/built-in.o
                0x0000000080802978                arch_reserve_stacks
 *fill*         0x000000008080298e        0x2 
 .text.interrupt_init
                0x0000000080802990       0x14 arch/arm/lib/built-in.o
                0x0000000080802990                interrupt_init
 .text.enable_interrupts
                0x00000000808029a4        0x2 arch/arm/lib/built-in.o
                0x00000000808029a4                enable_interrupts
 .text.disable_interrupts
                0x00000000808029a6        0x4 arch/arm/lib/built-in.o
                0x00000000808029a6                disable_interrupts
 *fill*         0x00000000808029aa        0x2 
 .text.bad_mode
                0x00000000808029ac        0xc arch/arm/lib/built-in.o
                0x00000000808029ac                bad_mode
 .text.show_regs
                0x00000000808029b8      0x14c arch/arm/lib/built-in.o
                0x00000000808029b8                show_regs
 .text.do_undefined_instruction
                0x0000000080802b04       0x28 arch/arm/lib/built-in.o
                0x0000000080802b04                do_undefined_instruction
 .text.do_software_interrupt
                0x0000000080802b2c       0x28 arch/arm/lib/built-in.o
                0x0000000080802b2c                do_software_interrupt
 .text.do_prefetch_abort
                0x0000000080802b54       0x28 arch/arm/lib/built-in.o
                0x0000000080802b54                do_prefetch_abort
 .text.do_data_abort
                0x0000000080802b7c       0x28 arch/arm/lib/built-in.o
                0x0000000080802b7c                do_data_abort
 .text.do_not_used
                0x0000000080802ba4       0x28 arch/arm/lib/built-in.o
                0x0000000080802ba4                do_not_used
 .text.do_fiq   0x0000000080802bcc       0x28 arch/arm/lib/built-in.o
                0x0000000080802bcc                do_fiq
 .text.do_irq   0x0000000080802bf4       0x28 arch/arm/lib/built-in.o
                0x0000000080802bf4                do_irq
 .text.reset_misc
                0x0000000080802c1c        0x2 arch/arm/lib/built-in.o
                0x0000000080802c1c                reset_misc
 *fill*         0x0000000080802c1e        0x2 
 .text.do_reset
                0x0000000080802c20       0x28 arch/arm/lib/built-in.o
                0x0000000080802c20                do_reset
 .text.flush_cache
                0x0000000080802c48        0x6 arch/arm/lib/built-in.o
                0x0000000080802c48                flush_cache
 *fill*         0x0000000080802c4e        0x2 
 .text.check_cache_range
                0x0000000080802c50       0x20 arch/arm/lib/built-in.o
                0x0000000080802c50                check_cache_range
 .text.set_section_dcache
                0x0000000080802c70       0x12 arch/arm/lib/built-in.o
                0x0000000080802c70                set_section_dcache
 .text.icache_enable
                0x0000000080802c82       0x12 arch/arm/lib/built-in.o
                0x0000000080802c82                icache_enable
 .text.icache_disable
                0x0000000080802c94       0x16 arch/arm/lib/built-in.o
                0x0000000080802c94                icache_disable
 .text.icache_status
                0x0000000080802caa        0xa arch/arm/lib/built-in.o
                0x0000000080802caa                icache_status
 .text.dcache_enable
                0x0000000080802cb4       0x80 arch/arm/lib/built-in.o
                0x0000000080802cb4                dcache_enable
 .text.dcache_disable
                0x0000000080802d34       0x20 arch/arm/lib/built-in.o
                0x0000000080802d34                dcache_disable
 .text.dcache_status
                0x0000000080802d54        0xa arch/arm/lib/built-in.o
                0x0000000080802d54                dcache_status
 *fill*         0x0000000080802d5e        0x2 
 .text          0x0000000080802d60       0x60 arch/arm/mach-omap2/built-in.o
                0x0000000080802d60                save_boot_params
                0x0000000080802d6c                omap_smc1
                0x0000000080802d88                omap_smc_sec
 .text.get_cpu_rev
                0x0000000080802dc0       0x10 arch/arm/mach-omap2/built-in.o
                0x0000000080802dc0                get_cpu_rev
 .text.get_cpu_type
                0x0000000080802dd0       0x14 arch/arm/mach-omap2/built-in.o
                0x0000000080802dd0                get_cpu_type
 .text.print_cpuinfo
                0x0000000080802de4       0x9c arch/arm/mach-omap2/built-in.o
                0x0000000080802de4                print_cpuinfo
 .text.am33xx_otg0_set_phy_power
                0x0000000080802e80       0x20 arch/arm/mach-omap2/built-in.o
 .text.am33xx_otg1_set_phy_power
                0x0000000080802ea0       0x20 arch/arm/mach-omap2/built-in.o
 .text.dram_init
                0x0000000080802ec0       0x16 arch/arm/mach-omap2/built-in.o
                0x0000000080802ec0                dram_init
 .text.dram_init_banksize
                0x0000000080802ed6       0x18 arch/arm/mach-omap2/built-in.o
                0x0000000080802ed6                dram_init_banksize
 .text.cpu_mmc_init
                0x0000000080802eee       0x28 arch/arm/mach-omap2/built-in.o
                0x0000000080802eee                cpu_mmc_init
 *fill*         0x0000000080802f16        0x2 
 .text.arch_misc_init
                0x0000000080802f18       0x34 arch/arm/mach-omap2/built-in.o
                0x0000000080802f18                arch_misc_init
 .text.arch_cpu_init_dm
                0x0000000080802f4c        0xa arch/arm/mach-omap2/built-in.o
                0x0000000080802f4c                arch_cpu_init_dm
 *fill*         0x0000000080802f56        0x2 
 .text.hw_data_init
                0x0000000080802f58       0x14 arch/arm/mach-omap2/built-in.o
                0x0000000080802f58                hw_data_init
 .text.clk_synthesizer_reg_write
                0x0000000080802f6c       0x30 arch/arm/mach-omap2/built-in.o
 .text.setup_clock_synthesizer
                0x0000000080802f9c       0x90 arch/arm/mach-omap2/built-in.o
                0x0000000080802f9c                setup_clock_synthesizer
 .text.reset_cpu
                0x000000008080302c       0x10 arch/arm/mach-omap2/built-in.o
                0x000000008080302c                reset_cpu
 .text.get_timer_masked
                0x000000008080303c       0x54 arch/arm/mach-omap2/built-in.o
 .text.timer_init
                0x0000000080803090       0x18 arch/arm/mach-omap2/built-in.o
                0x0000000080803090                timer_init
 .text.get_timer
                0x00000000808030a8        0xc arch/arm/mach-omap2/built-in.o
                0x00000000808030a8                get_timer
 .text.__udelay
                0x00000000808030b4       0x34 arch/arm/mach-omap2/built-in.o
                0x00000000808030b4                __udelay
 .text.get_ticks
                0x00000000808030e8        0xa arch/arm/mach-omap2/built-in.o
                0x00000000808030e8                get_ticks
 .text.get_tbclk
                0x00000000808030f2        0x6 arch/arm/mach-omap2/built-in.o
                0x00000000808030f2                get_tbclk
 .text.get_device_type
                0x00000000808030f8       0x18 arch/arm/mach-omap2/built-in.o
                0x00000000808030f8                get_device_type
 .text.enable_caches
                0x0000000080803110       0x14 arch/arm/mach-omap2/built-in.o
                0x0000000080803110                enable_caches
 .text.dram_bank_mmu_setup
                0x0000000080803124       0x26 arch/arm/mach-omap2/built-in.o
                0x0000000080803124                dram_bank_mmu_setup
 .text.arm_init_domains
                0x000000008080314a       0x16 arch/arm/mach-omap2/built-in.o
                0x000000008080314a                arm_init_domains
 .text.board_ti_is
                0x0000000080803160       0x30 board/ti/common/built-in.o
                0x0000000080803160                board_ti_is
 .text.board_ti_get_rev
                0x0000000080803190        0x8 board/ti/common/built-in.o
                0x0000000080803190                board_ti_get_rev
 .text.board_ti_get_config
                0x0000000080803198        0x8 board/ti/common/built-in.o
                0x0000000080803198                board_ti_get_config
 .text.set_board_info_env
                0x00000000808031a0       0x3c board/ti/common/built-in.o
                0x00000000808031a0                set_board_info_env
 .text.do_go_exec
                0x00000000808031dc        0x8 cmd/built-in.o
                0x00000000808031dc                do_go_exec
 .text.do_go    0x00000000808031e4       0x4c cmd/built-in.o
 .text.do_bootm
                0x0000000080803230       0xa0 cmd/built-in.o
                0x0000000080803230                do_bootm
 .text.do_bootd
                0x00000000808032d0       0x18 cmd/built-in.o
                0x00000000808032d0                do_bootd
 .text.image_info
                0x00000000808032e8       0xd8 cmd/built-in.o
 .text.do_iminfo
                0x00000000808033c0       0x3c cmd/built-in.o
 .text.bootm_maybe_autostart
                0x00000000808033fc       0x4c cmd/built-in.o
                0x00000000808033fc                bootm_maybe_autostart
 .text.do_lcd   0x0000000080803448       0x50 cmd/built-in.o
 .text.do_autoboot_menu
                0x0000000080803498        0xa cmd/built-in.o
 *fill*         0x00000000808034a2        0x2 
 .text.do_help  0x00000000808034a4       0x2c cmd/built-in.o
 .text.do_version
                0x00000000808034d0       0x30 cmd/built-in.o
 .text.blk_common_cmd
                0x0000000080803500      0x1f0 cmd/built-in.o
                0x0000000080803500                blk_common_cmd
 .text.source   0x00000000808036f0      0x140 cmd/built-in.o
                0x00000000808036f0                source
 .text.do_source
                0x0000000080803830       0x50 cmd/built-in.o
 .text.print_num
                0x0000000080803880       0x10 cmd/built-in.o
 .text.do_bdinfo
                0x0000000080803890      0x15c cmd/built-in.o
 .text.efi_install_fdt
                0x00000000808039ec      0x18c cmd/built-in.o
 .text.do_bootefi_exec
                0x0000000080803b78      0x178 cmd/built-in.o
 .text.do_bootefi
                0x0000000080803cf0       0xf0 cmd/built-in.o
 .text.efi_set_bootdev
                0x0000000080803de0       0x48 cmd/built-in.o
                0x0000000080803de0                efi_set_bootdev
 .text.do_bootz
                0x0000000080803e28       0xa4 cmd/built-in.o
                0x0000000080803e28                do_bootz
 .text.do_btrsubvol
                0x0000000080803ecc       0x26 cmd/built-in.o
                0x0000000080803ecc                do_btrsubvol
 *fill*         0x0000000080803ef2        0x2 
 .text.do_coninfo
                0x0000000080803ef4       0x88 cmd/built-in.o
 .text.do_dm_dump_devres
                0x0000000080803f7c        0x4 cmd/built-in.o
 .text.do_dm    0x0000000080803f80       0x44 cmd/built-in.o
 .text.do_dm_dump_uclass
                0x0000000080803fc4        0xa cmd/built-in.o
 .text.do_dm_dump_all
                0x0000000080803fce        0xa cmd/built-in.o
 .text.do_echo  0x0000000080803fd8       0x74 cmd/built-in.o
 .text.parse_numeric_param
                0x000000008080404c       0x1c cmd/built-in.o
 .text.parse_i2c_bus_addr
                0x0000000080804068       0x42 cmd/built-in.o
 .text.eeprom_write_enable
                0x00000000808040aa        0x4 cmd/built-in.o
                0x00000000808040aa                eeprom_write_enable
 .text.eeprom_read
                0x00000000808040ae       0x4a cmd/built-in.o
                0x00000000808040ae                eeprom_read
 .text.eeprom_write
                0x00000000808040f8       0x6a cmd/built-in.o
                0x00000000808040f8                eeprom_write
 *fill*         0x0000000080804162        0x2 
 .text.do_eeprom
                0x0000000080804164       0xcc cmd/built-in.o
                0x0000000080804164                do_eeprom
 .text.load_elf_image_phdr
                0x0000000080804230       0xca cmd/built-in.o
 *fill*         0x00000000808042fa        0x2 
 .text.valid_elf_image
                0x00000000808042fc       0x30 cmd/built-in.o
                0x00000000808042fc                valid_elf_image
 .text.do_bootelf
                0x000000008080432c      0x1b4 cmd/built-in.o
                0x000000008080432c                do_bootelf
 .text.do_bootvx
                0x00000000808044e0      0x234 cmd/built-in.o
                0x00000000808044e0                do_bootvx
 .text.do_exit  0x0000000080804714       0x20 cmd/built-in.o
 .text.do_ext4_size
                0x0000000080804734        0xe cmd/built-in.o
                0x0000000080804734                do_ext4_size
 .text.do_ext4_load
                0x0000000080804742        0xe cmd/built-in.o
                0x0000000080804742                do_ext4_load
 .text.do_ext4_ls
                0x0000000080804750        0xe cmd/built-in.o
                0x0000000080804750                do_ext4_ls
 .text.do_ext4_write
                0x000000008080475e        0xe cmd/built-in.o
                0x000000008080475e                do_ext4_write
 .text.do_ext2load
                0x000000008080476c        0xe cmd/built-in.o
                0x000000008080476c                do_ext2load
 .text.do_ext2ls
                0x000000008080477a        0xe cmd/built-in.o
 .text.do_fat_size
                0x0000000080804788        0xe cmd/built-in.o
                0x0000000080804788                do_fat_size
 .text.do_fat_fsload
                0x0000000080804796        0xe cmd/built-in.o
                0x0000000080804796                do_fat_fsload
 .text.do_fat_ls
                0x00000000808047a4        0xe cmd/built-in.o
 *fill*         0x00000000808047b2        0x2 
 .text.do_fat_fsinfo
                0x00000000808047b4       0x54 cmd/built-in.o
 .text.do_fat_fswrite
                0x0000000080804808       0xd4 cmd/built-in.o
 .text.do_fat_rm
                0x00000000808048dc        0xe cmd/built-in.o
 .text.do_fat_mkdir
                0x00000000808048ea        0xe cmd/built-in.o
 .text.fdt_valid
                0x00000000808048f8       0x74 cmd/built-in.o
 .text.is_printable_string
                0x000000008080496c       0x48 cmd/built-in.o
 .text.print_data
                0x00000000808049b4      0x104 cmd/built-in.o
 .text.set_working_fdt_addr
                0x0000000080804ab8       0x14 cmd/built-in.o
                0x0000000080804ab8                set_working_fdt_addr
 .text.do_fdt   0x0000000080804acc      0xa84 cmd/built-in.o
 .text.do_size_wrapper
                0x0000000080805550        0xe cmd/built-in.o
 *fill*         0x000000008080555e        0x2 
 .text.do_load_wrapper
                0x0000000080805560       0x40 cmd/built-in.o
 .text.do_save_wrapper
                0x00000000808055a0        0xe cmd/built-in.o
 .text.do_ls_wrapper
                0x00000000808055ae        0xe cmd/built-in.o
 .text.do_fstype_wrapper
                0x00000000808055bc        0x4 cmd/built-in.o
 .text.gpio_get_description
                0x00000000808055c0       0x84 cmd/built-in.o
 .text.do_gpio  0x0000000080805644      0x21c cmd/built-in.o
 .text.do_i2c   0x0000000080805860       0x3c cmd/built-in.o
 .text.show_bus
                0x000000008080589c       0x64 cmd/built-in.o
 .text.i2c_get_cur_bus
                0x0000000080805900       0x48 cmd/built-in.o
 .text.do_i2c_bus_speed
                0x0000000080805948       0x64 cmd/built-in.o
 .text.do_i2c_reset
                0x00000000808059ac       0x24 cmd/built-in.o
 .text.i2c_get_cur_bus_chip
                0x00000000808059d0       0x1e cmd/built-in.o
 *fill*         0x00000000808059ee        0x2 
 .text.do_i2c_probe
                0x00000000808059f0       0x74 cmd/built-in.o
 .text.do_i2c_olen
                0x0000000080805a64       0x74 cmd/built-in.o
 .text.do_i2c_flags
                0x0000000080805ad8       0x78 cmd/built-in.o
 .text.do_i2c_show_bus
                0x0000000080805b50       0x6c cmd/built-in.o
 .text.get_alen.constprop.12
                0x0000000080805bbc       0x1e cmd/built-in.o
 *fill*         0x0000000080805bda        0x2 
 .text.do_i2c_crc
                0x0000000080805bdc       0xe4 cmd/built-in.o
 .text.mod_i2c_mem.isra.7.part.8
                0x0000000080805cc0      0x154 cmd/built-in.o
 .text.do_i2c_nm
                0x0000000080805e14       0x12 cmd/built-in.o
 *fill*         0x0000000080805e26        0x2 
 .text.do_i2c_md
                0x0000000080805e28      0x164 cmd/built-in.o
 .text.do_i2c_read
                0x0000000080805f8c       0x90 cmd/built-in.o
 .text.do_i2c_mw
                0x000000008080601c       0xbc cmd/built-in.o
 .text.do_i2c_write
                0x00000000808060d8      0x104 cmd/built-in.o
 .text.do_i2c_loop
                0x00000000808061dc       0xbc cmd/built-in.o
 .text.do_i2c_mm
                0x0000000080806298       0x12 cmd/built-in.o
 *fill*         0x00000000808062aa        0x2 
 .text.do_i2c_bus_num
                0x00000000808062ac       0x70 cmd/built-in.o
 .text.evalexp  0x000000008080631c       0x4c cmd/built-in.o
 .text.evalstr  0x0000000080806368       0x3c cmd/built-in.o
 .text.binary_test
                0x00000000808063a4      0x100 cmd/built-in.o
 .text.do_itest
                0x00000000808064a4       0x4c cmd/built-in.o
 .text.bin_data_init
                0x00000000808064f0       0x1c cmd/built-in.o
 .text.k_data_save
                0x000000008080650c       0x34 cmd/built-in.o
 .text.k_data_restore
                0x0000000080806540       0x34 cmd/built-in.o
 .text.getcxmodem
                0x0000000080806574       0x16 cmd/built-in.o
 *fill*         0x000000008080658a        0x2 
 .text.load_serial_ymodem
                0x000000008080658c       0x90 cmd/built-in.o
 .text.bin_data_char
                0x000000008080661c       0x1c cmd/built-in.o
 .text.chk1.constprop.1
                0x0000000080806638       0x20 cmd/built-in.o
 .text.s1_sendpacket.constprop.2
                0x0000000080806658       0x34 cmd/built-in.o
 .text.load_serial
                0x000000008080668c      0x12c cmd/built-in.o
 .text.do_load_serial
                0x00000000808067b8       0x8c cmd/built-in.o
 .text.do_load_serial_bin
                0x0000000080806844      0x508 cmd/built-in.o
 .text.do_mem_md
                0x0000000080806d4c       0xa0 cmd/built-in.o
 .text.do_mem_base
                0x0000000080806dec       0x28 cmd/built-in.o
 .text.do_mem_crc
                0x0000000080806e14       0x2c cmd/built-in.o
 .text.do_mem_mw
                0x0000000080806e40       0x7c cmd/built-in.o
 .text.do_mem_loop
                0x0000000080806ebc       0x82 cmd/built-in.o
 *fill*         0x0000000080806f3e        0x2 
 .text.mod_mem.isra.2.part.3
                0x0000000080806f40       0xe8 cmd/built-in.o
 .text.do_mem_mm
                0x0000000080807028       0x12 cmd/built-in.o
 *fill*         0x000000008080703a        0x2 
 .text.do_mem_cp
                0x000000008080703c       0x70 cmd/built-in.o
 .text.do_mem_cmp
                0x00000000808070ac      0x100 cmd/built-in.o
 .text.do_mem_nm
                0x00000000808071ac       0x12 cmd/built-in.o
 .text.extract_range
                0x00000000808071be       0x7a cmd/built-in.o
 .text.do_mii   0x0000000080807238      0x608 cmd/built-in.o
 .text.do_mdio  0x0000000080807840      0x300 cmd/built-in.o
 .text.do_sleep
                0x0000000080807b40       0x88 cmd/built-in.o
 .text.do_mmcops
                0x0000000080807bc8       0x84 cmd/built-in.o
 .text.init_mmc_device
                0x0000000080807c4c       0x38 cmd/built-in.o
 .text.do_mmc_rescan
                0x0000000080807c84       0x18 cmd/built-in.o
 .text.do_mmc_hwpartition
                0x0000000080807c9c      0x390 cmd/built-in.o
 .text.do_mmc_list
                0x000000008080802c        0xc cmd/built-in.o
 .text.do_mmc_dev
                0x0000000080808038       0xc4 cmd/built-in.o
 .text.do_mmcinfo
                0x00000000808080fc      0x2bc cmd/built-in.o
 .text.do_mmc_setdsr
                0x00000000808083b8       0x70 cmd/built-in.o
 .text.do_mmc_read
                0x0000000080808428       0x94 cmd/built-in.o
 .text.do_mmc_part
                0x00000000808084bc       0x38 cmd/built-in.o
 .text.do_mmc_erase
                0x00000000808084f4       0xa0 cmd/built-in.o
 .text.do_mmc_write
                0x0000000080808594       0xb0 cmd/built-in.o
 .text.netboot_common
                0x0000000080808644      0x1ec cmd/built-in.o
 .text.do_bootp
                0x0000000080808830        0x8 cmd/built-in.o
 .text.do_dhcp  0x0000000080808838        0x8 cmd/built-in.o
 .text.do_nfs   0x0000000080808840        0x8 cmd/built-in.o
 .text.do_tftpb
                0x0000000080808848       0x26 cmd/built-in.o
                0x0000000080808848                do_tftpb
 *fill*         0x000000008080886e        0x2 
 .text.do_ping  0x0000000080808870       0x48 cmd/built-in.o
 .text.efi_dump_single_var
                0x00000000808088b8       0xd4 cmd/built-in.o
 .text.do_env_print_efi
                0x000000008080898c      0x114 cmd/built-in.o
                0x000000008080898c                do_env_print_efi
 .text.do_env_set_efi
                0x0000000080808aa0      0x26c cmd/built-in.o
                0x0000000080808aa0                do_env_set_efi
 .text.do_part_list
                0x0000000080808d0c       0xf0 cmd/built-in.o
 .text.do_part_info
                0x0000000080808dfc       0x9c cmd/built-in.o
 .text.do_part  0x0000000080808e98       0xa8 cmd/built-in.o
 .text.eol_or_eof
                0x0000000080808f40       0x12 cmd/built-in.o
 *fill*         0x0000000080808f52        0x2 
 .text.do_pxe   0x0000000080808f54       0x48 cmd/built-in.o
 .text.label_print
                0x0000000080808f9c       0x14 cmd/built-in.o
 .text.do_get_tftp
                0x0000000080808fb0       0x2c cmd/built-in.o
 .text.from_env
                0x0000000080808fdc       0x1c cmd/built-in.o
 .text.get_string
                0x0000000080808ff8       0x7c cmd/built-in.o
 .text.label_destroy
                0x0000000080809074       0x46 cmd/built-in.o
 .text.destroy_pxe_menu
                0x00000000808090ba       0x36 cmd/built-in.o
 .text.get_token
                0x00000000808090f0       0x98 cmd/built-in.o
 .text.parse_sliteral
                0x0000000080809188       0x34 cmd/built-in.o
 .text.parse_integer
                0x00000000808091bc       0x44 cmd/built-in.o
 .text.do_get_any
                0x0000000080809200       0x2c cmd/built-in.o
 .text.do_get_fat
                0x000000008080922c       0x28 cmd/built-in.o
 .text.do_get_ext2
                0x0000000080809254       0x28 cmd/built-in.o
 .text.format_mac_pxe.constprop.7
                0x000000008080927c       0x54 cmd/built-in.o
 .text.get_relfile
                0x00000000808092d0       0xcc cmd/built-in.o
 .text.get_pxe_file
                0x000000008080939c       0x3c cmd/built-in.o
 .text.handle_include
                0x00000000808093d8       0x68 cmd/built-in.o
 .text.parse_pxefile_top
                0x0000000080809440      0x334 cmd/built-in.o
 .text.parse_pxefile
                0x0000000080809774       0x42 cmd/built-in.o
 *fill*         0x00000000808097b6        0x2 
 .text.get_pxelinux_path
                0x00000000808097b8       0x50 cmd/built-in.o
 .text.do_pxe_get
                0x0000000080809808       0xec cmd/built-in.o
 .text.get_relfile_envaddr
                0x00000000808098f4       0x34 cmd/built-in.o
 .text.label_boot
                0x0000000080809928      0x414 cmd/built-in.o
 .text.handle_pxe_menu
                0x0000000080809d3c       0xe8 cmd/built-in.o
 .text.do_pxe_boot
                0x0000000080809e24       0x94 cmd/built-in.o
 .text.do_sysboot
                0x0000000080809eb8      0x13c cmd/built-in.o
 .text.bytes_per_second
                0x0000000080809ff4       0x34 cmd/built-in.o
 .text.do_spi_flash
                0x000000008080a028      0x618 cmd/built-in.o
 .text.substitute
                0x000000008080a640       0x98 cmd/built-in.o
 .text.get_arg  0x000000008080a6d8       0x34 cmd/built-in.o
 .text.regex_sub.part.1
                0x000000008080a70c      0x20c cmd/built-in.o
 .text.do_setexpr
                0x000000008080a918       0xf0 cmd/built-in.o
 .text.do_spi   0x000000008080aa08      0x1a8 cmd/built-in.o
                0x000000008080aa08                do_spi
 .text.do_time  0x000000008080abb0       0x98 cmd/built-in.o
 .text.do_false
                0x000000008080ac48        0x4 cmd/built-in.o
 .text.do_true  0x000000008080ac4c        0x4 cmd/built-in.o
 .text.do_test  0x000000008080ac50      0x200 cmd/built-in.o
 .text.usb_get_class_desc
                0x000000008080ae50       0x7c cmd/built-in.o
 .text.usb_find_device
                0x000000008080aecc       0x1e cmd/built-in.o
 *fill*         0x000000008080aeea        0x2 
 .text.usb_show_tree_graph
                0x000000008080aeec      0x174 cmd/built-in.o
 .text.usb_display_class_sub
                0x000000008080b060       0xf8 cmd/built-in.o
 .text.usb_display_desc
                0x000000008080b158       0xf4 cmd/built-in.o
 .text.usb_display_string
                0x000000008080b24c       0x2c cmd/built-in.o
 .text.usb_display_config
                0x000000008080b278      0x1ac cmd/built-in.o
 .text.do_usbboot
                0x000000008080b424        0xc cmd/built-in.o
 .text.do_usb_start
                0x000000008080b430       0x20 cmd/built-in.o
 .text.usb_show_tree
                0x000000008080b450       0x30 cmd/built-in.o
                0x000000008080b450                usb_show_tree
 .text.do_usb   0x000000008080b480      0x2ac cmd/built-in.o
 .text.common_diskboot
                0x000000008080b72c      0x1c8 cmd/built-in.o
                0x000000008080b72c                common_diskboot
 .text.do_fastboot
                0x000000008080b8f4      0x130 cmd/built-in.o
 .text.do_imgextract
                0x000000008080ba24      0x294 cmd/built-in.o
 .text.do_spl   0x000000008080bcb8      0x144 cmd/built-in.o
 .text.do_dfu   0x000000008080bdfc       0x84 cmd/built-in.o
 .text.extract_val
                0x000000008080be80       0x58 cmd/built-in.o
 .text.extract_env
                0x000000008080bed8       0xa0 cmd/built-in.o
 .text.set_gpt_info.isra.0.constprop.2
                0x000000008080bf78      0x348 cmd/built-in.o
 .text.do_gpt   0x000000008080c2c0      0x208 cmd/built-in.o
 .text.do_env_delete
                0x000000008080c4c8       0x68 cmd/built-in.o
 .text._do_env_set
                0x000000008080c530      0x138 cmd/built-in.o
 .text.do_env_set
                0x000000008080c668       0x16 cmd/built-in.o
 *fill*         0x000000008080c67e        0x2 
 .text.do_env_ask
                0x000000008080c680      0x100 cmd/built-in.o
                0x000000008080c680                do_env_ask
 .text.do_env_save
                0x000000008080c780        0xe cmd/built-in.o
 *fill*         0x000000008080c78e        0x2 
 .text.do_env   0x000000008080c790       0x3c cmd/built-in.o
 .text.env_print
                0x000000008080c7cc       0x78 cmd/built-in.o
 .text.do_env_print
                0x000000008080c844       0x8c cmd/built-in.o
 .text.do_env_import
                0x000000008080c8d0      0x1a8 cmd/built-in.o
 .text.do_env_default
                0x000000008080ca78       0x5c cmd/built-in.o
 .text.do_env_exists
                0x000000008080cad4       0x40 cmd/built-in.o
 .text.get_env_id
                0x000000008080cb14        0xc cmd/built-in.o
                0x000000008080cb14                get_env_id
 .text.env_set  0x000000008080cb20       0x44 cmd/built-in.o
                0x000000008080cb20                env_set
 .text.env_set_ulong
                0x000000008080cb64       0x16 cmd/built-in.o
                0x000000008080cb64                env_set_ulong
 *fill*         0x000000008080cb7a        0x2 
 .text.env_set_hex
                0x000000008080cb7c       0x20 cmd/built-in.o
                0x000000008080cb7c                env_set_hex
 .text.do_env_export
                0x000000008080cb9c      0x158 cmd/built-in.o
 .text.eth_parse_enetaddr
                0x000000008080ccf4       0x30 cmd/built-in.o
                0x000000008080ccf4                eth_parse_enetaddr
 .text.envmatch
                0x000000008080cd24       0x4a cmd/built-in.o
                0x000000008080cd24                envmatch
 *fill*         0x000000008080cd6e        0x2 
 .text.env_get_f
                0x000000008080cd70       0x88 cmd/built-in.o
                0x000000008080cd70                env_get_f
 .text.env_get  0x000000008080cdf8       0x54 cmd/built-in.o
                0x000000008080cdf8                env_get
 .text.env_get_hex
                0x000000008080ce4c       0x20 cmd/built-in.o
                0x000000008080ce4c                env_get_hex
 .text.eth_env_get_enetaddr
                0x000000008080ce6c       0x34 cmd/built-in.o
                0x000000008080ce6c                eth_env_get_enetaddr
 .text.eth_env_set_enetaddr
                0x000000008080cea0       0x30 cmd/built-in.o
                0x000000008080cea0                eth_env_set_enetaddr
 .text.env_get_ulong
                0x000000008080ced0       0x1c cmd/built-in.o
                0x000000008080ced0                env_get_ulong
 .text.do_env_edit.part.3
                0x000000008080ceec       0x70 cmd/built-in.o
 .text.do_env_edit
                0x000000008080cf5c       0x1c cmd/built-in.o
 .text.board_init_f_alloc_reserve
                0x000000008080cf78        0xa common/built-in.o
                0x000000008080cf78                board_init_f_alloc_reserve
 .text.board_init_f_init_reserve
                0x000000008080cf82       0x14 common/built-in.o
                0x000000008080cf82                board_init_f_init_reserve
 .text.show_boot_progress
                0x000000008080cf96        0x4 common/built-in.o
                0x000000008080cf96                show_boot_progress
 *fill*         0x000000008080cf9a        0x2 
 .text.main_loop
                0x000000008080cf9c       0x44 common/built-in.o
                0x000000008080cf9c                main_loop
 .text.mdelay   0x000000008080cfe0        0xa common/built-in.o
 .text.dummy    0x000000008080cfea        0x2 common/built-in.o
 .text.get_version
                0x000000008080cfec        0x4 common/built-in.o
                0x000000008080cfec                get_version
 .text.jumptable_init
                0x000000008080cff0      0x188 common/built-in.o
                0x000000008080cff0                jumptable_init
 .text.hash_finish_crc32
                0x000000008080d178       0x1c common/built-in.o
 .text.hash_finish_crc16_ccitt
                0x000000008080d194       0x1c common/built-in.o
 .text.hash_update_crc32
                0x000000008080d1b0       0x14 common/built-in.o
 .text.hash_init_crc32
                0x000000008080d1c4       0x14 common/built-in.o
 .text.hash_init_crc16_ccitt
                0x000000008080d1d8       0x14 common/built-in.o
 .text.hash_update_crc16_ccitt
                0x000000008080d1ec       0x14 common/built-in.o
 .text.hash_finish_sha256
                0x000000008080d200       0x22 common/built-in.o
 .text.hash_update_sha256
                0x000000008080d222       0x10 common/built-in.o
 .text.hash_init_sha256
                0x000000008080d232       0x16 common/built-in.o
 .text.hash_finish_sha1
                0x000000008080d248       0x22 common/built-in.o
 .text.hash_update_sha1
                0x000000008080d26a       0x10 common/built-in.o
 .text.hash_init_sha1
                0x000000008080d27a       0x16 common/built-in.o
 .text.hash_lookup_algo
                0x000000008080d290       0x38 common/built-in.o
                0x000000008080d290                hash_lookup_algo
 .text.hash_command
                0x000000008080d2c8      0x12c common/built-in.o
                0x000000008080d2c8                hash_command
 .text.b_reset  0x000000008080d3f4        0xe common/built-in.o
 .text.static_get
                0x000000008080d402       0x12 common/built-in.o
 .text.static_peek
                0x000000008080d414        0x6 common/built-in.o
 *fill*         0x000000008080d41a        0x2 
 .text.mapset   0x000000008080d41c       0x14 common/built-in.o
 .text.syntax_err
                0x000000008080d430        0xc common/built-in.o
 .text.free_pipe_list
                0x000000008080d43c       0x90 common/built-in.o
 .text.xmalloc  0x000000008080d4cc       0x18 common/built-in.o
 .text.new_pipe
                0x000000008080d4e4       0x16 common/built-in.o
 *fill*         0x000000008080d4fa        0x2 
 .text.xrealloc
                0x000000008080d4fc       0x18 common/built-in.o
 .text.done_command
                0x000000008080d514       0x42 common/built-in.o
 .text.done_pipe
                0x000000008080d556       0x2c common/built-in.o
 *fill*         0x000000008080d582        0x2 
 .text.done_word
                0x000000008080d584      0x1c0 common/built-in.o
 .text.is_assignment
                0x000000008080d744       0x2c common/built-in.o
 .text.file_get
                0x000000008080d770      0x140 common/built-in.o
 .text.do_showvar
                0x000000008080d8b0       0x9c common/built-in.o
 .text.b_addchr
                0x000000008080d94c       0x42 common/built-in.o
 *fill*         0x000000008080d98e        0x2 
 .text.b_addqchr
                0x000000008080d990       0x30 common/built-in.o
 .text.file_peek
                0x000000008080d9c0        0x6 common/built-in.o
 *fill*         0x000000008080d9c6        0x2 
 .text.get_local_var
                0x000000008080d9c8       0x58 common/built-in.o
                0x000000008080d9c8                get_local_var
 .text.set_local_var
                0x000000008080da20      0x10c common/built-in.o
                0x000000008080da20                set_local_var
 .text.insert_var_value_sub
                0x000000008080db2c      0x1c4 common/built-in.o
 .text.parse_string_outer
                0x000000008080dcf0       0x90 common/built-in.o
                0x000000008080dcf0                parse_string_outer
 .text.run_list_real
                0x000000008080dd80      0x4e4 common/built-in.o
 .text.parse_stream_outer
                0x000000008080e264      0x424 common/built-in.o
 .text.parse_file_outer
                0x000000008080e688       0x2c common/built-in.o
                0x000000008080e688                parse_file_outer
 .text.u_boot_hush_start
                0x000000008080e6b4       0x30 common/built-in.o
                0x000000008080e6b4                u_boot_hush_start
 .text.multiboot
                0x000000008080e6e4      0x214 common/built-in.o
                0x000000008080e6e4                multiboot
 .text.bootdelay_process
                0x000000008080e8f8       0xfc common/built-in.o
                0x000000008080e8f8                bootdelay_process
 .text.autoboot_command
                0x000000008080e9f4       0xf0 common/built-in.o
                0x000000008080e9f4                autoboot_command
 .text.log_init
                0x000000008080eae4        0x8 common/built-in.o
 .text.display_text_info
                0x000000008080eaec        0x4 common/built-in.o
 .text.setup_mon_len
                0x000000008080eaf0       0x18 common/built-in.o
 .text.arch_cpu_init
                0x000000008080eb08        0x4 common/built-in.o
                0x000000008080eb08                arch_cpu_init
 .text.reserve_round_4k
                0x000000008080eb0c       0x14 common/built-in.o
 .text.reserve_mmu
                0x000000008080eb20       0x2e common/built-in.o
                0x000000008080eb20                reserve_mmu
 .text.reserve_uboot
                0x000000008080eb4e       0x30 common/built-in.o
 .text.reserve_malloc
                0x000000008080eb7e       0x14 common/built-in.o
 .text.setup_machine
                0x000000008080eb92        0xe common/built-in.o
 .text.reserve_global_data
                0x000000008080eba0       0x16 common/built-in.o
 .text.init_func_watchdog_reset
                0x000000008080ebb6        0xa common/built-in.o
                0x000000008080ebb6                init_func_watchdog_reset
 .text.setup_reloc
                0x000000008080ebc0       0x26 common/built-in.o
 .text.reserve_board
                0x000000008080ebe6       0x28 common/built-in.o
 *fill*         0x000000008080ec0e        0x2 
 .text.announce_dram_init
                0x000000008080ec10       0x10 common/built-in.o
 .text.init_baud_rate
                0x000000008080ec20       0x1c common/built-in.o
 .text.initf_dm
                0x000000008080ec3c        0x6 common/built-in.o
 .text.initf_bootstage
                0x000000008080ec42        0xc common/built-in.o
 .text.setup_spl_handoff
                0x000000008080ec4e        0x4 common/built-in.o
 .text.mach_cpu_init
                0x000000008080ec52        0x4 common/built-in.o
                0x000000008080ec52                mach_cpu_init
 .text.reserve_video
                0x000000008080ec56        0x4 common/built-in.o
 .text.reserve_trace
                0x000000008080ec5a        0x4 common/built-in.o
 .text.reserve_fdt
                0x000000008080ec5e        0x4 common/built-in.o
 .text.reserve_bootstage
                0x000000008080ec62        0x4 common/built-in.o
 .text.reserve_bloblist
                0x000000008080ec66        0x4 common/built-in.o
 .text.display_new_sp
                0x000000008080ec6a        0x4 common/built-in.o
 .text.reloc_fdt
                0x000000008080ec6e        0x4 common/built-in.o
 .text.reloc_bootstage
                0x000000008080ec72        0x4 common/built-in.o
 .text.reloc_bloblist
                0x000000008080ec76        0x4 common/built-in.o
 .text.initf_console_record
                0x000000008080ec7a        0x4 common/built-in.o
 .text.reserve_arch
                0x000000008080ec7e        0x4 common/built-in.o
                0x000000008080ec7e                reserve_arch
 .text.init_func_watchdog_init
                0x000000008080ec82        0xa common/built-in.o
 .text.coloured_LED_init
                0x000000008080ec8c        0x2 common/built-in.o
                0x000000008080ec8c                coloured_LED_init
 .text.red_led_on
                0x000000008080ec8e        0x2 common/built-in.o
                0x000000008080ec8e                red_led_on
 .text.board_add_ram_info
                0x000000008080ec90        0x2 common/built-in.o
                0x000000008080ec90                board_add_ram_info
 *fill*         0x000000008080ec92        0x2 
 .text.show_dram_config
                0x000000008080ec94       0x38 common/built-in.o
 .text.board_get_usable_ram_top
                0x000000008080eccc       0x10 common/built-in.o
                0x000000008080eccc                board_get_usable_ram_top
 .text.setup_dest_addr
                0x000000008080ecdc       0x30 common/built-in.o
 .text.reserve_stacks
                0x000000008080ed0c       0x1a common/built-in.o
 *fill*         0x000000008080ed26        0x2 
 .text.board_init_f
                0x000000008080ed28       0x4c common/built-in.o
                0x000000008080ed28                board_init_f
 .text.initr_trace
                0x000000008080ed74        0x4 common/built-in.o
 .text.initr_reloc
                0x000000008080ed78       0x14 common/built-in.o
 .text.run_main_loop
                0x000000008080ed8c        0x8 common/built-in.o
 .text.initr_net
                0x000000008080ed94       0x14 common/built-in.o
 .text.initr_ethaddr
                0x000000008080eda8       0x18 common/built-in.o
 .text.initr_enable_interrupts
                0x000000008080edc0        0xa common/built-in.o
 .text.initr_jumptable
                0x000000008080edca        0xa common/built-in.o
 .text.initr_env
                0x000000008080edd4       0x48 common/built-in.o
 .text.initr_mmc
                0x000000008080ee1c       0x18 common/built-in.o
 .text.initr_serial
                0x000000008080ee34        0xa common/built-in.o
 .text.initr_dm
                0x000000008080ee3e       0x12 common/built-in.o
 .text.initr_bootstage
                0x000000008080ee50        0xc common/built-in.o
 .text.initr_malloc
                0x000000008080ee5c       0x1c common/built-in.o
 .text.initr_reloc_global_data
                0x000000008080ee78       0x44 common/built-in.o
 .text.initr_caches
                0x000000008080eebc        0xa common/built-in.o
 .text.bootstage_relocate
                0x000000008080eec6        0x4 common/built-in.o
 .text.initr_barrier
                0x000000008080eeca        0x4 common/built-in.o
 .text.initr_console_record
                0x000000008080eece        0x4 common/built-in.o
 .text.power_init_board
                0x000000008080eed2        0x4 common/built-in.o
                0x000000008080eed2                power_init_board
 .text.initr_announce
                0x000000008080eed6        0x4 common/built-in.o
 .text.cpu_secondary_init_r
                0x000000008080eeda        0x2 common/built-in.o
                0x000000008080eeda                cpu_secondary_init_r
 .text.initr_secondary_cpu
                0x000000008080eedc        0xa common/built-in.o
 *fill*         0x000000008080eee6        0x2 
 .text.board_init_r
                0x000000008080eee8       0x4c common/built-in.o
                0x000000008080eee8                board_init_r
 .text.checkboard
                0x000000008080ef34        0x4 common/built-in.o
                0x000000008080ef34                checkboard
 .text.show_board_info
                0x000000008080ef38       0x2c common/built-in.o
                0x000000008080ef38                show_board_info
 .text.bootm_find_images
                0x000000008080ef64       0x88 common/built-in.o
                0x000000008080ef64                bootm_find_images
 .text.bootm_decomp_image
                0x000000008080efec       0xfc common/built-in.o
                0x000000008080efec                bootm_decomp_image
 .text.bootm_disable_interrupts
                0x000000008080f0e8       0x10 common/built-in.o
                0x000000008080f0e8                bootm_disable_interrupts
 .text.do_bootm_states
                0x000000008080f0f8      0x690 common/built-in.o
                0x000000008080f0f8                do_bootm_states
 .text.switch_to_non_secure_mode
                0x000000008080f788        0x2 common/built-in.o
                0x000000008080f788                switch_to_non_secure_mode
 .text.copy_args
                0x000000008080f78a       0x36 common/built-in.o
 .text.do_bootm_rtems
                0x000000008080f7c0       0x30 common/built-in.o
 .text.do_bootm_vxworks
                0x000000008080f7f0       0xdc common/built-in.o
                0x000000008080f7f0                do_bootm_vxworks
 .text.do_bootm_plan9
                0x000000008080f8cc       0x70 common/built-in.o
 .text.do_bootm_standalone
                0x000000008080f93c       0x40 common/built-in.o
 .text.do_bootm_qnxelf
                0x000000008080f97c       0x50 common/built-in.o
 .text.do_bootm_netbsd
                0x000000008080f9cc       0xac common/built-in.o
 .text.arch_preboot_os
                0x000000008080fa78        0x2 common/built-in.o
                0x000000008080fa78                arch_preboot_os
 .text.board_preboot_os
                0x000000008080fa7a        0x2 common/built-in.o
                0x000000008080fa7a                board_preboot_os
 .text.boot_selected_os
                0x000000008080fa7c       0x3e common/built-in.o
                0x000000008080fa7c                boot_selected_os
 *fill*         0x000000008080faba        0x2 
 .text.bootm_os_get_boot_func
                0x000000008080fabc        0xc common/built-in.o
                0x000000008080fabc                bootm_os_get_boot_func
 .text.of_bus_default_map
                0x000000008080fac8       0x80 common/built-in.o
 .text.of_bus_default_translate
                0x000000008080fb48       0x68 common/built-in.o
 .text.fdt_support_default_count_cells
                0x000000008080fbb0       0x34 common/built-in.o
                0x000000008080fbb0                fdt_support_default_count_cells
 .text.fdt_find_and_setprop
                0x000000008080fbe4       0x46 common/built-in.o
                0x000000008080fbe4                fdt_find_and_setprop
 *fill*         0x000000008080fc2a        0x2 
 .text.fdt_find_or_add_subnode
                0x000000008080fc2c       0x40 common/built-in.o
                0x000000008080fc2c                fdt_find_or_add_subnode
 .text.fdt_root
                0x000000008080fc6c       0x60 common/built-in.o
                0x000000008080fc6c                fdt_root
 .text.fdt_initrd
                0x000000008080fccc      0x120 common/built-in.o
                0x000000008080fccc                fdt_initrd
 .text.fdt_chosen
                0x000000008080fdec       0x6c common/built-in.o
                0x000000008080fdec                fdt_chosen
 .text.do_fixup_by_path
                0x000000008080fe58       0x34 common/built-in.o
                0x000000008080fe58                do_fixup_by_path
 .text.fdt_fixup_memory_banks
                0x000000008080fe8c      0x190 common/built-in.o
                0x000000008080fe8c                fdt_fixup_memory_banks
 .text.fdt_fixup_memory
                0x000000008081001c       0x16 common/built-in.o
                0x000000008081001c                fdt_fixup_memory
 *fill*         0x0000000080810032        0x2 
 .text.fdt_fixup_ethernet
                0x0000000080810034      0x10c common/built-in.o
                0x0000000080810034                fdt_fixup_ethernet
 .text.fdt_shrink_to_minimum
                0x0000000080810140       0x8e common/built-in.o
                0x0000000080810140                fdt_shrink_to_minimum
 *fill*         0x00000000808101ce        0x2 
 .text.fdt_translate_address
                0x00000000808101d0      0x16c common/built-in.o
                0x00000000808101d0                fdt_translate_address
 .text.fdt_overlay_apply_verbose
                0x000000008081033c       0x4c common/built-in.o
                0x000000008081033c                fdt_overlay_apply_verbose
 .text.miiphy_get_dev_by_name
                0x0000000080810388       0x34 common/built-in.o
                0x0000000080810388                miiphy_get_dev_by_name
 .text.miiphy_init
                0x00000000808103bc       0x18 common/built-in.o
                0x00000000808103bc                miiphy_init
 .text.mdio_alloc
                0x00000000808103d4       0x1c common/built-in.o
                0x00000000808103d4                mdio_alloc
 .text.mdio_free
                0x00000000808103f0        0x4 common/built-in.o
                0x00000000808103f0                mdio_free
 .text.mdio_register
                0x00000000808103f4       0x4c common/built-in.o
                0x00000000808103f4                mdio_register
 .text.mdio_list_devices
                0x0000000080810440       0x74 common/built-in.o
                0x0000000080810440                mdio_list_devices
 .text.miiphy_set_current_dev
                0x00000000808104b4       0x28 common/built-in.o
                0x00000000808104b4                miiphy_set_current_dev
 .text.miiphy_get_active_dev
                0x00000000808104dc       0x30 common/built-in.o
 .text.mdio_get_current_dev
                0x000000008081050c        0xc common/built-in.o
                0x000000008081050c                mdio_get_current_dev
 .text.mdio_phydev_for_ethname
                0x0000000080810518       0x50 common/built-in.o
                0x0000000080810518                mdio_phydev_for_ethname
 .text.miiphy_get_current_dev
                0x0000000080810568       0x10 common/built-in.o
                0x0000000080810568                miiphy_get_current_dev
 .text.miiphy_read
                0x0000000080810578       0x28 common/built-in.o
                0x0000000080810578                miiphy_read
 .text.miiphy_write
                0x00000000808105a0       0x24 common/built-in.o
                0x00000000808105a0                miiphy_write
 .text.miiphy_listdev
                0x00000000808105c4       0x54 common/built-in.o
                0x00000000808105c4                miiphy_listdev
 .text.miiphy_info
                0x0000000080810618       0x5c common/built-in.o
                0x0000000080810618                miiphy_info
 .text.miiphy_speed
                0x0000000080810674       0x80 common/built-in.o
                0x0000000080810674                miiphy_speed
 .text.miiphy_duplex
                0x00000000808106f4       0x7c common/built-in.o
                0x00000000808106f4                miiphy_duplex
 .text.miiphy_is_1000base_x
                0x0000000080810770        0x4 common/built-in.o
                0x0000000080810770                miiphy_is_1000base_x
 .text.usb_set_maxpacket_ep
                0x0000000080810774       0x56 common/built-in.o
 *fill*         0x00000000808107ca        0x2 
 .text.usb_stop
                0x00000000808107cc       0x38 common/built-in.o
                0x00000000808107cc                usb_stop
 .text.usb_disable_asynch
                0x0000000080810804       0x14 common/built-in.o
                0x0000000080810804                usb_disable_asynch
 .text.usb_control_msg
                0x0000000080810818       0x84 common/built-in.o
                0x0000000080810818                usb_control_msg
 .text.usb_get_descriptor
                0x000000008081089c       0x36 common/built-in.o
 *fill*         0x00000000808108d2        0x2 
 .text.get_descriptor_len
                0x00000000808108d4       0x60 common/built-in.o
 .text.usb_setup_descriptor
                0x0000000080810934       0x84 common/built-in.o
 .text.usb_get_string
                0x00000000808109b8       0x50 common/built-in.o
 .text.usb_string_sub
                0x0000000080810a08       0x90 common/built-in.o
 .text.usb_bulk_msg
                0x0000000080810a98       0x4a common/built-in.o
                0x0000000080810a98                usb_bulk_msg
 .text.usb_maxpacket
                0x0000000080810ae2       0x14 common/built-in.o
                0x0000000080810ae2                usb_maxpacket
 .text.usb_clear_halt
                0x0000000080810af6       0x5c common/built-in.o
                0x0000000080810af6                usb_clear_halt
 *fill*         0x0000000080810b52        0x2 
 .text.usb_get_configuration_len
                0x0000000080810b54       0x50 common/built-in.o
                0x0000000080810b54                usb_get_configuration_len
 .text.usb_get_configuration_no
                0x0000000080810ba4       0x1c common/built-in.o
                0x0000000080810ba4                usb_get_configuration_no
 .text.usb_set_interface
                0x0000000080810bc0       0x7c common/built-in.o
                0x0000000080810bc0                usb_set_interface
 .text.usb_string
                0x0000000080810c3c       0x9c common/built-in.o
                0x0000000080810c3c                usb_string
 .text.usb_get_dev_index
                0x0000000080810cd8       0x18 common/built-in.o
                0x0000000080810cd8                usb_get_dev_index
 .text.usb_alloc_new_device
                0x0000000080810cf0       0x68 common/built-in.o
                0x0000000080810cf0                usb_alloc_new_device
 .text.usb_free_device
                0x0000000080810d58       0x30 common/built-in.o
                0x0000000080810d58                usb_free_device
 .text.usb_alloc_device
                0x0000000080810d88        0x4 common/built-in.o
                0x0000000080810d88                usb_alloc_device
 .text.usb_select_config
                0x0000000080810d8c      0x314 common/built-in.o
                0x0000000080810d8c                usb_select_config
 .text.usb_setup_device
                0x00000000808110a0       0xa4 common/built-in.o
                0x00000000808110a0                usb_setup_device
 .text.usb_new_device
                0x0000000080811144       0x1e common/built-in.o
                0x0000000080811144                usb_new_device
 *fill*         0x0000000080811162        0x2 
 .text.usb_init
                0x0000000080811164       0xdc common/built-in.o
                0x0000000080811164                usb_init
 .text.board_usb_init
                0x0000000080811240        0x4 common/built-in.o
                0x0000000080811240                board_usb_init
 .text.board_usb_cleanup
                0x0000000080811244        0x4 common/built-in.o
                0x0000000080811244                board_usb_cleanup
 .text.usb_device_has_child_on_port
                0x0000000080811248       0x10 common/built-in.o
                0x0000000080811248                usb_device_has_child_on_port
 .text.usb_find_usb2_hub_address_port
                0x0000000080811258       0x38 common/built-in.o
                0x0000000080811258                usb_find_usb2_hub_address_port
 .text.usb_set_port_feature
                0x0000000080811290       0x2e common/built-in.o
 .text.usb_clear_port_feature
                0x00000000808112be       0x2e common/built-in.o
 .text.usb_get_hub_descriptor
                0x00000000808112ec       0x42 common/built-in.o
 .text.usb_hub_reset_devices
                0x000000008081132e        0x2 common/built-in.o
                0x000000008081132e                usb_hub_reset_devices
 .text.usb_get_port_status
                0x0000000080811330       0x30 common/built-in.o
                0x0000000080811330                usb_get_port_status
 .text.usb_hub_reset
                0x0000000080811360       0x18 common/built-in.o
                0x0000000080811360                usb_hub_reset
 .text.usb_hub_port_connect_change
                0x0000000080811378      0x138 common/built-in.o
                0x0000000080811378                usb_hub_port_connect_change
 .text.usb_hub_configure
                0x00000000808114b0      0x3c4 common/built-in.o
 .text.usb_hub_probe
                0x0000000080811874       0x3a common/built-in.o
                0x0000000080811874                usb_hub_probe
 .text.usb_stor_irq
                0x00000000808118ae       0x10 common/built-in.o
 *fill*         0x00000000808118be        0x2 
 .text.usb_stor_BBB_reset
                0x00000000808118c0       0x94 common/built-in.o
 .text.usb_stor_CB_reset
                0x0000000080811954       0x88 common/built-in.o
 .text.usb_stor_BBB_clear_endpt_stall.isra.3
                0x00000000808119dc       0x2c common/built-in.o
 .text.usb_stor_BBB_transport
                0x0000000080811a08      0x1b0 common/built-in.o
 .text.usb_stor_CB_comdat
                0x0000000080811bb8      0x154 common/built-in.o
 .text.usb_stor_CBI_get_status.isra.5
                0x0000000080811d0c       0x80 common/built-in.o
 .text.usb_stor_CB_transport
                0x0000000080811d8c      0x150 common/built-in.o
 .text.usb_request_sense.constprop.12
                0x0000000080811edc       0x4c common/built-in.o
 .text.usb_stor_read
                0x0000000080811f28       0xf4 common/built-in.o
 .text.usb_stor_write
                0x000000008081201c       0xf4 common/built-in.o
 .text.usb_stor_info
                0x0000000080812110       0x48 common/built-in.o
                0x0000000080812110                usb_stor_info
 .text.usb_storage_probe
                0x0000000080812158      0x160 common/built-in.o
                0x0000000080812158                usb_storage_probe
 .text.usb_stor_get_info
                0x00000000808122b8      0x224 common/built-in.o
                0x00000000808122b8                usb_stor_get_info
 .text.usb_stor_scan
                0x00000000808124dc      0x14c common/built-in.o
                0x00000000808124dc                usb_stor_scan
 .text.menu_display_statusline
                0x0000000080812628        0x2 common/built-in.o
                0x0000000080812628                menu_display_statusline
 .text.menu_default_set
                0x000000008081262a       0x4a common/built-in.o
                0x000000008081262a                menu_default_set
 .text.menu_get_choice
                0x0000000080812674      0x120 common/built-in.o
                0x0000000080812674                menu_get_choice
 .text.menu_item_add
                0x0000000080812794       0x7c common/built-in.o
                0x0000000080812794                menu_item_add
 .text.menu_create
                0x0000000080812810       0x52 common/built-in.o
                0x0000000080812810                menu_create
 .text.menu_destroy
                0x0000000080812862       0x44 common/built-in.o
                0x0000000080812862                menu_destroy
 *fill*         0x00000000808128a6        0x2 
 .text.update_tftp
                0x00000000808128a8      0x22c common/built-in.o
                0x00000000808128a8                update_tftp
 .text.delete_char.part.0
                0x0000000080812ad4       0x88 common/built-in.o
 .text.cread_add_char
                0x0000000080812b5c       0x80 common/built-in.o
 .text.cli_readline_into_buffer
                0x0000000080812bdc      0x65c common/built-in.o
                0x0000000080812bdc                cli_readline_into_buffer
 .text.cli_readline
                0x0000000080813238       0x10 common/built-in.o
                0x0000000080813238                cli_readline
 .text.cli_simple_process_macros
                0x0000000080813248      0x126 common/built-in.o
                0x0000000080813248                cli_simple_process_macros
 *fill*         0x000000008081336e        0x2 
 .text.console_setfile
                0x0000000080813370       0x74 common/built-in.o
 .text.fgetc.part.0
                0x00000000808133e4       0x28 common/built-in.o
 .text.getc     0x000000008081340c       0x1a common/built-in.o
                0x000000008081340c                getc
 *fill*         0x0000000080813426        0x2 
 .text.putc     0x0000000080813428       0x28 common/built-in.o
                0x0000000080813428                putc
 .text.puts     0x0000000080813450       0x28 common/built-in.o
                0x0000000080813450                puts
 .text.ftstc    0x0000000080813478       0x18 common/built-in.o
                0x0000000080813478                ftstc
 .text.tstc     0x0000000080813490       0x1a common/built-in.o
                0x0000000080813490                tstc
 *fill*         0x00000000808134aa        0x2 
 .text.fputs    0x00000000808134ac       0x14 common/built-in.o
                0x00000000808134ac                fputs
 .text.ctrlc    0x00000000808134c0       0x34 common/built-in.o
                0x00000000808134c0                ctrlc
 .text.disable_ctrlc
                0x00000000808134f4       0x10 common/built-in.o
                0x00000000808134f4                disable_ctrlc
 .text.had_ctrlc
                0x0000000080813504        0xc common/built-in.o
                0x0000000080813504                had_ctrlc
 .text.clear_ctrlc
                0x0000000080813510        0xc common/built-in.o
                0x0000000080813510                clear_ctrlc
 .text.search_device
                0x000000008081351c       0x16 common/built-in.o
                0x000000008081351c                search_device
 .text.console_assign
                0x0000000080813532       0x2a common/built-in.o
                0x0000000080813532                console_assign
 .text.on_console
                0x000000008081355c       0x6c common/built-in.o
 .text.console_init_f
                0x00000000808135c8        0xa common/built-in.o
                0x00000000808135c8                console_init_f
 *fill*         0x00000000808135d2        0x2 
 .text.console_init_r
                0x00000000808135d4       0x8c common/built-in.o
                0x00000000808135d4                console_init_r
 .text.sbrk     0x0000000080813660       0x40 common/built-in.o
                0x0000000080813660                sbrk
 .text.mem_malloc_init
                0x00000000808136a0       0x28 common/built-in.o
                0x00000000808136a0                mem_malloc_init
 .text.malloc_trim
                0x00000000808136c8       0x84 common/built-in.o
                0x00000000808136c8                malloc_trim
 .text.free     0x000000008081374c      0x164 common/built-in.o
                0x000000008081374c                free
 .text.malloc   0x00000000808138b0      0x424 common/built-in.o
                0x00000000808138b0                malloc
 .text.calloc   0x0000000080813cd4       0xb4 common/built-in.o
                0x0000000080813cd4                calloc
 .text.realloc  0x0000000080813d88      0x2d0 common/built-in.o
                0x0000000080813d88                realloc
 .text.memalign
                0x0000000080814058      0x11e common/built-in.o
                0x0000000080814058                memalign
 .text.initf_malloc
                0x0000000080814176       0x14 common/built-in.o
                0x0000000080814176                initf_malloc
 .text.alloc_simple
                0x000000008081418a       0x36 common/built-in.o
 .text.malloc_simple
                0x00000000808141c0        0x6 common/built-in.o
                0x00000000808141c0                malloc_simple
 *fill*         0x00000000808141c6        0x2 
 .text.on_loadaddr
                0x00000000808141c8       0x20 common/built-in.o
 .text.image_check_hcrc
                0x00000000808141e8       0x2a common/built-in.o
                0x00000000808141e8                image_check_hcrc
 .text.image_check_dcrc
                0x0000000080814212       0x22 common/built-in.o
                0x0000000080814212                image_check_dcrc
 .text.image_multi_count
                0x0000000080814234       0x12 common/built-in.o
                0x0000000080814234                image_multi_count
 .text.image_multi_getimg
                0x0000000080814246       0x4a common/built-in.o
                0x0000000080814246                image_multi_getimg
 .text.env_get_bootm_low
                0x0000000080814290       0x20 common/built-in.o
                0x0000000080814290                env_get_bootm_low
 .text.env_get_bootm_size
                0x00000000808142b0       0x44 common/built-in.o
                0x00000000808142b0                env_get_bootm_size
 .text.env_get_bootm_mapsize
                0x00000000808142f4       0x20 common/built-in.o
                0x00000000808142f4                env_get_bootm_mapsize
 .text.memmove_wd
                0x0000000080814314       0x48 common/built-in.o
                0x0000000080814314                memmove_wd
 .text.genimg_print_size
                0x000000008081435c       0x24 common/built-in.o
                0x000000008081435c                genimg_print_size
 .text.genimg_print_time
                0x0000000080814380       0x30 common/built-in.o
                0x0000000080814380                genimg_print_time
 .text.get_table_entry
                0x00000000808143b0       0x12 common/built-in.o
                0x00000000808143b0                get_table_entry
 .text.get_table_entry_name
                0x00000000808143c2       0x12 common/built-in.o
                0x00000000808143c2                get_table_entry_name
 .text.genimg_get_os_name
                0x00000000808143d4       0x14 common/built-in.o
                0x00000000808143d4                genimg_get_os_name
 .text.genimg_get_arch_name
                0x00000000808143e8       0x14 common/built-in.o
                0x00000000808143e8                genimg_get_arch_name
 .text.genimg_get_type_name
                0x00000000808143fc       0x14 common/built-in.o
                0x00000000808143fc                genimg_get_type_name
 .text.genimg_get_comp_name
                0x0000000080814410       0x14 common/built-in.o
                0x0000000080814410                genimg_get_comp_name
 .text.image_print_contents
                0x0000000080814424      0x128 common/built-in.o
                0x0000000080814424                image_print_contents
 .text.get_table_entry_id
                0x000000008081454c       0x26 common/built-in.o
                0x000000008081454c                get_table_entry_id
 *fill*         0x0000000080814572        0x2 
 .text.genimg_get_os_id
                0x0000000080814574       0x14 common/built-in.o
                0x0000000080814574                genimg_get_os_id
 .text.genimg_get_arch_id
                0x0000000080814588       0x14 common/built-in.o
                0x0000000080814588                genimg_get_arch_id
 .text.genimg_get_type_id
                0x000000008081459c       0x14 common/built-in.o
                0x000000008081459c                genimg_get_type_id
 .text.genimg_get_comp_id
                0x00000000808145b0       0x14 common/built-in.o
                0x00000000808145b0                genimg_get_comp_id
 .text.genimg_get_kernel_addr_fit
                0x00000000808145c4       0x3c common/built-in.o
                0x00000000808145c4                genimg_get_kernel_addr_fit
 .text.genimg_get_kernel_addr
                0x0000000080814600       0x16 common/built-in.o
                0x0000000080814600                genimg_get_kernel_addr
 *fill*         0x0000000080814616        0x2 
 .text.genimg_get_format
                0x0000000080814618       0x30 common/built-in.o
                0x0000000080814618                genimg_get_format
 .text.genimg_has_config
                0x0000000080814648        0xa common/built-in.o
                0x0000000080814648                genimg_has_config
 *fill*         0x0000000080814652        0x2 
 .text.boot_get_ramdisk
                0x0000000080814654      0x274 common/built-in.o
                0x0000000080814654                boot_get_ramdisk
 .text.boot_ramdisk_high
                0x00000000808148c8       0xc4 common/built-in.o
                0x00000000808148c8                boot_ramdisk_high
 .text.boot_get_setup
                0x000000008081498c        0x4 common/built-in.o
                0x000000008081498c                boot_get_setup
 .text.boot_get_loadable
                0x0000000080814990       0xe4 common/built-in.o
                0x0000000080814990                boot_get_loadable
 .text.image_setup_linux
                0x0000000080814a74       0x3a common/built-in.o
                0x0000000080814a74                image_setup_linux
 *fill*         0x0000000080814aae        0x2 
 .text.android_image_get_kernel
                0x0000000080814ab0      0x160 common/built-in.o
                0x0000000080814ab0                android_image_get_kernel
 .text.android_image_check_header
                0x0000000080814c10       0x10 common/built-in.o
                0x0000000080814c10                android_image_check_header
 .text.android_image_get_end
                0x0000000080814c20       0x78 common/built-in.o
                0x0000000080814c20                android_image_get_end
 .text.android_image_get_kload
                0x0000000080814c98       0x40 common/built-in.o
                0x0000000080814c98                android_image_get_kload
 .text.android_image_get_ramdisk
                0x0000000080814cd8       0xc4 common/built-in.o
                0x0000000080814cd8                android_image_get_ramdisk
 .text.android_image_get_second
                0x0000000080814d9c       0xe8 common/built-in.o
                0x0000000080814d9c                android_image_get_second
 .text.android_print_contents
                0x0000000080814e84      0x1a4 common/built-in.o
                0x0000000080814e84                android_print_contents
 .text.fdt_error
                0x0000000080815028       0x24 common/built-in.o
 .text.boot_fdt_add_mem_rsv_regions
                0x000000008081504c       0xf4 common/built-in.o
                0x000000008081504c                boot_fdt_add_mem_rsv_regions
 .text.boot_relocate_fdt
                0x0000000080815140      0x10c common/built-in.o
                0x0000000080815140                boot_relocate_fdt
 .text.boot_get_fdt
                0x000000008081524c      0x294 common/built-in.o
                0x000000008081524c                boot_get_fdt
 .text.ft_verify_fdt
                0x00000000808154e0        0x4 common/built-in.o
                0x00000000808154e0                ft_verify_fdt
 .text.image_setup_libfdt
                0x00000000808154e4       0xb0 common/built-in.o
                0x00000000808154e4                image_setup_libfdt
 .text.fit_image_get_address
                0x0000000080815594       0x3c common/built-in.o
 .text.fit_parse_conf
                0x00000000808155d0       0x3a common/built-in.o
                0x00000000808155d0                fit_parse_conf
 .text.fit_parse_subimage
                0x000000008081560a       0x3a common/built-in.o
                0x000000008081560a                fit_parse_subimage
 .text.fit_get_desc
                0x0000000080815644       0x20 common/built-in.o
                0x0000000080815644                fit_get_desc
 .text.fit_get_timestamp
                0x0000000080815664       0x30 common/built-in.o
                0x0000000080815664                fit_get_timestamp
 .text.fit_image_get_node
                0x0000000080815694       0x24 common/built-in.o
                0x0000000080815694                fit_image_get_node
 .text.fit_image_get_os
                0x00000000808156b8       0x28 common/built-in.o
                0x00000000808156b8                fit_image_get_os
 .text.fit_image_get_arch
                0x00000000808156e0       0x28 common/built-in.o
                0x00000000808156e0                fit_image_get_arch
 .text.fit_image_get_type
                0x0000000080815708       0x28 common/built-in.o
                0x0000000080815708                fit_image_get_type
 .text.fit_image_get_comp
                0x0000000080815730       0x28 common/built-in.o
                0x0000000080815730                fit_image_get_comp
 .text.fit_image_get_load
                0x0000000080815758        0xc common/built-in.o
                0x0000000080815758                fit_image_get_load
 .text.fit_image_get_entry
                0x0000000080815764        0xc common/built-in.o
                0x0000000080815764                fit_image_get_entry
 .text.fit_image_get_data
                0x0000000080815770       0x28 common/built-in.o
                0x0000000080815770                fit_image_get_data
 .text.fit_image_get_data_offset
                0x0000000080815798       0x24 common/built-in.o
                0x0000000080815798                fit_image_get_data_offset
 .text.fit_image_get_data_position
                0x00000000808157bc       0x24 common/built-in.o
                0x00000000808157bc                fit_image_get_data_position
 .text.fit_image_get_data_size
                0x00000000808157e0       0x24 common/built-in.o
                0x00000000808157e0                fit_image_get_data_size
 .text.fit_image_get_data_and_size
                0x0000000080815804       0x54 common/built-in.o
                0x0000000080815804                fit_image_get_data_and_size
 .text.fit_image_hash_get_algo
                0x0000000080815858       0x20 common/built-in.o
                0x0000000080815858                fit_image_hash_get_algo
 .text.fit_image_hash_get_value
                0x0000000080815878       0x28 common/built-in.o
                0x0000000080815878                fit_image_hash_get_value
 .text.fit_image_print_data
                0x00000000808158a0      0x128 common/built-in.o
 .text.fit_image_print_verification_data
                0x00000000808159c8       0x60 common/built-in.o
 .text.fit_image_print
                0x0000000080815a28      0x228 common/built-in.o
                0x0000000080815a28                fit_image_print
 .text.fit_print_contents
                0x0000000080815c50      0x2d4 common/built-in.o
                0x0000000080815c50                fit_print_contents
 .text.fit_get_end
                0x0000000080815f24        0x8 common/built-in.o
                0x0000000080815f24                fit_get_end
 .text.calculate_hash
                0x0000000080815f2c       0xa8 common/built-in.o
                0x0000000080815f2c                calculate_hash
 .text.fit_image_verify_with_data
                0x0000000080815fd4      0x134 common/built-in.o
                0x0000000080815fd4                fit_image_verify_with_data
 .text.fit_image_verify
                0x0000000080816108       0x50 common/built-in.o
                0x0000000080816108                fit_image_verify
 .text.fit_all_image_verify
                0x0000000080816158       0xa0 common/built-in.o
                0x0000000080816158                fit_all_image_verify
 .text.fit_image_check_os
                0x00000000808161f8       0x20 common/built-in.o
                0x00000000808161f8                fit_image_check_os
 .text.fit_image_check_arch
                0x0000000080816218       0x2c common/built-in.o
                0x0000000080816218                fit_image_check_arch
 .text.fit_image_check_type
                0x0000000080816244       0x20 common/built-in.o
                0x0000000080816244                fit_image_check_type
 .text.fit_image_check_comp
                0x0000000080816264       0x20 common/built-in.o
                0x0000000080816264                fit_image_check_comp
 .text.fit_check_format
                0x0000000080816284       0x40 common/built-in.o
                0x0000000080816284                fit_check_format
 .text.fit_conf_get_node
                0x00000000808162c4       0x7c common/built-in.o
                0x00000000808162c4                fit_conf_get_node
 .text.fit_conf_get_prop_node_index
                0x0000000080816340       0x20 common/built-in.o
                0x0000000080816340                fit_conf_get_prop_node_index
 .text.fit_conf_get_prop_node
                0x0000000080816360        0x6 common/built-in.o
                0x0000000080816360                fit_conf_get_prop_node
 .text.fit_get_node_from_config
                0x0000000080816366       0x2a common/built-in.o
                0x0000000080816366                fit_get_node_from_config
 .text.fit_image_load
                0x0000000080816390      0x3d4 common/built-in.o
                0x0000000080816390                fit_image_load
 .text.boot_get_setup_fit
                0x0000000080816764       0x40 common/built-in.o
                0x0000000080816764                boot_get_setup_fit
 .text.boot_get_fdt_fit
                0x00000000808167a4      0x1c8 common/built-in.o
                0x00000000808167a4                boot_get_fdt_fit
 .text.get_ram_size
                0x000000008081696c       0x9e common/built-in.o
                0x000000008081696c                get_ram_size
 .text.get_effective_memsize
                0x0000000080816a0a        0x6 common/built-in.o
                0x0000000080816a0a                get_effective_memsize
 .text.stdio_serial_tstc
                0x0000000080816a10        0x4 common/built-in.o
 .text.stdio_serial_getc
                0x0000000080816a14        0x4 common/built-in.o
 .text.stdio_serial_puts
                0x0000000080816a18        0x6 common/built-in.o
 .text.stdio_serial_putc
                0x0000000080816a1e        0x6 common/built-in.o
 .text.stdio_get_list
                0x0000000080816a24        0x8 common/built-in.o
                0x0000000080816a24                stdio_get_list
 .text.stdio_get_by_name
                0x0000000080816a2c       0x30 common/built-in.o
                0x0000000080816a2c                stdio_get_by_name
 .text.stdio_clone
                0x0000000080816a5c       0x22 common/built-in.o
                0x0000000080816a5c                stdio_clone
 *fill*         0x0000000080816a7e        0x2 
 .text.stdio_register_dev
                0x0000000080816a80       0x34 common/built-in.o
                0x0000000080816a80                stdio_register_dev
 .text.stdio_register
                0x0000000080816ab4        0x6 common/built-in.o
                0x0000000080816ab4                stdio_register
 *fill*         0x0000000080816aba        0x2 
 .text.stdio_init_tables
                0x0000000080816abc       0x14 common/built-in.o
                0x0000000080816abc                stdio_init_tables
 .text.stdio_add_devices
                0x0000000080816ad0       0x50 common/built-in.o
                0x0000000080816ad0                stdio_add_devices
 .text.run_command
                0x0000000080816b20        0xe common/built-in.o
                0x0000000080816b20                run_command
 .text.run_command_list
                0x0000000080816b2e       0x46 common/built-in.o
                0x0000000080816b2e                run_command_list
 .text.do_run   0x0000000080816b74       0x4c common/built-in.o
                0x0000000080816b74                do_run
 .text.cli_process_fdt
                0x0000000080816bc0       0x30 common/built-in.o
                0x0000000080816bc0                cli_process_fdt
 .text.cli_secure_boot_cmd
                0x0000000080816bf0       0x4c common/built-in.o
                0x0000000080816bf0                cli_secure_boot_cmd
 .text.cli_loop
                0x0000000080816c3c        0x8 common/built-in.o
                0x0000000080816c3c                cli_loop
 .text.cli_init
                0x0000000080816c44        0x4 common/built-in.o
                0x0000000080816c44                cli_init
 .text.run_usb_dnl_gadget
                0x0000000080816c48       0xc4 common/built-in.o
                0x0000000080816c48                run_usb_dnl_gadget
 .text.find_cmd_tbl
                0x0000000080816d0c       0x62 common/built-in.o
                0x0000000080816d0c                find_cmd_tbl
 *fill*         0x0000000080816d6e        0x2 
 .text.find_cmd
                0x0000000080816d70       0x1c common/built-in.o
                0x0000000080816d70                find_cmd
 .text.cmd_usage
                0x0000000080816d8c       0x3c common/built-in.o
                0x0000000080816d8c                cmd_usage
 .text._do_help
                0x0000000080816dc8      0x108 common/built-in.o
                0x0000000080816dc8                _do_help
 .text.var_complete
                0x0000000080816ed0       0x50 common/built-in.o
                0x0000000080816ed0                var_complete
 .text.complete_subcmdv
                0x0000000080816f20      0x108 common/built-in.o
                0x0000000080816f20                complete_subcmdv
 .text.cmd_auto_complete
                0x0000000080817028      0x26c common/built-in.o
                0x0000000080817028                cmd_auto_complete
 .text.cmd_get_data_size
                0x0000000080817294       0x48 common/built-in.o
                0x0000000080817294                cmd_get_data_size
 .text.cmd_always_repeatable
                0x00000000808172dc       0x10 common/built-in.o
                0x00000000808172dc                cmd_always_repeatable
 .text.cmd_never_repeatable
                0x00000000808172ec       0x10 common/built-in.o
                0x00000000808172ec                cmd_never_repeatable
 .text.cmd_process
                0x00000000808172fc       0x98 common/built-in.o
                0x00000000808172fc                cmd_process
 .text.cmd_process_error
                0x0000000080817394       0x1c common/built-in.o
                0x0000000080817394                cmd_process_error
 .text.hex1_bin
                0x00000000808173b0       0x2a common/built-in.o
 .text.hex2_bin
                0x00000000808173da       0x24 common/built-in.o
 .text.srec_decode
                0x00000000808173fe      0x17c common/built-in.o
                0x00000000808173fe                srec_decode
 .text.CYGACC_COMM_IF_GETC_TIMEOUT.isra.0
                0x000000008081757a       0x32 common/built-in.o
 .text.xyzModem_flush
                0x00000000808175ac       0x14 common/built-in.o
 .text.xyzModem_get_hdr
                0x00000000808175c0      0x16c common/built-in.o
 .text.xyzModem_stream_open
                0x000000008081772c      0x168 common/built-in.o
                0x000000008081772c                xyzModem_stream_open
 .text.xyzModem_stream_read
                0x0000000080817894      0x1a8 common/built-in.o
                0x0000000080817894                xyzModem_stream_read
 .text.xyzModem_stream_close
                0x0000000080817a3c       0x40 common/built-in.o
                0x0000000080817a3c                xyzModem_stream_close