musb_uboot.c:26:13:musb_host_complete_urb	0	static
musb_uboot.c:32:13:construct_urb	32	static
musb_uboot.c:183:12:_musb_reset_root_port.isra.1	16	static
musb_uboot.c:63:12:submit_urb.constprop	24	static
musb_uboot.c:213:5:musb_lowlevel_init	24	static
musb_uboot.c:247:5:usb_lowlevel_stop	8	static
musb_uboot.c:258:5:submit_bulk_msg	40	static
musb_uboot.c:264:5:submit_control_msg	40	static
musb_uboot.c:270:5:submit_int_msg	40	static
musb_uboot.c:276:19:create_int_queue	56	static
musb_uboot.c:284:7:poll_int_queue	8	static
musb_uboot.c:289:5:destroy_int_queue	16	static
musb_uboot.c:294:5:usb_reset_root_port	0	static
musb_uboot.c:299:5:usb_lowlevel_init	0	static
musb_uboot.c:373:5:usb_gadget_handle_interrupts	8	static
musb_uboot.c:382:5:usb_gadget_register_driver	16	static
musb_uboot.c:412:5:usb_gadget_unregister_driver	8	static
musb_uboot.c:422:14:musb_register	8	static
