dfu.c:140:12:dfu_write_buffer_drain	40	static
dfu.c:35:13:dfu_usb_get_reset	0	static
dfu.c:86:16:dfu_free_buf	8	static
dfu.c:93:15:dfu_get_buf_size	0	static
dfu.c:98:16:dfu_get_buf	24	static
dfu.c:169:6:dfu_transaction_cleanup	24	static
dfu.c:185:5:dfu_transaction_initiate	16	static
dfu.c:211:5:dfu_flush	16	static
dfu.c:231:5:dfu_write	24	static
dfu.c:350:5:dfu_read	48	static
dfu.c:423:6:dfu_free_entities	24	static
dfu.c:441:5:dfu_config_entities	48	static
dfu.c:55:5:dfu_init_env_entities	16	static
dfu.c:478:13:dfu_get_dev_type	40	static
dfu.c:484:13:dfu_get_layout	48	static
dfu.c:491:6:dfu_show_entities	32	static
dfu.c:504:5:dfu_get_alt_number	0	static
dfu.c:509:20:dfu_get_entity	8	static
dfu.c:521:5:dfu_get_alt	24	static
dfu.c:558:5:dfu_write_from_mem_addr	32	static
