enc28j60.c:283:12:enc_claim_bus	16	static
enc28j60.c:76:13:enc_bclr.isra.2	24	static
enc28j60.c:904:13:enc_halt	8	static
enc28j60.c:66:13:enc_bset.isra.3	24	static
enc28j60.c:94:13:enc_set_bank	16	static
enc28j60.c:191:13:enc_w8	32	static
enc28j60.c:206:13:enc_w16	32	static
enc28j60.c:169:12:enc_r16	40	static
enc28j60.c:250:13:enc_rbuf.isra.4	32	static
enc28j60.c:152:11:enc_r8	32	static
enc28j60.c:224:13:enc_w8_retry	48	static
enc28j60.c:329:13:enc_phy_write	32	static
enc28j60.c:304:12:enc_phy_read	32	static
enc28j60.c:713:12:enc_initcheck	48	static
enc28j60.c:796:12:enc_write_hwaddr	16	static
enc28j60.c:815:12:enc_init	16	static
enc28j60.c:864:12:enc_send	40	static
enc28j60.c:836:12:enc_recv	48	static
enc28j60.c:745:5:enc_miiphy_read	24	static
enc28j60.c:770:5:enc_miiphy_write	24	static
enc28j60.c:920:5:enc28j60_initialize	32	static
