mmc.c:1511:12:mmc_set_ios	0	static
mmc.c:880:12:mmc_set_capacity	32	static
mmc.c:39:12:board_mmc_getwp	0	static
mmc.c:44:5:mmc_getwp	8	static
mmc.c:60:12:board_mmc_getcd	0	static
mmc.c:135:13:mmc_mode_name	0	static
mmc.c:197:5:mmc_send_cmd	0	static
mmc.c:706:12:mmc_send_ext_csd	56	static
mmc.c:1745:12:mmc_read_and_compare_ext_csd	592	static
mmc.c:454:12:mmc_go_idle	40	static
mmc.c:617:12:mmc_send_op_cond_iter	40	static
mmc.c:209:5:mmc_send_status	56	static
mmc.c:727:12:__mmc_switch.isra.4.constprop	48	static
mmc.c:768:12:mmc_set_card_speed.constprop	592	static
mmc.c:2053:12:mmc_startup_v4	624	static
mmc.c:254:5:mmc_set_blocklen	48	static
mmc.c:400:7:mmc_bread	80	static
mmc.c:762:5:mmc_switch	0	static
mmc.c:940:5:mmc_switch_part	24	static
mmc.c:965:5:mmc_hwpart_config	656	static
mmc.c:1161:5:mmc_getcd	8	static
mmc.c:1522:5:mmc_set_clock	4	static
mmc.c:2251:12:mmc_startup	432	static
mmc.c:1553:6:mmc_dump_capabilities	0	static
mmc.c:2522:13:board_mmc_power_init	0	static
mmc.c:2620:5:mmc_get_op_cond	56	static
mmc.c:2704:5:mmc_start_init	8	static
mmc.c:2758:5:mmc_init	16	static
mmc.c:2809:5:mmc_set_dsr	0	static
mmc.c:2816:12:cpu_mmc_init	0	static
mmc.c:2822:12:board_mmc_init	0	static
mmc.c:2827:6:mmc_set_preinit	0	static
mmc.c:2871:5:mmc_initialize	8	static
