Archive member included to satisfy reference by file (symbol)

arch/arm/lib/lib.a(lib1funcs.o)
                              arch/arm/mach-omap2/built-in.o (__aeabi_uidiv)
arch/arm/lib/lib.a(div0.o)    arch/arm/lib/lib.a(lib1funcs.o) (__div0)

Discarded input sections

 .data          0x0000000000000000        0x0 arch/arm/cpu/armv7/start.o
 .bss           0x0000000000000000        0x0 arch/arm/cpu/armv7/start.o
 .text.get_dpll_mpu_params
                0x0000000000000000        0x8 arch/arm/mach-omap2/built-in.o
 .text.set_mpu_spreadspectrum
                0x0000000000000000       0xc0 arch/arm/mach-omap2/built-in.o
 .text.do_disable_clocks
                0x0000000000000000       0x6c arch/arm/mach-omap2/built-in.o
 .text.scale_vcores
                0x0000000000000000        0x2 arch/arm/mach-omap2/built-in.o
 .text.rtc_only_prcm_init
                0x0000000000000000       0x1c arch/arm/mach-omap2/built-in.o
 .text.get_cpu_rev
                0x0000000000000000       0x10 arch/arm/mach-omap2/built-in.o
 .text.get_cpu_type
                0x0000000000000000       0x14 arch/arm/mach-omap2/built-in.o
 .text.get_sysboot_value
                0x0000000000000000       0x14 arch/arm/mach-omap2/built-in.o
 .text.print_cpuinfo
                0x0000000000000000       0x9c arch/arm/mach-omap2/built-in.o
 .text.am335x_get_mpu_vdd
                0x0000000000000000       0x20 arch/arm/mach-omap2/built-in.o
 .text.dram_init
                0x0000000000000000       0x1a arch/arm/mach-omap2/built-in.o
 .text.arch_cpu_init_dm
                0x0000000000000000        0xe arch/arm/mach-omap2/built-in.o
 .text.set_uart_mux_conf
                0x0000000000000000        0x2 arch/arm/mach-omap2/built-in.o
 .text.set_mux_conf_regs
                0x0000000000000000        0x2 arch/arm/mach-omap2/built-in.o
 .text.ft_cpu_setup
                0x0000000000000000        0x2 arch/arm/mach-omap2/built-in.o
 .text.clk_synthesizer_reg_write
                0x0000000000000000       0x30 arch/arm/mach-omap2/built-in.o
 .text.setup_clock_synthesizer
                0x0000000000000000       0x90 arch/arm/mach-omap2/built-in.o
 .text.warm_reset
                0x0000000000000000       0x1c arch/arm/mach-omap2/built-in.o
 .text.setup_warmreset_time
                0x0000000000000000        0x2 arch/arm/mach-omap2/built-in.o
 .text.get_ticks
                0x0000000000000000        0xa arch/arm/mach-omap2/built-in.o
 .text.get_tbclk
                0x0000000000000000        0x6 arch/arm/mach-omap2/built-in.o
 .text.do_cancel_out
                0x0000000000000000       0x44 arch/arm/mach-omap2/built-in.o
 .text.omap_set_fastboot_vars
                0x0000000000000000      0x144 arch/arm/mach-omap2/built-in.o
 .text.cancel_out
                0x0000000000000000       0x62 arch/arm/mach-omap2/built-in.o
 .text.omap_die_id
                0x0000000000000000        0xc arch/arm/mach-omap2/built-in.o
 .text.omap_die_id_serial
                0x0000000000000000       0x4c arch/arm/mach-omap2/built-in.o
 .text.omap_die_id_get_board_serial
                0x0000000000000000       0x24 arch/arm/mach-omap2/built-in.o
 .text.omap_die_id_usbethaddr
                0x0000000000000000       0x68 arch/arm/mach-omap2/built-in.o
 .text.omap_die_id_display
                0x0000000000000000       0x2c arch/arm/mach-omap2/built-in.o
 .text.get_device_type
                0x0000000000000000       0x18 arch/arm/mach-omap2/built-in.o
 .text.enable_caches
                0x0000000000000000       0x14 arch/arm/mach-omap2/built-in.o
 .text.dram_bank_mmu_setup
                0x0000000000000000       0x26 arch/arm/mach-omap2/built-in.o
 .text.arm_init_domains
                0x0000000000000000       0x16 arch/arm/mach-omap2/built-in.o
 .text.enable_gpmc_cs_config
                0x0000000000000000       0x6c arch/arm/mach-omap2/built-in.o
 .text.set_gpmc_cs0
                0x0000000000000000       0x18 arch/arm/mach-omap2/built-in.o
 .text.gpmc_init
                0x0000000000000000       0x50 arch/arm/mach-omap2/built-in.o
 .rodata.cmdpll
                0x0000000000000000        0x4 arch/arm/mach-omap2/built-in.o
 .rodata.cmper  0x0000000000000000        0x4 arch/arm/mach-omap2/built-in.o
 .rodata.cmrtc  0x0000000000000000        0x4 arch/arm/mach-omap2/built-in.o
 .rodata.dpll_core_opp100
                0x0000000000000000       0x10 arch/arm/mach-omap2/built-in.o
 .rodata.dpll_disp_regs
                0x0000000000000000       0x24 arch/arm/mach-omap2/built-in.o
 .rodata.set_mpu_spreadspectrum.str1.1
                0x0000000000000000       0x31 arch/arm/mach-omap2/built-in.o
 .rodata.do_disable_clocks.str1.1
                0x0000000000000000       0x2b arch/arm/mach-omap2/built-in.o
 .rodata.CSWTCH.1
                0x0000000000000000       0x58 arch/arm/mach-omap2/built-in.o
 .rodata.dev_types
                0x0000000000000000       0x10 arch/arm/mach-omap2/built-in.o
 .rodata.print_cpuinfo.str1.1
[...]
Memory Configuration

Name             Origin             Length             Attributes
.sram            0x00000000402f0400 0x000000000001b000
.sdram           0x0000000080a00000 0x0000000000080000
*default*        0x0000000000000000 0xffffffffffffffff

Linker script and memory map


.text           0x00000000402f0400    0x10920
                0x00000000402f0400                __start = .
 *(.vectors)
 .vectors       0x00000000402f0400       0x44 arch/arm/lib/built-in.o
                0x00000000402f0400                _start
                0x00000000402f0420                _undefined_instruction
                0x00000000402f0424                _software_interrupt
                0x00000000402f0428                _prefetch_abort
                0x00000000402f042c                _data_abort
                0x00000000402f0430                _not_used
                0x00000000402f0434                _irq
                0x00000000402f0438                _fiq
 arch/arm/cpu/armv7/start.o(.text*)
 .text          0x00000000402f0444       0xd4 arch/arm/cpu/armv7/start.o
                0x00000000402f0444                reset
                0x00000000402f0448                save_boot_params_ret
                0x00000000402f0484                c_runtime_cpu_setup
                0x00000000402f0498                cpu_init_cp15
                0x00000000402f050c                cpu_init_crit
 *(.text*)
 .text          0x00000000402f0518       0x60 arch/arm/mach-omap2/built-in.o
                0x00000000402f0518                save_boot_params
                0x00000000402f0524                omap_smc1
                0x00000000402f0540                omap_smc_sec
 .text.get_dpll_core_params
                0x00000000402f0578       0x14 arch/arm/mach-omap2/built-in.o
                0x00000000402f0578                get_dpll_core_params
 .text.get_dpll_per_params
                0x00000000402f058c       0x14 arch/arm/mach-omap2/built-in.o
                0x00000000402f058c                get_dpll_per_params
 .text.setup_clocks_for_console
                0x00000000402f05a0       0x78 arch/arm/mach-omap2/built-in.o
                0x00000000402f05a0                setup_clocks_for_console
 .text.enable_basic_clocks
                0x00000000402f0618       0x44 arch/arm/mach-omap2/built-in.o
                0x00000000402f0618                enable_basic_clocks
 .text.do_setup_dpll
                0x00000000402f065c       0xe0 arch/arm/mach-omap2/built-in.o
                0x00000000402f065c                do_setup_dpll
 .text.do_enable_clocks
                0x00000000402f073c       0x64 arch/arm/mach-omap2/built-in.o
                0x00000000402f073c                do_enable_clocks
 .text.setup_early_clocks
                0x00000000402f07a0       0x12 arch/arm/mach-omap2/built-in.o
                0x00000000402f07a0                setup_early_clocks
 *fill*         0x00000000402f07b2        0x2 
 .text.prcm_init
                0x00000000402f07b4       0x5c arch/arm/mach-omap2/built-in.o
                0x00000000402f07b4                prcm_init
 .text.get_sys_clk_index
                0x00000000402f0810       0x14 arch/arm/mach-omap2/built-in.o
                0x00000000402f0810                get_sys_clk_index
 .text.am335x_get_efuse_mpu_max_freq
                0x00000000402f0824       0x88 arch/arm/mach-omap2/built-in.o
                0x00000000402f0824                am335x_get_efuse_mpu_max_freq
 .text.am335x_get_tps65910_mpu_vdd
                0x00000000402f08ac       0x3c arch/arm/mach-omap2/built-in.o
                0x00000000402f08ac                am335x_get_tps65910_mpu_vdd
 .text.configure_mr
                0x00000000402f08e8       0x88 arch/arm/mach-omap2/built-in.o
 .text.config_sdram_emif4d5
                0x00000000402f0970      0x15c arch/arm/mach-omap2/built-in.o
                0x00000000402f0970                config_sdram_emif4d5
 .text.config_sdram
                0x00000000402f0acc       0x80 arch/arm/mach-omap2/built-in.o
                0x00000000402f0acc                config_sdram
 .text.set_sdram_timings
                0x00000000402f0b4c       0x3c arch/arm/mach-omap2/built-in.o
                0x00000000402f0b4c                set_sdram_timings
 .text.config_ddr_phy
                0x00000000402f0b88      0x1ac arch/arm/mach-omap2/built-in.o
                0x00000000402f0b88                config_ddr_phy
 .text.config_cmd_ctrl
                0x00000000402f0d34       0x44 arch/arm/mach-omap2/built-in.o
                0x00000000402f0d34                config_cmd_ctrl
 .text.config_ddr_data
                0x00000000402f0d78       0x4c arch/arm/mach-omap2/built-in.o
                0x00000000402f0d78                config_ddr_data
 .text.config_io_ctrl
                0x00000000402f0dc4       0x34 arch/arm/mach-omap2/built-in.o
                0x00000000402f0dc4                config_io_ctrl
 .text.ddr_pll_config
                0x00000000402f0df8        0x2 arch/arm/mach-omap2/built-in.o
                0x00000000402f0df8                ddr_pll_config
 *fill*         0x00000000402f0dfa        0x2 
 .text.config_ddr
                0x00000000402f0dfc       0xb4 arch/arm/mach-omap2/built-in.o
                0x00000000402f0dfc                config_ddr
 .text.am33xx_otg0_set_phy_power
                0x00000000402f0eb0       0x20 arch/arm/mach-omap2/built-in.o
 .text.am33xx_otg1_set_phy_power
                0x00000000402f0ed0       0x20 arch/arm/mach-omap2/built-in.o
 .text.dram_init_banksize
                0x00000000402f0ef0       0x18 arch/arm/mach-omap2/built-in.o
                0x00000000402f0ef0                dram_init_banksize
 .text.cpu_mmc_init
                0x00000000402f0f08       0x28 arch/arm/mach-omap2/built-in.o
                0x00000000402f0f08                cpu_mmc_init
 .text.arch_misc_init
                0x00000000402f0f30       0x34 arch/arm/mach-omap2/built-in.o
                0x00000000402f0f30                arch_misc_init
 .text.board_early_init_f
                0x00000000402f0f64        0xe arch/arm/mach-omap2/built-in.o
                0x00000000402f0f64                board_early_init_f
 .text.am33xx_spl_board_init
                0x00000000402f0f72        0x2 arch/arm/mach-omap2/built-in.o
                0x00000000402f0f72                am33xx_spl_board_init
 .text.s_init   0x00000000402f0f74        0x2 arch/arm/mach-omap2/built-in.o
                0x00000000402f0f74                s_init
 *fill*         0x00000000402f0f76        0x2 
 .text.early_system_init
                0x00000000402f0f78       0x7c arch/arm/mach-omap2/built-in.o
                0x00000000402f0f78                early_system_init
 .text.board_init_f
                0x00000000402f0ff4       0x24 arch/arm/mach-omap2/built-in.o
                0x00000000402f0ff4                board_init_f
 .text.configure_module_pin_mux
                0x00000000402f1018       0x20 arch/arm/mach-omap2/built-in.o
                0x00000000402f1018                configure_module_pin_mux
 .text.hw_data_init
                0x00000000402f1038       0x14 arch/arm/mach-omap2/built-in.o
                0x00000000402f1038                hw_data_init
 .text.reset_cpu
                0x00000000402f104c       0x10 arch/arm/mach-omap2/built-in.o
                0x00000000402f104c                reset_cpu
 .text.get_timer_masked
                0x00000000402f105c       0x54 arch/arm/mach-omap2/built-in.o
 .text.timer_init
                0x00000000402f10b0       0x18 arch/arm/mach-omap2/built-in.o
                0x00000000402f10b0                timer_init
 .text.get_timer
                0x00000000402f10c8        0xc arch/arm/mach-omap2/built-in.o
                0x00000000402f10c8                get_timer
 .text.__udelay
                0x00000000402f10d4       0x34 arch/arm/mach-omap2/built-in.o
                0x00000000402f10d4                __udelay
 .text.omap_sys_boot_device
                0x00000000402f1108        0x4 arch/arm/mach-omap2/built-in.o
                0x00000000402f1108                omap_sys_boot_device
 .text.save_omap_boot_params
                0x00000000402f110c       0x78 arch/arm/mach-omap2/built-in.o
                0x00000000402f110c                save_omap_boot_params
 .text.spl_boot_device
                0x00000000402f1184        0x6 arch/arm/mach-omap2/built-in.o
                0x00000000402f1184                spl_boot_device
 .text.spl_boot_mode
                0x00000000402f118a        0x6 arch/arm/mach-omap2/built-in.o
                0x00000000402f118a                spl_boot_mode
 .text.spl_board_init
                0x00000000402f1190       0x16 arch/arm/mach-omap2/built-in.o
                0x00000000402f1190                spl_board_init
 *fill*         0x00000000402f11a6        0x2 
 .text.jump_to_image_no_args
                0x00000000402f11a8       0x10 arch/arm/mach-omap2/built-in.o
                0x00000000402f11a8                jump_to_image_no_args
 .text          0x00000000402f11b8      0x158 arch/arm/cpu/armv7/built-in.o
                0x00000000402f11b8                __v7_flush_dcache_all
                0x00000000402f1254                v7_flush_dcache_all
                0x00000000402f1264                __v7_invalidate_dcache_all
                0x00000000402f1300                v7_invalidate_dcache_all
 .text.invalidate_icache_all
                0x00000000402f1310       0x14 arch/arm/cpu/armv7/built-in.o
                0x00000000402f1310                invalidate_icache_all
 .text.v7_outer_cache_disable
                0x00000000402f1324        0x2 arch/arm/cpu/armv7/built-in.o
                0x00000000402f1324                v7_outer_cache_disable
 .text.v7_outer_cache_flush_all
                0x00000000402f1326        0x2 arch/arm/cpu/armv7/built-in.o
                0x00000000402f1326                v7_outer_cache_flush_all
 .text.flush_dcache_all
                0x00000000402f1328        0xe arch/arm/cpu/armv7/built-in.o
                0x00000000402f1328                flush_dcache_all
 .text.v7_outer_cache_inval_all
                0x00000000402f1336        0x2 arch/arm/cpu/armv7/built-in.o
                0x00000000402f1336                v7_outer_cache_inval_all
 .text.invalidate_dcache_all
                0x00000000402f1338        0xe arch/arm/cpu/armv7/built-in.o
                0x00000000402f1338                invalidate_dcache_all
 .text.v7_outer_cache_flush_range
                0x00000000402f1346        0x2 arch/arm/cpu/armv7/built-in.o
                0x00000000402f1346                v7_outer_cache_flush_range
 .text.flush_dcache_range
                0x00000000402f1348       0x38 arch/arm/cpu/armv7/built-in.o
                0x00000000402f1348                flush_dcache_range
 .text.cpu_cache_initialization
                0x00000000402f1380        0x2 arch/arm/cpu/armv7/built-in.o
                0x00000000402f1380                cpu_cache_initialization
 .text.cleanup_before_linux_select
                0x00000000402f1382       0x38 arch/arm/cpu/armv7/built-in.o
                0x00000000402f1382                cleanup_before_linux_select
 .text.cleanup_before_linux
                0x00000000402f13ba        0x6 arch/arm/cpu/armv7/built-in.o
                0x00000000402f13ba                cleanup_before_linux
 .text.v7_arch_cp15_set_acr
                0x00000000402f13c0        0x6 arch/arm/cpu/armv7/built-in.o
                0x00000000402f13c0                v7_arch_cp15_set_acr
 .text.wait_on_value
                0x00000000402f13c6       0x1e arch/arm/cpu/armv7/built-in.o
                0x00000000402f13c6                wait_on_value
 .text.lowlevel_init
                0x00000000402f13e4       0x1c arch/arm/cpu/armv7/built-in.o
                0x00000000402f13e4                lowlevel_init
 .text          0x00000000402f1400      0x404 arch/arm/lib/built-in.o
                0x00000000402f1400                _main
                0x00000000402f1480                memset
                0x00000000402f1520                memcpy
 .text.jump_to_image_linux
                0x00000000402f1804       0x14 arch/arm/lib/built-in.o
                0x00000000402f1804                jump_to_image_linux
 .text.bootz_setup
                0x00000000402f1818       0x6c arch/arm/lib/built-in.o
                0x00000000402f1818                bootz_setup
 .text.arch_fixup_fdt
                0x00000000402f1884       0x3a arch/arm/lib/built-in.o
                0x00000000402f1884                arch_fixup_fdt
 .text.disable_interrupts
                0x00000000402f18be        0x4 arch/arm/lib/built-in.o
                0x00000000402f18be                disable_interrupts
 .text.reset_misc
                0x00000000402f18c2        0x2 arch/arm/lib/built-in.o
                0x00000000402f18c2                reset_misc
 .text.do_reset
                0x00000000402f18c4       0x28 arch/arm/lib/built-in.o
                0x00000000402f18c4                do_reset
 .text.check_cache_range
                0x00000000402f18ec        0xe arch/arm/lib/built-in.o
                0x00000000402f18ec                check_cache_range
 .text.icache_enable
                0x00000000402f18fa       0x12 arch/arm/lib/built-in.o
                0x00000000402f18fa                icache_enable
 .text.icache_disable
                0x00000000402f190c       0x16 arch/arm/lib/built-in.o
                0x00000000402f190c                icache_disable
 .text.dcache_disable
                0x00000000402f1922       0x20 arch/arm/lib/built-in.o
                0x00000000402f1922                dcache_disable
 *fill*         0x00000000402f1942        0x2 
 .text.km_bbb_mux
                0x00000000402f1944       0x30 board/ti/am335x/built-in.o
                0x00000000402f1944                km_bbb_mux
 .text.enable_board_pin_mux
                0x00000000402f1974        0x4 board/ti/am335x/built-in.o
                0x00000000402f1974                enable_board_pin_mux
 .text.enable_uart0_pin_mux
                0x00000000402f1978        0xc board/ti/am335x/built-in.o
                0x00000000402f1978                enable_uart0_pin_mux
 .text.enable_uart4_pin_mux
                0x00000000402f1984        0x2 board/ti/am335x/built-in.o
                0x00000000402f1984                enable_uart4_pin_mux
 *fill*         0x00000000402f1986        0x2 
 .text.enable_i2c0_pin_mux
                0x00000000402f1988        0xc board/ti/am335x/built-in.o
                0x00000000402f1988                enable_i2c0_pin_mux
 .text.bone_not_connected_to_ac_power.part.0
                0x00000000402f1994       0x28 board/ti/am335x/built-in.o
 .text.do_board_detect
                0x00000000402f19bc       0x20 board/ti/am335x/built-in.o
                0x00000000402f19bc                do_board_detect
 .text.spl_start_uboot
                0x00000000402f19dc       0x30 board/ti/am335x/built-in.o
                0x00000000402f19dc                spl_start_uboot
 .text.get_dpll_ddr_params
                0x00000000402f1a0c       0xa0 board/ti/am335x/built-in.o
                0x00000000402f1a0c                get_dpll_ddr_params
 .text.get_dpll_mpu_params
                0x00000000402f1aac       0xb8 board/ti/am335x/built-in.o
                0x00000000402f1aac                get_dpll_mpu_params
 .text.scale_vcores_generic
                0x00000000402f1b64       0x40 board/ti/am335x/built-in.o
                0x00000000402f1b64                scale_vcores_generic
 .text.gpi2c_init
                0x00000000402f1ba4       0x18 board/ti/am335x/built-in.o
                0x00000000402f1ba4                gpi2c_init
 .text.scale_vcores
                0x00000000402f1bbc      0x1d0 board/ti/am335x/built-in.o
                0x00000000402f1bbc                scale_vcores
 .text.set_uart_mux_conf
                0x00000000402f1d8c       0x20 board/ti/am335x/built-in.o
                0x00000000402f1d8c                set_uart_mux_conf
 .text.set_mux_conf_regs
                0x00000000402f1dac        0x4 board/ti/am335x/built-in.o
                0x00000000402f1dac                set_mux_conf_regs
 .text.sdram_init
                0x00000000402f1db0      0x17c board/ti/am335x/built-in.o
                0x00000000402f1db0                sdram_init
 .text.rtc32k_enable
                0x00000000402f1f2c       0x64 board/ti/am335x/built-in.o
                0x00000000402f1f2c                rtc32k_enable
 .text.ti_i2c_eeprom_get
                0x00000000402f1f90       0x8e board/ti/common/built-in.o
 .text.ti_eeprom_string_cleanup
                0x00000000402f201e       0x22 board/ti/common/built-in.o
 .text.ti_i2c_eeprom_am_get
                0x00000000402f2040       0xc0 board/ti/common/built-in.o
                0x00000000402f2040                ti_i2c_eeprom_am_get
 .text.board_ti_is
                0x00000000402f2100       0x30 board/ti/common/built-in.o
                0x00000000402f2100                board_ti_is
 .text.board_ti_get_rev
                0x00000000402f2130        0x8 board/ti/common/built-in.o
                0x00000000402f2130                board_ti_get_rev
 .text.show_boot_progress
                0x00000000402f2138        0x2 common/spl/built-in.o
                0x00000000402f2138                show_boot_progress
 .text.spl_perform_fixups
                0x00000000402f213a        0x2 common/spl/built-in.o
                0x00000000402f213a                spl_perform_fixups
 .text.spl_fixup_fdt
                0x00000000402f213c       0x50 common/spl/built-in.o
                0x00000000402f213c                spl_fixup_fdt
 .text.spl_board_prepare_for_linux
                0x00000000402f218c        0x2 common/spl/built-in.o
                0x00000000402f218c                spl_board_prepare_for_linux
 .text.spl_board_prepare_for_boot
                0x00000000402f218e        0x2 common/spl/built-in.o
                0x00000000402f218e                spl_board_prepare_for_boot
 .text.spl_get_load_buffer
                0x00000000402f2190        0x6 common/spl/built-in.o
                0x00000000402f2190                spl_get_load_buffer
 *fill*         0x00000000402f2196        0x2 
 .text.spl_set_header_raw_uboot
                0x00000000402f2198       0x20 common/spl/built-in.o
                0x00000000402f2198                spl_set_header_raw_uboot
 .text.spl_parse_image_header
                0x00000000402f21b8       0x78 common/spl/built-in.o
                0x00000000402f21b8                spl_parse_image_header
 .text.spl_set_bd
                0x00000000402f2230       0x14 common/spl/built-in.o
                0x00000000402f2230                spl_set_bd
 .text.spl_early_init
                0x00000000402f2244       0x2c common/spl/built-in.o
                0x00000000402f2244                spl_early_init
 .text.spl_init
                0x00000000402f2270       0x2c common/spl/built-in.o
                0x00000000402f2270                spl_init
 .text.board_boot_order
                0x00000000402f229c        0xc common/spl/built-in.o
                0x00000000402f229c                board_boot_order
 .text.board_init_r
                0x00000000402f22a8       0xf8 common/spl/built-in.o
                0x00000000402f22a8                board_init_r
 .text.preloader_console_init
                0x00000000402f23a0       0x24 common/spl/built-in.o
                0x00000000402f23a0                preloader_console_init
 .text.spl_relocate_stack_gd
                0x00000000402f23c4       0x34 common/spl/built-in.o
                0x00000000402f23c4                spl_relocate_stack_gd
 .text.spl_ymodem_load_image
                0x00000000402f23f8       0xa0 common/spl/built-in.o
 .text.getcymodem
                0x00000000402f2498       0x16 common/spl/built-in.o
 *fill*         0x00000000402f24ae        0x2 
 .text.mmc_load_image_raw_sector
                0x00000000402f24b0       0x74 common/spl/built-in.o
 .text.spl_mmc_load_image
                0x00000000402f2524      0x198 common/spl/built-in.o
                0x00000000402f2524                spl_mmc_load_image
 .text.spl_load_image_fat
                0x00000000402f26bc       0x8c common/spl/built-in.o
                0x00000000402f26bc                spl_load_image_fat
 .text.spl_load_image_fat_os
                0x00000000402f2748       0xe4 common/spl/built-in.o
                0x00000000402f2748                spl_load_image_fat_os
 .text.spl_load_image_ext
                0x00000000402f282c       0xe8 common/spl/built-in.o
                0x00000000402f282c                spl_load_image_ext
 .text.spl_load_image_ext_os
                0x00000000402f2914      0x130 common/spl/built-in.o
                0x00000000402f2914                spl_load_image_ext_os
 .text.board_init_f_alloc_reserve
                0x00000000402f2a44        0xa common/init/built-in.o
                0x00000000402f2a44                board_init_f_alloc_reserve
 .text.board_init_f_init_reserve
                0x00000000402f2a4e       0x14 common/init/built-in.o
                0x00000000402f2a4e                board_init_f_init_reserve
 .text.CYGACC_COMM_IF_GETC_TIMEOUT.isra.0
                0x00000000402f2a62       0x32 common/built-in.o
 .text.xyzModem_flush
                0x00000000402f2a94       0x14 common/built-in.o
 .text.xyzModem_get_hdr
                0x00000000402f2aa8      0x16c common/built-in.o
 .text.xyzModem_stream_open
                0x00000000402f2c14      0x168 common/built-in.o
                0x00000000402f2c14                xyzModem_stream_open
 .text.xyzModem_stream_read
                0x00000000402f2d7c      0x1a8 common/built-in.o
                0x00000000402f2d7c                xyzModem_stream_read
 .text.xyzModem_stream_close
                0x00000000402f2f24       0x40 common/built-in.o
                0x00000000402f2f24                xyzModem_stream_close
 .text.xyzModem_stream_terminate
                0x00000000402f2f64       0x68 common/built-in.o
                0x00000000402f2f64                xyzModem_stream_terminate
 .text.xyzModem_error
                0x00000000402f2fcc       0x18 common/built-in.o
                0x00000000402f2fcc                xyzModem_error
 .text.fdt_find_or_add_subnode
                0x00000000402f2fe4       0x40 common/built-in.o
                0x00000000402f2fe4                fdt_find_or_add_subnode
 .text.fdt_fixup_memory_banks
                0x00000000402f3024      0x190 common/built-in.o
                0x00000000402f3024                fdt_fixup_memory_banks
 .text.fdt_shrink_to_minimum
                0x00000000402f31b4       0x8e common/built-in.o
                0x00000000402f31b4                fdt_shrink_to_minimum
 *fill*         0x00000000402f3242        0x2 
 .text.fgetc.part.0
                0x00000000402f3244       0x28 common/built-in.o
 .text.getc     0x00000000402f326c       0x1a common/built-in.o
                0x00000000402f326c                getc
 *fill*         0x00000000402f3286        0x2 
 .text.putc     0x00000000402f3288       0x28 common/built-in.o
                0x00000000402f3288                putc
 .text.puts     0x00000000402f32b0       0x28 common/built-in.o
                0x00000000402f32b0                puts
 .text.ftstc    0x00000000402f32d8       0x18 common/built-in.o
                0x00000000402f32d8                ftstc
 .text.tstc     0x00000000402f32f0       0x1a common/built-in.o
                0x00000000402f32f0                tstc
 *fill*         0x00000000402f330a        0x2 
 .text.mem_malloc_init
                0x00000000402f330c       0x28 common/built-in.o
                0x00000000402f330c                mem_malloc_init
 .text.alloc_simple
                0x00000000402f3334       0x36 common/built-in.o
 .text.malloc_simple
                0x00000000402f336a        0x6 common/built-in.o
                0x00000000402f336a                malloc_simple
 .text.memalign_simple
                0x00000000402f3370        0xa common/built-in.o
                0x00000000402f3370                memalign_simple
 .text.calloc   0x00000000402f337a       0x1a common/built-in.o
                0x00000000402f337a                calloc
 .text.get_ram_size
                0x00000000402f3394       0x9e common/built-in.o
                0x00000000402f3394                get_ram_size
 .text.envmatch
                0x00000000402f3432       0x4a cmd/built-in.o
                0x00000000402f3432                envmatch
 .text.env_get_f
                0x00000000402f347c       0x88 cmd/built-in.o
                0x00000000402f347c                env_get_f
 .text.env_get  0x00000000402f3504       0x54 cmd/built-in.o
                0x00000000402f3504                env_get
 .text.env_get_yesno
                0x00000000402f3558       0x2a env/built-in.o
                0x00000000402f3558                env_get_yesno
 .text.env_get_default
                0x00000000402f3582       0x2a env/built-in.o
                0x00000000402f3582                env_get_default
 .text.set_default_env
                0x00000000402f35ac       0x68 env/built-in.o
                0x00000000402f35ac                set_default_env
 .text.env_import
                0x00000000402f3614       0x8c env/built-in.o
                0x00000000402f3614                env_import
 .text.env_export
                0x00000000402f36a0        0x4 env/built-in.o
                0x00000000402f36a0                env_export
 .text.env_get_location
                0x00000000402f36a4        0xe env/built-in.o
                0x00000000402f36a4                env_get_location
 *fill*         0x00000000402f36b2        0x2 
 .text.env_driver_lookup
                0x00000000402f36b4       0x2c env/built-in.o
 .text.env_get_char_spec
                0x00000000402f36e0        0x8 env/built-in.o
                0x00000000402f36e0                env_get_char_spec
 .text.env_get_char
                0x00000000402f36e8       0x14 env/built-in.o
                0x00000000402f36e8                env_get_char
 .text.env_load
                0x00000000402f36fc       0x70 env/built-in.o
                0x00000000402f36fc                env_load
 .text.env_init
                0x00000000402f376c       0x58 env/built-in.o
                0x00000000402f376c                env_init
 .text.regex_callback
                0x00000000402f37c4       0xc0 env/built-in.o
 .text.env_attr_walk
                0x00000000402f3884       0xa4 env/built-in.o
                0x00000000402f3884                env_attr_walk
 .text.env_attr_lookup
                0x00000000402f3928       0x40 env/built-in.o
                0x00000000402f3928                env_attr_lookup
 .text.skip_num
                0x00000000402f3968       0x3c env/built-in.o
 .text.env_flags_parse_vartype
                0x00000000402f39a4       0x30 env/built-in.o
                0x00000000402f39a4                env_flags_parse_vartype
 .text.env_flags_parse_varaccess
                0x00000000402f39d4       0x30 env/built-in.o
                0x00000000402f39d4                env_flags_parse_varaccess
 .text.eth_validate_ethaddr_str
                0x00000000402f3a04       0x52 env/built-in.o
                0x00000000402f3a04                eth_validate_ethaddr_str
 *fill*         0x00000000402f3a56        0x2 
 .text.env_flags_init
                0x00000000402f3a58       0x90 env/built-in.o
                0x00000000402f3a58                env_flags_init
 .text.env_flags_validate
                0x00000000402f3ae8      0x188 env/built-in.o
                0x00000000402f3ae8                env_flags_validate
 .text.env_callback_init
                0x00000000402f3c70       0x98 env/built-in.o
                0x00000000402f3c70                env_callback_init
 .text.env_ext4_save
                0x00000000402f3d08       0xa0 env/built-in.o
 .text.env_ext4_load
                0x00000000402f3da8       0xc0 env/built-in.o
 .text.fdt_check_header
                0x00000000402f3e68       0x4c lib/built-in.o
                0x00000000402f3e68                fdt_check_header
 .text.fdt_offset_ptr
                0x00000000402f3eb4       0x32 lib/built-in.o
                0x00000000402f3eb4                fdt_offset_ptr
 *fill*         0x00000000402f3ee6        0x2 
 .text.fdt_next_tag
                0x00000000402f3ee8       0xc4 lib/built-in.o
                0x00000000402f3ee8                fdt_next_tag
 .text.fdt_check_node_offset_
                0x00000000402f3fac       0x24 lib/built-in.o
                0x00000000402f3fac                fdt_check_node_offset_
 .text.fdt_check_prop_offset_
                0x00000000402f3fd0       0x24 lib/built-in.o
                0x00000000402f3fd0                fdt_check_prop_offset_
 .text.fdt_next_node
                0x00000000402f3ff4       0x6e lib/built-in.o
                0x00000000402f3ff4                fdt_next_node
 .text.fdt_find_string_
                0x00000000402f4062       0x30 lib/built-in.o
                0x00000000402f4062                fdt_find_string_
 *fill*         0x00000000402f4092        0x2 
 .text.fdt_strerror
                0x00000000402f4094       0x3c lib/built-in.o
                0x00000000402f4094                fdt_strerror
 .text.fdt_blocks_misordered_
                0x00000000402f40d0       0x36 lib/built-in.o
 .text.fdt_splice_
                0x00000000402f4106       0x4a lib/built-in.o
 .text.fdt_splice_mem_rsv_
                0x00000000402f4150       0x2c lib/built-in.o
 .text.fdt_splice_struct_
                0x00000000402f417c       0x26 lib/built-in.o
 .text.fdt_add_property_
                0x00000000402f41a2       0xbe lib/built-in.o
 .text.fdt_rw_check_header_
                0x00000000402f4260       0x38 lib/built-in.o
 .text.fdt_add_mem_rsv
                0x00000000402f4298       0x56 lib/built-in.o
                0x00000000402f4298                fdt_add_mem_rsv
 .text.fdt_del_mem_rsv
                0x00000000402f42ee       0x3c lib/built-in.o
                0x00000000402f42ee                fdt_del_mem_rsv
 .text.fdt_setprop_placeholder
                0x00000000402f432a       0x70 lib/built-in.o
                0x00000000402f432a                fdt_setprop_placeholder
 .text.fdt_setprop
                0x00000000402f439a       0x26 lib/built-in.o
                0x00000000402f439a                fdt_setprop
 .text.fdt_add_subnode_namelen
                0x00000000402f43c0       0x98 lib/built-in.o
                0x00000000402f43c0                fdt_add_subnode_namelen
 .text.fdt_add_subnode
                0x00000000402f4458       0x1e lib/built-in.o
                0x00000000402f4458                fdt_add_subnode
 *fill*         0x00000000402f4476        0x2 
 .text.fdt_address_cells
                0x00000000402f4478       0x34 lib/built-in.o
                0x00000000402f4478                fdt_address_cells
 .text.fdt_size_cells
                0x00000000402f44ac       0x34 lib/built-in.o
                0x00000000402f44ac                fdt_size_cells
 .text._nextprop.part.0
                0x00000000402f44e0       0x32 lib/built-in.o
 .text.fdt_string
                0x00000000402f4512        0xa lib/built-in.o
                0x00000000402f4512                fdt_string
 .text.fdt_get_mem_rsv
                0x00000000402f451c       0x42 lib/built-in.o
                0x00000000402f451c                fdt_get_mem_rsv
 .text.fdt_num_mem_rsv
                0x00000000402f455e       0x22 lib/built-in.o
                0x00000000402f455e                fdt_num_mem_rsv
 .text.fdt_subnode_offset_namelen
                0x00000000402f4580       0x88 lib/built-in.o
                0x00000000402f4580                fdt_subnode_offset_namelen
 .text.fdt_subnode_offset
                0x00000000402f4608       0x1e lib/built-in.o
                0x00000000402f4608                fdt_subnode_offset
 .text.fdt_get_name
                0x00000000402f4626       0x3e lib/built-in.o
                0x00000000402f4626                fdt_get_name
 .text.fdt_first_property_offset
                0x00000000402f4664       0x18 lib/built-in.o
                0x00000000402f4664                fdt_first_property_offset
 .text.fdt_next_property_offset
                0x00000000402f467c       0x18 lib/built-in.o
                0x00000000402f467c                fdt_next_property_offset
 .text.fdt_get_property_by_offset
                0x00000000402f4694       0x30 lib/built-in.o
                0x00000000402f4694                fdt_get_property_by_offset
 .text.fdt_get_property_namelen
                0x00000000402f46c4       0x74 lib/built-in.o
                0x00000000402f46c4                fdt_get_property_namelen
 .text.fdt_get_property
                0x00000000402f4738       0x22 lib/built-in.o
                0x00000000402f4738                fdt_get_property
 .text.fdt_getprop_namelen
                0x00000000402f475a       0x12 lib/built-in.o
                0x00000000402f475a                fdt_getprop_namelen
 .text.fdt_getprop
                0x00000000402f476c       0x22 lib/built-in.o
                0x00000000402f476c                fdt_getprop
 *fill*         0x00000000402f478e        0x2 
 .text.crc16_ccitt
                0x00000000402f4790       0x24 lib/built-in.o
                0x00000000402f4790                crc16_ccitt
 .text.drop_var_from_set.part.2
                0x00000000402f47b4       0x30 lib/built-in.o
 .text.hcreate_r
                0x00000000402f47e4       0x58 lib/built-in.o
                0x00000000402f47e4                hcreate_r
 .text.hdestroy_r
                0x00000000402f483c       0x14 lib/built-in.o
                0x00000000402f483c                hdestroy_r
 .text.hsearch_r
                0x00000000402f4850      0x2b8 lib/built-in.o
                0x00000000402f4850                hsearch_r
 .text.hdelete_r
                0x00000000402f4b08       0x94 lib/built-in.o
                0x00000000402f4b08                hdelete_r
 .text.himport_r
                0x00000000402f4b9c      0x234 lib/built-in.o
                0x00000000402f4b9c                himport_r
 .text.crc32_no_comp
                0x00000000402f4dd0       0x90 lib/built-in.o
                0x00000000402f4dd0                crc32_no_comp
 .text.crc32    0x00000000402f4e60        0xc lib/built-in.o
                0x00000000402f4e60                crc32
 .text.__div64_32
                0x00000000402f4e6c       0x8e lib/built-in.o
                0x00000000402f4e6c                __div64_32
 *fill*         0x00000000402f4efa        0x2 
 .text.hang     0x00000000402f4efc       0x18 lib/built-in.o
                0x00000000402f4efc                hang
 .text.kmalloc  0x00000000402f4f14       0x26 lib/built-in.o
                0x00000000402f4f14                kmalloc
 *fill*         0x00000000402f4f3a        0x2 
 .text.skip_spaces
                0x00000000402f4f3c       0x18 lib/built-in.o
                0x00000000402f4f3c                skip_spaces
 .text.strim    0x00000000402f4f54       0x34 lib/built-in.o
                0x00000000402f4f54                strim
 .text.emit     0x00000000402f4f88       0x20 lib/built-in.o
 .text.store_char_in_data
                0x00000000402f4fa8       0x24 lib/built-in.o
 .text.get_escape_char
                0x00000000402f4fcc       0x4a lib/built-in.o
 .text.relocate
                0x00000000402f5016       0x2a lib/built-in.o
 .text.match    0x00000000402f5040      0x260 lib/built-in.o
 .text.loop_greedy
                0x00000000402f52a0       0x56 lib/built-in.o
 .text.loop_non_greedy
                0x00000000402f52f6       0x4c lib/built-in.o
 *fill*         0x00000000402f5342        0x2 
 .text.quantifier
                0x00000000402f5344       0x5c lib/built-in.o
 .text.fixup_branch
                0x00000000402f53a0       0x28 lib/built-in.o
 .text.compile  0x00000000402f53c8      0x214 lib/built-in.o
 .text.slre_compile
                0x00000000402f55dc       0x8c lib/built-in.o
                0x00000000402f55dc                slre_compile
 .text.slre_match
                0x00000000402f5668       0x5c lib/built-in.o
                0x00000000402f5668                slre_match
 .text.strncasecmp
                0x00000000402f56c4       0x44 lib/built-in.o
                0x00000000402f56c4                strncasecmp
 .text.strcpy   0x00000000402f5708       0x10 lib/built-in.o
                0x00000000402f5708                strcpy
 .text.strncpy  0x00000000402f5718       0x18 lib/built-in.o
                0x00000000402f5718                strncpy
 .text.strcat   0x00000000402f5730       0x20 lib/built-in.o
                0x00000000402f5730                strcat
 .text.strcmp   0x00000000402f5750       0x16 lib/built-in.o
                0x00000000402f5750                strcmp
 .text.strncmp  0x00000000402f5766       0x22 lib/built-in.o
                0x00000000402f5766                strncmp
 .text.strchr   0x00000000402f5788       0x1a lib/built-in.o
                0x00000000402f5788                strchr
 .text.strlen   0x00000000402f57a2       0x10 lib/built-in.o
                0x00000000402f57a2                strlen
 .text.strlcpy  0x00000000402f57b2       0x2e lib/built-in.o
                0x00000000402f57b2                strlcpy
 .text.strnlen  0x00000000402f57e0       0x18 lib/built-in.o
                0x00000000402f57e0                strnlen
 .text.strdup   0x00000000402f57f8       0x22 lib/built-in.o
                0x00000000402f57f8                strdup
 .text.strspn   0x00000000402f581a       0x20 lib/built-in.o
                0x00000000402f581a                strspn
 .text.strpbrk  0x00000000402f583a       0x22 lib/built-in.o
                0x00000000402f583a                strpbrk
 .text.strtok   0x00000000402f585c       0x40 lib/built-in.o
                0x00000000402f585c                strtok
 .text.memmove  0x00000000402f589c       0x28 lib/built-in.o
                0x00000000402f589c                memmove
 .text.memcmp   0x00000000402f58c4       0x1a lib/built-in.o
                0x00000000402f58c4                memcmp
 .text.memchr   0x00000000402f58de       0x1c lib/built-in.o
                0x00000000402f58de                memchr
 *fill*         0x00000000402f58fa        0x2 
 .text.udelay   0x00000000402f58fc       0x24 lib/built-in.o
                0x00000000402f58fc                udelay
 .text.uuid_bin_to_str
                0x00000000402f5920       0x78 lib/built-in.o
                0x00000000402f5920                uuid_bin_to_str
 .text.panic_finish
                0x00000000402f5998       0x20 lib/built-in.o
 .text.panic_str
                0x00000000402f59b8        0xa lib/built-in.o
                0x00000000402f59b8                panic_str
 .text.panic    0x00000000402f59c2       0x14 lib/built-in.o
                0x00000000402f59c2                panic
 .text.putc_outstr
                0x00000000402f59d6        0xa lib/built-in.o
 .text.putc_normal
                0x00000000402f59e0        0x6 lib/built-in.o
 .text.div_out  0x00000000402f59e6       0x34 lib/built-in.o
 *fill*         0x00000000402f5a1a        0x2 
 .text._vprintf
                0x00000000402f5a1c      0x1b8 lib/built-in.o
 .text.vprintf  0x00000000402f5bd4       0x1c lib/built-in.o
                0x00000000402f5bd4                vprintf
 .text.printf   0x00000000402f5bf0       0x24 lib/built-in.o
                0x00000000402f5bf0                printf
 .text.sprintf  0x00000000402f5c14       0x2c lib/built-in.o
                0x00000000402f5c14                sprintf
 .text.snprintf
                0x00000000402f5c40       0x2c lib/built-in.o
                0x00000000402f5c40                snprintf
 .text._parse_integer_fixup_radix
                0x00000000402f5c6c       0x5c lib/built-in.o
 .text.simple_strtoul
                0x00000000402f5cc8       0x50 lib/built-in.o
                0x00000000402f5cc8                simple_strtoul
 .text.part_driver_lookup_type
                0x00000000402f5d18       0x44 disk/built-in.o
 .text.part_init
                0x00000000402f5d5c       0x2c disk/built-in.o
                0x00000000402f5d5c                part_init
 .text.part_get_info
                0x00000000402f5d88       0x36 disk/built-in.o
                0x00000000402f5d88                part_get_info
 *fill*         0x00000000402f5dbe        0x2 
 .text.part_get_info_whole_disk
                0x00000000402f5dc0       0x38 disk/built-in.o
                0x00000000402f5dc0                part_get_info_whole_disk
 .text.blk_get_device_by_str
                0x00000000402f5df8       0xa8 disk/built-in.o
                0x00000000402f5df8                blk_get_device_by_str
 .text.blk_get_device_part_str
                0x00000000402f5ea0      0x22c disk/built-in.o
                0x00000000402f5ea0                blk_get_device_part_str
 .text.part_set_generic_name
                0x00000000402f60cc       0x34 disk/built-in.o
                0x00000000402f60cc                part_set_generic_name
 .text.test_block_type
                0x00000000402f6100       0x4c disk/built-in.o
 .text.part_test_dos
                0x00000000402f614c       0x40 disk/built-in.o
 .text.part_get_info_extended
                0x00000000402f618c      0x1d8 disk/built-in.o
 .text.part_get_info_dos
                0x00000000402f6364       0x16 disk/built-in.o
                0x00000000402f6364                part_get_info_dos
 *fill*         0x00000000402f637a        0x2 
 .text.print_efiname
                0x00000000402f637c       0x3c disk/built-in.o
 .text.part_test_efi
                0x00000000402f63b8       0x78 disk/built-in.o
 .text.validate_gpt_entries
                0x00000000402f6430       0x80 disk/built-in.o
 .text.validate_gpt_header
                0x00000000402f64b0      0x1a0 disk/built-in.o
 .text.is_gpt_valid
                0x00000000402f6650      0x1b4 disk/built-in.o
 .text.is_pte_valid
                0x00000000402f6804       0x38 disk/built-in.o
 .text.part_get_info_efi
                0x00000000402f683c      0x164 disk/built-in.o
                0x00000000402f683c                part_get_info_efi
 .text.device_bind_common.isra.0
                0x00000000402f69a0      0x17a drivers/built-in.o
 .text.alloc_priv
                0x00000000402f6b1a       0x38 drivers/built-in.o
 .text.device_bind_with_driver_data
                0x00000000402f6b52       0x16 drivers/built-in.o
                0x00000000402f6b52                device_bind_with_driver_data
 .text.device_bind_by_name
                0x00000000402f6b68       0x44 drivers/built-in.o
                0x00000000402f6b68                device_bind_by_name
 .text.device_probe
                0x00000000402f6bac      0x10a drivers/built-in.o
                0x00000000402f6bac                device_probe
 .text.dev_get_platdata
                0x00000000402f6cb6        0x6 drivers/built-in.o
                0x00000000402f6cb6                dev_get_platdata
 .text.dev_get_parent_platdata
                0x00000000402f6cbc        0x6 drivers/built-in.o
                0x00000000402f6cbc                dev_get_parent_platdata
 .text.dev_get_priv
                0x00000000402f6cc2        0x6 drivers/built-in.o
                0x00000000402f6cc2                dev_get_priv
 .text.dev_get_uclass_priv
                0x00000000402f6cc8        0x6 drivers/built-in.o
                0x00000000402f6cc8                dev_get_uclass_priv
 .text.device_find_first_child
                0x00000000402f6cce       0x12 drivers/built-in.o
                0x00000000402f6cce                device_find_first_child
 .text.device_find_next_child
                0x00000000402f6ce0       0x16 drivers/built-in.o
                0x00000000402f6ce0                device_find_next_child
 .text.dev_get_parent
                0x00000000402f6cf6        0x4 drivers/built-in.o
                0x00000000402f6cf6                dev_get_parent
 .text.devfdt_get_addr
                0x00000000402f6cfa        0x6 drivers/built-in.o
                0x00000000402f6cfa                devfdt_get_addr
 .text.lists_driver_lookup_name
                0x00000000402f6d00       0x2c drivers/built-in.o
                0x00000000402f6d00                lists_driver_lookup_name
 .text.lists_uclass_lookup
                0x00000000402f6d2c       0x20 drivers/built-in.o
                0x00000000402f6d2c                lists_uclass_lookup
 .text.lists_bind_drivers
                0x00000000402f6d4c       0x48 drivers/built-in.o
                0x00000000402f6d4c                lists_bind_drivers
 .text.device_bind_driver_to_node
                0x00000000402f6d94       0x2c drivers/built-in.o
                0x00000000402f6d94                device_bind_driver_to_node
 .text.device_bind_driver
                0x00000000402f6dc0       0x12 drivers/built-in.o
                0x00000000402f6dc0                device_bind_driver
 .text.dm_fixup_for_gd_move
                0x00000000402f6dd2       0x14 drivers/built-in.o
                0x00000000402f6dd2                dm_fixup_for_gd_move
 *fill*         0x00000000402f6de6        0x2 
 .text.dm_init  0x00000000402f6de8       0x38 drivers/built-in.o
                0x00000000402f6de8                dm_init
 .text.dm_scan_platdata
                0x00000000402f6e20       0x16 drivers/built-in.o
                0x00000000402f6e20                dm_scan_platdata
 .text.dm_scan_other
                0x00000000402f6e36        0x4 drivers/built-in.o
                0x00000000402f6e36                dm_scan_other
 .text.dm_init_and_scan
                0x00000000402f6e3a       0x20 drivers/built-in.o
                0x00000000402f6e3a                dm_init_and_scan
 .text.uclass_find
                0x00000000402f6e5a       0x2e drivers/built-in.o
                0x00000000402f6e5a                uclass_find
 .text.uclass_get
                0x00000000402f6e88       0x96 drivers/built-in.o
                0x00000000402f6e88                uclass_get
 .text.uclass_find_device
                0x00000000402f6f1e       0x42 drivers/built-in.o
                0x00000000402f6f1e                uclass_find_device
 .text.uclass_find_first_device
                0x00000000402f6f60       0x26 drivers/built-in.o
                0x00000000402f6f60                uclass_find_first_device
 .text.uclass_find_next_device
                0x00000000402f6f86       0x18 drivers/built-in.o
                0x00000000402f6f86                uclass_find_next_device
 .text.uclass_find_next_free_req_seq
                0x00000000402f6f9e       0x3c drivers/built-in.o
                0x00000000402f6f9e                uclass_find_next_free_req_seq
 .text.uclass_find_device_by_seq
                0x00000000402f6fda       0x54 drivers/built-in.o
                0x00000000402f6fda                uclass_find_device_by_seq
 .text.uclass_get_device_tail
                0x00000000402f702e       0x16 drivers/built-in.o
                0x00000000402f702e                uclass_get_device_tail
 .text.uclass_get_device
                0x00000000402f7044       0x1c drivers/built-in.o
                0x00000000402f7044                uclass_get_device
 .text.uclass_get_device_by_seq
                0x00000000402f7060       0x32 drivers/built-in.o
                0x00000000402f7060                uclass_get_device_by_seq
 .text.uclass_first_device
                0x00000000402f7092       0x1e drivers/built-in.o
                0x00000000402f7092                uclass_first_device
 .text.uclass_next_device
                0x00000000402f70b0       0x22 drivers/built-in.o
                0x00000000402f70b0                uclass_next_device
 .text.uclass_bind_device
                0x00000000402f70d2       0x3a drivers/built-in.o
                0x00000000402f70d2                uclass_bind_device
 .text.uclass_resolve_seq
                0x00000000402f710c       0x52 drivers/built-in.o
                0x00000000402f710c                uclass_resolve_seq
 .text.uclass_pre_probe_device
                0x00000000402f715e       0x2e drivers/built-in.o
                0x00000000402f715e                uclass_pre_probe_device
 .text.uclass_post_probe_device
                0x00000000402f718c       0x2e drivers/built-in.o
                0x00000000402f718c                uclass_post_probe_device
 .text.gpio_post_bind
                0x00000000402f71ba        0x4 drivers/built-in.o
 .text.gpio_to_device
                0x00000000402f71be       0x4a drivers/built-in.o
 .text.check_reserved
                0x00000000402f7208       0x4c drivers/built-in.o
 .text.gpio_renumber
                0x00000000402f7254       0x46 drivers/built-in.o
 .text.gpio_pre_remove
                0x00000000402f729a       0x12 drivers/built-in.o
 .text.gpio_post_probe
                0x00000000402f72ac       0x24 drivers/built-in.o
 .text.dm_gpio_request
                0x00000000402f72d0       0x56 drivers/built-in.o
                0x00000000402f72d0                dm_gpio_request
 .text.gpio_request
                0x00000000402f7326       0x18 drivers/built-in.o
                0x00000000402f7326                gpio_request
 *fill*         0x00000000402f733e        0x2 
 .text.gpio_direction_input
                0x00000000402f7340       0x2c drivers/built-in.o
                0x00000000402f7340                gpio_direction_input
 .text.gpio_direction_output
                0x00000000402f736c       0x2c drivers/built-in.o
                0x00000000402f736c                gpio_direction_output
 .text.dm_gpio_get_value
                0x00000000402f7398       0x2c drivers/built-in.o
                0x00000000402f7398                dm_gpio_get_value
 .text.gpio_get_value
                0x00000000402f73c4       0x16 drivers/built-in.o
                0x00000000402f73c4                gpio_get_value
 .text.omap_gpio_direction_input
                0x00000000402f73da       0x1c drivers/built-in.o
 *fill*         0x00000000402f73f6        0x2 
 .text.omap_gpio_probe
                0x00000000402f73f8       0x48 drivers/built-in.o
 .text.omap_gpio_direction_output
                0x00000000402f7440       0x32 drivers/built-in.o
 .text.omap_gpio_get_value
                0x00000000402f7472       0x2c drivers/built-in.o
 .text.omap_gpio_bind
                0x00000000402f749e       0x46 drivers/built-in.o
 .text.omap_gpio_get_function
                0x00000000402f74e4       0x1c drivers/built-in.o
 .text.omap_gpio_set_value
                0x00000000402f7500       0x22 drivers/built-in.o
 .text.i2c_setup_offset
                0x00000000402f7522       0x36 drivers/built-in.o
 .text.i2c_probe_chip
                0x00000000402f7558       0x44 drivers/built-in.o
 .text.i2c_post_probe
                0x00000000402f759c        0x4 drivers/built-in.o
 .text.i2c_post_bind
                0x00000000402f75a0       0x1e drivers/built-in.o
 .text.i2c_uclass_init
                0x00000000402f75be       0x14 drivers/built-in.o
                0x00000000402f75be                i2c_uclass_init
 .text.i2c_child_post_bind
                0x00000000402f75d2        0x4 drivers/built-in.o
 .text.dm_i2c_read
                0x00000000402f75d6       0xe2 drivers/built-in.o
                0x00000000402f75d6                dm_i2c_read
 .text.dm_i2c_write
                0x00000000402f76b8      0x128 drivers/built-in.o
                0x00000000402f76b8                dm_i2c_write
 .text.dm_i2c_reg_read
                0x00000000402f77e0       0x1a drivers/built-in.o
                0x00000000402f77e0                dm_i2c_reg_read
 .text.dm_i2c_reg_write
                0x00000000402f77fa       0x16 drivers/built-in.o
                0x00000000402f77fa                dm_i2c_reg_write
 .text.i2c_get_chip
                0x00000000402f7810       0x80 drivers/built-in.o
                0x00000000402f7810                i2c_get_chip
 .text.i2c_get_chip_for_busnum
                0x00000000402f7890       0x30 drivers/built-in.o
                0x00000000402f7890                i2c_get_chip_for_busnum
 .text.i2c_set_chip_offset_len
                0x00000000402f78c0       0x16 drivers/built-in.o
                0x00000000402f78c0                i2c_set_chip_offset_len
 *fill*         0x00000000402f78d6        0x2 
 .text.__omap24_i2c_setspeed
                0x00000000402f78d8      0x128 drivers/built-in.o
 .text.omap_i2c_set_bus_speed
                0x00000000402f7a00       0x1c drivers/built-in.o
 .text.wait_for_bb
                0x00000000402f7a1c       0x80 drivers/built-in.o
 .text.wait_for_event
                0x00000000402f7a9c       0x78 drivers/built-in.o
 .text.flush_fifo
                0x00000000402f7b14       0x40 drivers/built-in.o
 .text.omap_i2c_probe_chip
                0x00000000402f7b54       0xcc drivers/built-in.o
 .text.omap_i2c_xfer
                0x00000000402f7c20      0x248 drivers/built-in.o
 .text.omap_i2c_probe
                0x00000000402f7e68      0x1c4 drivers/built-in.o
 .text.mmc_set_ios
                0x00000000402f802c        0xe drivers/built-in.o
 .text.mmc_set_capacity
                0x00000000402f803a       0x6c drivers/built-in.o
 .text.board_mmc_getcd
                0x00000000402f80a6        0x6 drivers/built-in.o
                0x00000000402f80a6                board_mmc_getcd
 .text.mmc_send_cmd
                0x00000000402f80ac        0x8 drivers/built-in.o
                0x00000000402f80ac                mmc_send_cmd
 .text.mmc_go_idle
                0x00000000402f80b4       0x32 drivers/built-in.o
 *fill*         0x00000000402f80e6        0x2 
 .text.mmc_send_op_cond_iter
                0x00000000402f80e8       0x44 drivers/built-in.o
 .text.mmc_send_ext_csd
                0x00000000402f812c       0x2e drivers/built-in.o
 *fill*         0x00000000402f815a        0x2 
 .text.mmc_read_and_compare_ext_csd
                0x00000000402f815c       0x78 drivers/built-in.o
 .text.mmc_send_status
                0x00000000402f81d4       0x90 drivers/built-in.o
                0x00000000402f81d4                mmc_send_status
 .text.__mmc_switch.isra.4.constprop.13
                0x00000000402f8264       0x3e drivers/built-in.o
 *fill*         0x00000000402f82a2        0x2 
 .text.mmc_set_card_speed.constprop.12
                0x00000000402f82a4       0x68 drivers/built-in.o
 .text.mmc_startup_v4
                0x00000000402f830c      0x1e0 drivers/built-in.o
 .text.mmc_set_blocklen
                0x00000000402f84ec       0x42 drivers/built-in.o
                0x00000000402f84ec                mmc_set_blocklen
 *fill*         0x00000000402f852e        0x2 
 .text.mmc_bread
                0x00000000402f8530       0xdc drivers/built-in.o
                0x00000000402f8530                mmc_bread
 .text.mmc_switch
                0x00000000402f860c        0x8 drivers/built-in.o
                0x00000000402f860c                mmc_switch
 .text.mmc_switch_part
                0x00000000402f8614       0x3e drivers/built-in.o
                0x00000000402f8614                mmc_switch_part
 .text.mmc_getcd
                0x00000000402f8652       0x20 drivers/built-in.o
                0x00000000402f8652                mmc_getcd
 .text.mmc_set_clock
                0x00000000402f8672       0x20 drivers/built-in.o
                0x00000000402f8672                mmc_set_clock
 *fill*         0x00000000402f8692        0x2 
 .text.mmc_startup
                0x00000000402f8694      0x754 drivers/built-in.o
 .text.board_mmc_power_init
                0x00000000402f8de8        0x2 drivers/built-in.o
                0x00000000402f8de8                board_mmc_power_init
 *fill*         0x00000000402f8dea        0x2 
 .text.mmc_get_op_cond
                0x00000000402f8dec      0x184 drivers/built-in.o
                0x00000000402f8dec                mmc_get_op_cond
 .text.mmc_start_init
                0x00000000402f8f70       0x48 drivers/built-in.o
                0x00000000402f8f70                mmc_start_init
 .text.mmc_init
                0x00000000402f8fb8       0x9c drivers/built-in.o
                0x00000000402f8fb8                mmc_init
 .text.board_mmc_init
                0x00000000402f9054        0x6 drivers/built-in.o
                0x00000000402f9054                board_mmc_init
 *fill*         0x00000000402f905a        0x2 
 .text.mmc_initialize
                0x00000000402f905c       0x30 drivers/built-in.o
                0x00000000402f905c                mmc_initialize
 .text.mmc_berase
                0x00000000402f908c        0x4 drivers/built-in.o
 .text.mmc_bwrite
                0x00000000402f9090        0x4 drivers/built-in.o
 .text.find_mmc_device
                0x00000000402f9094       0x30 drivers/built-in.o
                0x00000000402f9094                find_mmc_device
 .text.mmc_select_hwpartp
                0x00000000402f90c4       0x36 drivers/built-in.o
 .text.mmc_get_dev
                0x00000000402f90fa       0x1e drivers/built-in.o
 .text.mmc_get_next_devnum
                0x00000000402f9118       0x10 drivers/built-in.o
                0x00000000402f9118                mmc_get_next_devnum
 .text.mmc_get_blk_desc
                0x00000000402f9128        0x4 drivers/built-in.o
                0x00000000402f9128                mmc_get_blk_desc
 .text.mmc_do_preinit
                0x00000000402f912c       0x20 drivers/built-in.o
                0x00000000402f912c                mmc_do_preinit
 .text.mmc_list_init
                0x00000000402f914c       0x18 drivers/built-in.o
                0x00000000402f914c                mmc_list_init
 .text.mmc_list_add
                0x00000000402f9164       0x18 drivers/built-in.o
                0x00000000402f9164                mmc_list_add
 .text.mmc_create
                0x00000000402f917c       0x80 drivers/built-in.o
                0x00000000402f917c                mmc_create
 .text.mmc_reset_controller_fsm
                0x00000000402f91fc       0x7c drivers/built-in.o
 .text.omap_hsmmc_getwp
                0x00000000402f9278       0x10 drivers/built-in.o
 .text.omap_hsmmc_getcd
                0x00000000402f9288       0x1a drivers/built-in.o
 *fill*         0x00000000402f92a2        0x2 
 .text.omap_hsmmc_send_cmd
                0x00000000402f92a4      0x2cc drivers/built-in.o
 .text.omap_hsmmc_set_ios
                0x00000000402f9570      0x184 drivers/built-in.o
 .text.mmc_init_stream
                0x00000000402f96f4       0xac drivers/built-in.o
                0x00000000402f96f4                mmc_init_stream
 .text.omap_hsmmc_init_setup
                0x00000000402f97a0      0x178 drivers/built-in.o
 .text.omap_mmc_init
                0x00000000402f9918       0xec drivers/built-in.o
                0x00000000402f9918                omap_mmc_init
 .text._serial_putc
                0x00000000402f9a04       0x22 drivers/built-in.o
 .text.serial_post_probe
                0x00000000402f9a26       0x12 drivers/built-in.o
 .text.serial_pre_remove
                0x00000000402f9a38        0x4 drivers/built-in.o
 .text.serial_init
                0x00000000402f9a3c       0x50 drivers/built-in.o
                0x00000000402f9a3c                serial_init
 .text.serial_putc
                0x00000000402f9a8c       0x12 drivers/built-in.o
                0x00000000402f9a8c                serial_putc
 .text.serial_puts
                0x00000000402f9a9e       0x1e drivers/built-in.o
                0x00000000402f9a9e                serial_puts
 .text.serial_getc
                0x00000000402f9abc       0x28 drivers/built-in.o
                0x00000000402f9abc                serial_getc
 .text.serial_tstc
                0x00000000402f9ae4       0x1a drivers/built-in.o
                0x00000000402f9ae4                serial_tstc
 .text.ns16550_serial_getinfo
                0x00000000402f9afe       0x22 drivers/built-in.o
 .text.ns16550_writeb.isra.0
                0x00000000402f9b20       0x14 drivers/built-in.o
 .text.ns16550_serial_setconfig
                0x00000000402f9b34       0x3c drivers/built-in.o
 .text.ns16550_readb.isra.1
                0x00000000402f9b70       0x14 drivers/built-in.o
 .text.NS16550_setbrg
                0x00000000402f9b84       0x42 drivers/built-in.o
 .text.ns16550_serial_setbrg
                0x00000000402f9bc6       0x24 drivers/built-in.o
 .text.ns16550_serial_pending
                0x00000000402f9bea       0x28 drivers/built-in.o
 .text.ns16550_serial_putc
                0x00000000402f9c12       0x32 drivers/built-in.o
 .text.ns16550_serial_getc
                0x00000000402f9c44       0x26 drivers/built-in.o
 .text.NS16550_init
                0x00000000402f9c6a       0x5e drivers/built-in.o
                0x00000000402f9c6a                NS16550_init
 .text.ns16550_serial_probe
                0x00000000402f9cc8       0x20 drivers/built-in.o
                0x00000000402f9cc8                ns16550_serial_probe
 .text.tps65217_reg_read
                0x00000000402f9ce8       0x14 drivers/built-in.o
                0x00000000402f9ce8                tps65217_reg_read
 .text.tps65217_reg_write
                0x00000000402f9cfc       0x98 drivers/built-in.o
                0x00000000402f9cfc                tps65217_reg_write
 .text.tps65217_voltage_update
                0x00000000402f9d94       0x32 drivers/built-in.o
                0x00000000402f9d94                tps65217_voltage_update
 *fill*         0x00000000402f9dc6        0x2 
 .text.power_tps65217_init
                0x00000000402f9dc8       0x24 drivers/built-in.o
                0x00000000402f9dc8                power_tps65217_init
 .text.power_tps65910_init
                0x00000000402f9dec       0x24 drivers/built-in.o
                0x00000000402f9dec                power_tps65910_init
 .text.tps65910_set_i2c_control
                0x00000000402f9e10       0x28 drivers/built-in.o
                0x00000000402f9e10                tps65910_set_i2c_control
 .text.tps65910_voltage_update
                0x00000000402f9e38       0x60 drivers/built-in.o
                0x00000000402f9e38                tps65910_voltage_update
 .text.musb_gadget_enable
                0x00000000402f9e98      0x192 drivers/built-in.o
 .text.musb_free_request
                0x00000000402fa02a        0x2 drivers/built-in.o
                0x00000000402fa02a                musb_free_request
 .text.musb_gadget_fifo_status
                0x00000000402fa02c       0x26 drivers/built-in.o
 .text.musb_gadget_fifo_flush
                0x00000000402fa052       0x50 drivers/built-in.o
 .text.musb_gadget_get_frame
                0x00000000402fa0a2        0xc drivers/built-in.o
 .text.musb_gadget_wakeup
                0x00000000402fa0ae        0x4 drivers/built-in.o
 .text.musb_gadget_set_self_powered
                0x00000000402fa0b2       0x16 drivers/built-in.o
 .text.musb_gadget_vbus_draw
                0x00000000402fa0c8        0x4 drivers/built-in.o
 .text.txstate  0x00000000402fa0cc       0x70 drivers/built-in.o
 .text.musb_alloc_request
                0x00000000402fa13c       0x22 drivers/built-in.o
                0x00000000402fa13c                musb_alloc_request
 .text.musb_gadget_stop
                0x00000000402fa15e        0xe drivers/built-in.o
 .text.init_peripheral_ep
                0x00000000402fa16c       0xb0 drivers/built-in.o
 .text.musb_gadget_start
                0x00000000402fa21c       0x2a drivers/built-in.o
                0x00000000402fa21c                musb_gadget_start
 .text.musb_gadget_pullup
                0x00000000402fa246       0x38 drivers/built-in.o
 .text.musb_g_giveback
                0x00000000402fa27e       0x32 drivers/built-in.o
                0x00000000402fa27e                musb_g_giveback
 .text.rxstate  0x00000000402fa2b0       0x98 drivers/built-in.o
 .text.musb_gadget_dequeue
                0x00000000402fa348       0x40 drivers/built-in.o
 .text.musb_gadget_disable
                0x00000000402fa388       0x66 drivers/built-in.o
 .text.musb_g_tx
                0x00000000402fa3ee       0xdc drivers/built-in.o
                0x00000000402fa3ee                musb_g_tx
 .text.musb_g_rx
                0x00000000402fa4ca       0x6e drivers/built-in.o
                0x00000000402fa4ca                musb_g_rx
 .text.musb_ep_restart
                0x00000000402fa538       0x1e drivers/built-in.o
                0x00000000402fa538                musb_ep_restart
 .text.musb_gadget_set_halt
                0x00000000402fa556       0xb2 drivers/built-in.o
 .text.musb_gadget_queue
                0x00000000402fa608       0x72 drivers/built-in.o
 *fill*         0x00000000402fa67a        0x2 
 .text.musb_gadget_setup
                0x00000000402fa67c       0x90 drivers/built-in.o
                0x00000000402fa67c                musb_gadget_setup
 .text.musb_g_ep0_enable
                0x00000000402fa70c        0x6 drivers/built-in.o
 .text.musb_g_ep0_disable
                0x00000000402fa712        0x6 drivers/built-in.o
 .text.musb_g_ep0_halt
                0x00000000402fa718       0x60 drivers/built-in.o
 .text.musb_g_ep0_dequeue
                0x00000000402fa778        0x6 drivers/built-in.o
 .text.ep0_txstate
                0x00000000402fa77e       0x9a drivers/built-in.o
 .text.musb_g_ep0_queue
                0x00000000402fa818       0xb0 drivers/built-in.o
 .text.musb_g_ep0_irq
                0x00000000402fa8c8      0x5f4 drivers/built-in.o
                0x00000000402fa8c8                musb_g_ep0_irq
 .text.fifo_setup
                0x00000000402faebc       0xfe drivers/built-in.o
 .text.musb_write_fifo
                0x00000000402fafba       0x74 drivers/built-in.o
                0x00000000402fafba                musb_write_fifo
 .text.musb_read_fifo
                0x00000000402fb02e       0x74 drivers/built-in.o
                0x00000000402fb02e                musb_read_fifo
 *fill*         0x00000000402fb0a2        0x2 
 .text.musb_load_testpacket
                0x00000000402fb0a4       0x24 drivers/built-in.o
                0x00000000402fb0a4                musb_load_testpacket
 .text.musb_start
                0x00000000402fb0c8       0x84 drivers/built-in.o
                0x00000000402fb0c8                musb_start
 .text.musb_stop
                0x00000000402fb14c       0x3c drivers/built-in.o
                0x00000000402fb14c                musb_stop
 .text.musb_interrupt
                0x00000000402fb188       0xd2 drivers/built-in.o
                0x00000000402fb188                musb_interrupt
 *fill*         0x00000000402fb25a        0x2 
 .text.musb_init_controller
                0x00000000402fb25c      0x40c drivers/built-in.o
                0x00000000402fb25c                musb_init_controller
 .text.musb_register
                0x00000000402fb668       0x3c drivers/built-in.o
                0x00000000402fb668                musb_register
 .text.musb_h_tx_flush_fifo
                0x00000000402fb6a4       0x40 drivers/built-in.o
 .text.musb_h_ep0_flush_fifo
                0x00000000402fb6e4       0x3c drivers/built-in.o
 .text.musb_h_flush_rxfifo.isra.1
                0x00000000402fb720       0x1a drivers/built-in.o
 *fill*         0x00000000402fb73a        0x2 
 .text.musb_start_urb
                0x00000000402fb73c      0x348 drivers/built-in.o
 .text.musb_advance_schedule
                0x00000000402fba84      0x12a drivers/built-in.o
 *fill*         0x00000000402fbbae        0x2 
 .text.musb_h_ep0_irq
                0x00000000402fbbb0      0x1c0 drivers/built-in.o
                0x00000000402fbbb0                musb_h_ep0_irq
 .text.musb_host_tx
                0x00000000402fbd70      0x11e drivers/built-in.o
                0x00000000402fbd70                musb_host_tx
 *fill*         0x00000000402fbe8e        0x2 
 .text.musb_host_rx
                0x00000000402fbe90      0x270 drivers/built-in.o
                0x00000000402fbe90                musb_host_rx
 .text.dsps_musb_enable
                0x00000000402fc100       0x1c drivers/built-in.o
 .text.dsps_musb_disable
                0x00000000402fc11c        0x2 drivers/built-in.o
 *fill*         0x00000000402fc11e        0x2 
 .text.dsps_musb_init
                0x00000000402fc120       0x50 drivers/built-in.o
 .text.dsps_musb_exit
                0x00000000402fc170       0x16 drivers/built-in.o
 .text.dsps_interrupt
                0x00000000402fc186       0x4e drivers/built-in.o
 .text.hw_watchdog_reset
                0x00000000402fc1d4       0x24 drivers/built-in.o
                0x00000000402fc1d4                hw_watchdog_reset
 .text.hw_watchdog_disable
                0x00000000402fc1f8       0x30 drivers/built-in.o
                0x00000000402fc1f8                hw_watchdog_disable
 .text.hw_watchdog_init
                0x00000000402fc228       0x74 drivers/built-in.o
                0x00000000402fc228                hw_watchdog_init
 .text.get_desc
                0x00000000402fc29c       0x3a drivers/built-in.o
 *fill*         0x00000000402fc2d6        0x2 
 .text.blk_driver_lookup_type
                0x00000000402fc2d8       0x20 drivers/built-in.o
                0x00000000402fc2d8                blk_driver_lookup_type
 .text.blk_dselect_hwpart
                0x00000000402fc2f8       0x26 drivers/built-in.o
                0x00000000402fc2f8                blk_dselect_hwpart
 *fill*         0x00000000402fc31e        0x2 
 .text.blk_get_devnum_by_typename
                0x00000000402fc320       0x3c drivers/built-in.o
                0x00000000402fc320                blk_get_devnum_by_typename
 .text.downcase
                0x00000000402fc35c       0x28 fs/built-in.o
 .text.disk_read
                0x00000000402fc384       0x30 fs/built-in.o
 .text.get_fatent
                0x00000000402fc3b4       0xe8 fs/built-in.o
 .text.next_dent
                0x00000000402fc49c       0xb4 fs/built-in.o
 .text.get_cluster
                0x00000000402fc550       0xe6 fs/built-in.o
 *fill*         0x00000000402fc636        0x2 
 .text.read_bootsectandvi
                0x00000000402fc638       0xac fs/built-in.o
 .text.fat_itr_root
                0x00000000402fc6e4      0x13c fs/built-in.o
 .text.fat_itr_next
                0x00000000402fc820      0x1ac fs/built-in.o
 .text.fat_itr_resolve
                0x00000000402fc9cc      0x11c fs/built-in.o
 .text.fat_set_blk_dev
                0x00000000402fcae8       0x8c fs/built-in.o
                0x00000000402fcae8                fat_set_blk_dev
 .text.fat_register_device
                0x00000000402fcb74       0x54 fs/built-in.o
                0x00000000402fcb74                fat_register_device
 .text.file_fat_read_at
                0x00000000402fcbc8      0x2c4 fs/built-in.o
                0x00000000402fcbc8                file_fat_read_at
 .text.file_fat_read
                0x00000000402fce8c       0x22 fs/built-in.o
                0x00000000402fce8c                file_fat_read
 *fill*         0x00000000402fceae        0x2 
 .text.get_fs   0x00000000402fceb0        0x8 fs/built-in.o
                0x00000000402fceb0                get_fs
 .text.ext4fs_free_node
                0x00000000402fceb8        0x2 fs/built-in.o
                0x00000000402fceb8                ext4fs_free_node
 *fill*         0x00000000402fceba        0x2 
 .text.ext4fs_read_file
                0x00000000402fcebc      0x250 fs/built-in.o
                0x00000000402fcebc                ext4fs_read_file
 .text.ext4fs_read
                0x00000000402fd10c       0x38 fs/built-in.o
                0x00000000402fd10c                ext4fs_read
 .text.ext4_read_file
                0x00000000402fd144       0x50 fs/built-in.o
                0x00000000402fd144                ext4_read_file
 .text.ext4fs_get_group_descriptor
                0x00000000402fd194        0xa fs/built-in.o
                0x00000000402fd194                ext4fs_get_group_descriptor
 .text.ext4fs_sb_get_free_blocks
                0x00000000402fd19e       0x1c fs/built-in.o
                0x00000000402fd19e                ext4fs_sb_get_free_blocks
 .text.ext4fs_sb_set_free_blocks
                0x00000000402fd1ba        0xa fs/built-in.o
                0x00000000402fd1ba                ext4fs_sb_set_free_blocks
 .text.ext4fs_bg_get_free_blocks
                0x00000000402fd1c4       0x12 fs/built-in.o
                0x00000000402fd1c4                ext4fs_bg_get_free_blocks
 .text.ext4fs_bg_get_block_id
                0x00000000402fd1d6       0x1c fs/built-in.o
                0x00000000402fd1d6                ext4fs_bg_get_block_id
 .text.ext4fs_bg_get_inode_id
                0x00000000402fd1f2       0x1c fs/built-in.o
                0x00000000402fd1f2                ext4fs_bg_get_inode_id
 .text.ext4fs_bg_get_inode_table_id
                0x00000000402fd20e       0x1c fs/built-in.o
                0x00000000402fd20e                ext4fs_bg_get_inode_table_id
 .text.ext4fs_div_roundup
                0x00000000402fd22a       0x14 fs/built-in.o
                0x00000000402fd22a                ext4fs_div_roundup
 *fill*         0x00000000402fd23e        0x2 
 .text.put_ext4
                0x00000000402fd240      0x128 fs/built-in.o
                0x00000000402fd240                put_ext4
 .text.ext4fs_set_block_bmap
                0x00000000402fd368       0x6c fs/built-in.o
                0x00000000402fd368                ext4fs_set_block_bmap
 .text.ext4fs_reset_block_bmap
                0x00000000402fd3d4       0x64 fs/built-in.o
                0x00000000402fd3d4                ext4fs_reset_block_bmap
 .text.ext4fs_set_inode_bmap
                0x00000000402fd438       0x4c fs/built-in.o
                0x00000000402fd438                ext4fs_set_inode_bmap
 .text.ext4fs_reset_inode_bmap
                0x00000000402fd484       0x48 fs/built-in.o
                0x00000000402fd484                ext4fs_reset_inode_bmap
 .text.ext4fs_checksum_update
                0x00000000402fd4cc       0x5a fs/built-in.o
                0x00000000402fd4cc                ext4fs_checksum_update
 *fill*         0x00000000402fd526        0x2 
 .text.ext4fs_get_new_blk_no
                0x00000000402fd528      0x2b0 fs/built-in.o
                0x00000000402fd528                ext4fs_get_new_blk_no
 .text.ext4fs_get_new_inode_no
                0x00000000402fd7d8      0x294 fs/built-in.o
                0x00000000402fd7d8                ext4fs_get_new_inode_no
 .text.ext4fs_allocate_blocks
                0x00000000402fda6c      0x398 fs/built-in.o
                0x00000000402fda6c                ext4fs_allocate_blocks
 .text.ext4fs_read_inode
                0x00000000402fde04       0xc6 fs/built-in.o
                0x00000000402fde04                ext4fs_read_inode
 *fill*         0x00000000402fdeca        0x2 
 .text.ext4fs_iget
                0x00000000402fdecc       0x1c fs/built-in.o
                0x00000000402fdecc                ext4fs_iget
 .text.read_allocated_block
                0x00000000402fdee8      0x5a8 fs/built-in.o
                0x00000000402fdee8                read_allocated_block
 .text.ext4fs_update_parent_dentry
                0x00000000402fe490      0x22c fs/built-in.o
                0x00000000402fe490                ext4fs_update_parent_dentry
 .text.search_dir
                0x00000000402fe6bc       0xc0 fs/built-in.o
 .text.ext4fs_get_parent_inode_num
                0x00000000402fe77c      0x288 fs/built-in.o
                0x00000000402fe77c                ext4fs_get_parent_inode_num
 .text.ext4fs_filename_unlink
                0x00000000402fea04      0x114 fs/built-in.o
                0x00000000402fea04                ext4fs_filename_unlink
 .text.ext4fs_reinit_global
                0x00000000402feb18       0x68 fs/built-in.o
                0x00000000402feb18                ext4fs_reinit_global
 .text.ext4fs_close
                0x00000000402feb80       0x34 fs/built-in.o
                0x00000000402feb80                ext4fs_close
 .text.ext4fs_iterate_dir
                0x00000000402febb4      0x1d8 fs/built-in.o
                0x00000000402febb4                ext4fs_iterate_dir
 .text.ext4fs_find_file1
                0x00000000402fed8c      0x1a8 fs/built-in.o
 .text.ext4fs_find_file
                0x00000000402fef34       0x44 fs/built-in.o
                0x00000000402fef34                ext4fs_find_file
 .text.ext4fs_open
                0x00000000402fef78       0x64 fs/built-in.o
                0x00000000402fef78                ext4fs_open
 .text.ext4fs_mount
                0x00000000402fefdc       0x88 fs/built-in.o
                0x00000000402fefdc                ext4fs_mount
 .text.ext4fs_set_blk_dev
                0x00000000402ff064       0x54 fs/built-in.o
                0x00000000402ff064                ext4fs_set_blk_dev
 .text.ext4fs_devread
                0x00000000402ff0b8       0x28 fs/built-in.o
                0x00000000402ff0b8                ext4fs_devread
 .text.ext4_read_superblock
                0x00000000402ff0e0       0x28 fs/built-in.o
                0x00000000402ff0e0                ext4_read_superblock
 .text.ext4fs_update
                0x00000000402ff108       0xc4 fs/built-in.o
 .text.ext4fs_get_bgdtable
                0x00000000402ff1cc       0x70 fs/built-in.o
                0x00000000402ff1cc                ext4fs_get_bgdtable
 .text.ext4fs_deinit
                0x00000000402ff23c       0xc8 fs/built-in.o
                0x00000000402ff23c                ext4fs_deinit
 .text.ext4fs_init
                0x00000000402ff304      0x1d4 fs/built-in.o
                0x00000000402ff304                ext4fs_init
 .text.ext4fs_write
                0x00000000402ff4d8      0xba4 fs/built-in.o
                0x00000000402ff4d8                ext4fs_write
 .text.ext4fs_dump_metadata
                0x000000004030007c       0x3c fs/built-in.o
                0x000000004030007c                ext4fs_dump_metadata
 .text.ext4fs_free_journal
                0x00000000403000b8       0x20 fs/built-in.o
                0x00000000403000b8                ext4fs_free_journal
 .text.ext4fs_log_gdt
                0x00000000403000d8       0x88 fs/built-in.o
                0x00000000403000d8                ext4fs_log_gdt
 .text.ext4fs_log_journal
                0x0000000040300160       0x9c fs/built-in.o
                0x0000000040300160                ext4fs_log_journal
 .text.ext4fs_put_metadata
                0x00000000403001fc       0x8c fs/built-in.o
                0x00000000403001fc                ext4fs_put_metadata
 .text.ext4fs_push_revoke_blk
                0x0000000040300288       0x90 fs/built-in.o
                0x0000000040300288                ext4fs_push_revoke_blk
 .text.ext4fs_free_revoke_blks
                0x0000000040300318       0x2c fs/built-in.o
                0x0000000040300318                ext4fs_free_revoke_blks
 .text.check_blknr_for_revoke
                0x0000000040300344       0x3c fs/built-in.o
                0x0000000040300344                check_blknr_for_revoke
 .text.recover_transaction
                0x0000000040300380       0xdc fs/built-in.o
                0x0000000040300380                recover_transaction
 .text.print_jrnl_status
                0x000000004030045c       0x14 fs/built-in.o
                0x000000004030045c                print_jrnl_status
 .text.ext4fs_check_journal_state
                0x0000000040300470      0x1e4 fs/built-in.o
                0x0000000040300470                ext4fs_check_journal_state
 .text.ext4fs_init_journal
                0x0000000040300654      0x194 fs/built-in.o
                0x0000000040300654                ext4fs_init_journal
 .text.ext4fs_update_journal
                0x00000000403007e8      0x200 fs/built-in.o
                0x00000000403007e8                ext4fs_update_journal
 .text.ext2fs_crc16
                0x00000000403009e8       0x24 fs/built-in.o
                0x00000000403009e8                ext2fs_crc16
 .text.fs_devread
                0x0000000040300a0c      0x168 fs/built-in.o
                0x0000000040300a0c                fs_devread
 .text.__udivsi3
                0x0000000040300b74       0x9c arch/arm/lib/lib.a(lib1funcs.o)
                0x0000000040300b74                __udivsi3
                0x0000000040300b74                __aeabi_uidiv
 .text.__divsi3
                0x0000000040300c10       0xcc arch/arm/lib/lib.a(lib1funcs.o)
                0x0000000040300c10                __aeabi_idiv
                0x0000000040300c10                __divsi3
 .text.__aeabi_uidivmod
                0x0000000040300cdc       0x30 arch/arm/lib/lib.a(lib1funcs.o)
                0x0000000040300cdc                __aeabi_uidivmod
                0x0000000040300cf4                __aeabi_idivmod
 .text.Ldiv0    0x0000000040300d0c       0x10 arch/arm/lib/lib.a(lib1funcs.o)
 .text.__div0   0x0000000040300d1c        0x4 arch/arm/lib/lib.a(div0.o)
                0x0000000040300d1c                __div0

.glue_7         0x0000000040300d20        0x0
 .glue_7        0x0000000040300d20        0x0 linker stubs

.glue_7t        0x0000000040300d20        0x0
 .glue_7t       0x0000000040300d20        0x0 linker stubs

.vfp11_veneer   0x0000000040300d20        0x0
 .vfp11_veneer  0x0000000040300d20        0x0 linker stubs

.v4_bx          0x0000000040300d20        0x0
 .v4_bx         0x0000000040300d20        0x0 linker stubs

.iplt           0x0000000040300d20        0x0
 .iplt          0x0000000040300d20        0x0 arch/arm/cpu/armv7/start.o
                0x0000000040300d20                . = ALIGN (0x4)

.rodata         0x0000000040300d20     0x4f90
 *(SORT_BY_ALIGNMENT(.rodata*))
 .rodata.system_guid
                0x0000000040300d20       0x10 disk/built-in.o
 .rodata        0x0000000040300d30       0x8c arch/arm/mach-omap2/built-in.o
 .rodata.cmwkup
                0x0000000040300dbc        0x4 arch/arm/mach-omap2/built-in.o
                0x0000000040300dbc                cmwkup
 .rodata.dpll_core_1000MHz
                0x0000000040300dc0       0x40 arch/arm/mach-omap2/built-in.o
                0x0000000040300dc0                dpll_core_1000MHz
 .rodata.dpll_core_regs
                0x0000000040300e00       0x24 arch/arm/mach-omap2/built-in.o
                0x0000000040300e00                dpll_core_regs
 .rodata.dpll_ddr2_266MHz
                0x0000000040300e24       0x40 arch/arm/mach-omap2/built-in.o
                0x0000000040300e24                dpll_ddr2_266MHz
 .rodata.dpll_ddr3_303MHz
                0x0000000040300e64       0x40 arch/arm/mach-omap2/built-in.o
                0x0000000040300e64                dpll_ddr3_303MHz
 .rodata.dpll_ddr3_400MHz
                0x0000000040300ea4       0x40 arch/arm/mach-omap2/built-in.o
                0x0000000040300ea4                dpll_ddr3_400MHz
 .rodata.dpll_ddr_regs
                0x0000000040300ee4       0x24 arch/arm/mach-omap2/built-in.o
                0x0000000040300ee4                dpll_ddr_regs
 .rodata.dpll_mpu_opp
                0x0000000040300f08      0x180 arch/arm/mach-omap2/built-in.o
                0x0000000040300f08                dpll_mpu_opp
 .rodata.dpll_mpu_regs
                0x0000000040301088       0x24 arch/arm/mach-omap2/built-in.o
                0x0000000040301088                dpll_mpu_regs
 .rodata.dpll_per_192MHz
                0x00000000403010ac       0x40 arch/arm/mach-omap2/built-in.o
                0x00000000403010ac                dpll_per_192MHz
 .rodata.dpll_per_regs
                0x00000000403010ec       0x24 arch/arm/mach-omap2/built-in.o
                0x00000000403010ec                dpll_per_regs
 .rodata.ddr_cmd_reg
                0x0000000040301110        0x8 arch/arm/mach-omap2/built-in.o
 .rodata.ddr_data_reg
                0x0000000040301118        0x8 arch/arm/mach-omap2/built-in.o
 .rodata.emif_reg
                0x0000000040301120        0x8 arch/arm/mach-omap2/built-in.o
 .rodata.vtpreg
                0x0000000040301128        0x8 arch/arm/mach-omap2/built-in.o
 .rodata.am33xx_gpio
                0x0000000040301130       0x30 arch/arm/mach-omap2/built-in.o
 .rodata.am33xx_i2c
                0x0000000040301160       0x24 arch/arm/mach-omap2/built-in.o
 .rodata.am33xx_serial
                0x0000000040301184       0x90 arch/arm/mach-omap2/built-in.o
 .rodata.am33xx_ctrl
                0x0000000040301214      0x1c8 arch/arm/mach-omap2/built-in.o
                0x0000000040301214                am33xx_ctrl
 .rodata.am335x_mmc0_platdata
                0x00000000403013dc       0x30 board/ti/am335x/built-in.o
 .rodata.am335x_mmc1_platdata
                0x000000004030140c       0x30 board/ti/am335x/built-in.o
 .rodata.ddr2_cmd_ctrl_data
                0x000000004030143c       0x30 board/ti/am335x/built-in.o
 .rodata.ddr2_data
                0x000000004030146c       0x18 board/ti/am335x/built-in.o
 .rodata.ddr2_emif_reg_data
                0x0000000040301484       0x7c board/ti/am335x/built-in.o
 .rodata.ddr2_evm_emif_reg_data
                0x0000000040301500       0x7c board/ti/am335x/built-in.o
 .rodata.ddr3_beagleblack_cmd_ctrl_data
                0x000000004030157c       0x30 board/ti/am335x/built-in.o
 .rodata.ddr3_beagleblack_data
                0x00000000403015ac       0x18 board/ti/am335x/built-in.o
 .rodata.ddr3_cmd_ctrl_data
                0x00000000403015c4       0x30 board/ti/am335x/built-in.o
 .rodata.ddr3_data
                0x00000000403015f4       0x18 board/ti/am335x/built-in.o
 .rodata.ddr3_evm_cmd_ctrl_data
                0x000000004030160c       0x30 board/ti/am335x/built-in.o
 .rodata.ddr3_evm_data
                0x000000004030163c       0x18 board/ti/am335x/built-in.o
 .rodata.ddr3_icev2_cmd_ctrl_data
                0x0000000040301654       0x30 board/ti/am335x/built-in.o
 .rodata.ddr3_icev2_data
                0x0000000040301684       0x18 board/ti/am335x/built-in.o
 .rodata.ioregs
                0x000000004030169c       0x20 board/ti/am335x/built-in.o
                0x000000004030169c                ioregs
 .rodata.ioregs_bonelt
                0x00000000403016bc       0x20 board/ti/am335x/built-in.o
                0x00000000403016bc                ioregs_bonelt
 .rodata.ioregs_evm15
                0x00000000403016dc       0x20 board/ti/am335x/built-in.o
                0x00000000403016dc                ioregs_evm15
 .rodata.ioregs_evmsk
                0x00000000403016fc       0x20 board/ti/am335x/built-in.o
                0x00000000403016fc                ioregs_evmsk
 .rodata.CSWTCH.19
                0x000000004030171c       0x20 common/built-in.o
 .rodata.env_flags_varaccess_mask
                0x000000004030173c       0x10 env/built-in.o
 .rodata.fdt_errtable
                0x000000004030174c       0x48 lib/built-in.o
 .rodata.crc_table
                0x0000000040301794      0x400 lib/built-in.o
 .rodata.CSWTCH.14
                0x0000000040301b94       0x20 disk/built-in.o
 .rodata        0x0000000040301bb4        0x8 drivers/built-in.o
 .rodata.root_info
                0x0000000040301bbc        0x8 drivers/built-in.o
 .rodata.gpio_omap_ops
                0x0000000040301bc4       0x28 drivers/built-in.o
 .rodata.omap_i2c_ops
                0x0000000040301bec       0x18 drivers/built-in.o
 .rodata.ext_csd_bus_width
                0x0000000040301c04       0x3c drivers/built-in.o
 .rodata.fbase  0x0000000040301c40       0x10 drivers/built-in.o
 .rodata.freqs.9994
                0x0000000040301c50       0x34 drivers/built-in.o
 .rodata.mmc_modes_by_pref
                0x0000000040301c84       0x20 drivers/built-in.o
 .rodata.mmc_versions.10300
                0x0000000040301ca4       0x24 drivers/built-in.o
 .rodata.sd_modes_by_pref
                0x0000000040301cc8       0x10 drivers/built-in.o
 .rodata.omap_hsmmc_ops
                0x0000000040301cd8       0x14 drivers/built-in.o
 .rodata.ns16550_serial_ops
                0x0000000040301cec       0x20 drivers/built-in.o
                0x0000000040301cec                ns16550_serial_ops
 .rodata.musb_ep_ops
                0x0000000040301d0c       0x28 drivers/built-in.o
 .rodata.musb_gadget_operations
                0x0000000040301d34       0x24 drivers/built-in.o
 .rodata.CSWTCH.6
                0x0000000040301d58       0x1c drivers/built-in.o
 .rodata.musb_g_ep0_ops
                0x0000000040301d74       0x28 drivers/built-in.o
                0x0000000040301d74                musb_g_ep0_ops
 .rodata.CSWTCH.47
                0x0000000040301d9c       0x18 drivers/built-in.o
 .rodata.crc16_tab
                0x0000000040301db4      0x200 lib/built-in.o
 .rodata.crc16_table
                0x0000000040301fb4      0x200 fs/built-in.o
 .rodata.do_enable_clocks.str1.1
                0x00000000403021b4       0x2a arch/arm/mach-omap2/built-in.o
 .rodata.do_setup_dpll.str1.1
                0x00000000403021de       0x3a arch/arm/mach-omap2/built-in.o
 .rodata.str1.1
                0x0000000040302218       0x44 arch/arm/mach-omap2/built-in.o
                                         0x4e (size before relaxing)
 .rodata.config_sdram_emif4d5.str1.1
                0x000000004030225c       0x2a arch/arm/mach-omap2/built-in.o
 .rodata.do_reset.str1.1
                0x0000000040302286        0xf arch/arm/lib/built-in.o
 .rodata.bone_not_connected_to_ac_power.part.0.str1.1
                0x0000000040302295       0x27 board/ti/am335x/built-in.o
 .rodata.do_board_detect.str1.1
                0x00000000403022bc       0x1b board/ti/am335x/built-in.o
 .rodata.do_cape_detect.str1.1
                0x00000000403022d7      0x791 board/ti/am335x/built-in.o
                                        0x7a8 (size before relaxing)
 .rodata.get_dpll_ddr_params.str1.1
                0x0000000040302a68       0x31 board/ti/am335x/built-in.o
                                         0x33 (size before relaxing)
 .rodata.scale_vcores.str1.1
                0x0000000040302a99       0x47 board/ti/am335x/built-in.o
 .rodata.sdram_init.str1.1
                0x0000000040302ae0        0xb board/ti/am335x/built-in.o
 .rodata.spl_start_uboot.str1.1
                0x0000000040302aeb        0x8 board/ti/am335x/built-in.o
 .rodata.str1.1
                0x0000000040302af3        0xb board/ti/am335x/built-in.o
 .rodata.ti_i2c_eeprom_am_get.str1.1
                0x0000000040302afe        0x5 board/ti/common/built-in.o
 .rodata.board_init_r.str1.1
                0x0000000040302afe       0x62 common/spl/built-in.o
 .rodata.preloader_console_init.str1.1
                0x0000000040302b60       0x5e common/spl/built-in.o
 .rodata.spl_fixup_fdt.str1.1
                0x0000000040302bbe       0x51 common/spl/built-in.o
 .rodata.spl_parse_image_header.str1.1
                0x0000000040302c0f        0x6 common/spl/built-in.o
 .rodata.spl_set_header_raw_uboot.str1.1
                0x0000000040302c15        0x7 common/spl/built-in.o
 .rodata.spl_ymodem_load_image.str1.1
                0x0000000040302c1c       0x28 common/spl/built-in.o
 .rodata.str1.1
                0x0000000040302c44       0x16 common/spl/built-in.o
 .rodata.mmc_load_image_raw_sector.str1.1
                0x0000000040302c5a       0x31 common/spl/built-in.o
 .rodata.spl_mmc_load_image.str1.1
                0x0000000040302c8b      0x150 common/spl/built-in.o
 .rodata.__func__.8201
                0x0000000040302ddb       0x18 common/spl/built-in.o
 .rodata.__func__.8221
                0x0000000040302df3       0x13 common/spl/built-in.o
 .rodata.__func__.8230
                0x0000000040302e06       0x16 common/spl/built-in.o
 .rodata.spl_load_image_fat.str1.1
                0x0000000040302e1c       0x41 common/spl/built-in.o
 .rodata.spl_load_image_fat_os.str1.1
                0x0000000040302e5d      0x11c common/spl/built-in.o
 .rodata.__func__.7723
                0x0000000040302f79       0x13 common/spl/built-in.o
 .rodata.__func__.7735
                0x0000000040302f8c       0x16 common/spl/built-in.o
 .rodata.spl_load_image_ext.str1.1
                0x0000000040302fa2       0x94 common/spl/built-in.o
                                         0xba (size before relaxing)
 .rodata.spl_load_image_ext_os.str1.1
                0x0000000040303036      0x11c common/spl/built-in.o
 .rodata.str1.1
                0x0000000040303036      0x7e1 common/built-in.o
                                        0x817 (size before relaxing)
 .rodata.xyzModem_error.str1.1
                0x0000000040303817        0xe common/built-in.o
 .rodata.xyzModem_stream_close.str1.1
                0x0000000040303825       0x47 common/built-in.o
                                         0x4b (size before relaxing)
 .rodata.xyzModem_stream_open.str1.1
                0x000000004030386c       0x47 common/built-in.o
                                          0x2 (size before relaxing)
 .rodata.__FUNCTION__.9126
                0x000000004030386c       0x17 common/built-in.o
 .rodata.__func__.9002
                0x0000000040303883       0x18 common/built-in.o
 .rodata.fdt_find_or_add_subnode.str1.1
                0x000000004030389b        0xc common/built-in.o
 .rodata.fdt_fixup_memory_banks.str1.1
                0x00000000403038a7       0x8c common/built-in.o
                                         0x94 (size before relaxing)
 .rodata.env_get_f.str1.1
                0x0000000040303933       0x30 cmd/built-in.o
 .rodata        0x0000000040303963        0x3 env/built-in.o
 .rodata.default_environment
                0x0000000040303966       0xe4 env/built-in.o
                0x0000000040303966                default_environment
 .rodata.env_import.str1.1
                0x0000000040303a4a       0x3d env/built-in.o
 .rodata.set_default_env.str1.1
                0x0000000040303a87       0x5f env/built-in.o
 .rodata.env_load.str1.1
                0x0000000040303ae6       0x24 env/built-in.o
 .rodata.regex_callback.str1.1
                0x0000000040303b0a       0x20 env/built-in.o
 .rodata.env_flags_init.str1.1
                0x0000000040303b2a       0x57 env/built-in.o
 .rodata.env_flags_parse_varaccess.str1.1
                0x0000000040303b81       0x3d env/built-in.o
 .rodata.env_flags_parse_vartype.str1.1
                0x0000000040303bbe       0x34 env/built-in.o
 .rodata.env_flags_validate.str1.1
                0x0000000040303bf2       0xb2 env/built-in.o
                                         0xb3 (size before relaxing)
 .rodata.env_flags_varaccess_rep
                0x0000000040303ca4        0x5 env/built-in.o
 .rodata.env_flags_vartype_rep
                0x0000000040303ca9        0x7 env/built-in.o
 .rodata.env_callback_init.str1.1
                0x0000000040303cb0      0x110 env/built-in.o
 .rodata.env_ext4_load.str1.1