log.h:405:19:log_init	0	static
board_r.c:84:12:initr_trace	0	static
board_r.c:93:12:initr_reloc	0	static
board_r.c:624:12:run_main_loop	8	static
board_r.c:554:12:initr_net	8	static
board_r.c:488:12:initr_ethaddr	8	static
board_r.c:480:12:initr_enable_interrupts	8	static
board_r.c:463:12:initr_jumptable	8	static
board_r.c:433:12:initr_env	8	static
board_r.c:403:12:initr_mmc	8	static
board_r.c:163:12:initr_serial	8	static
board_r.c:277:12:initr_dm	0	static
board_r.c:302:12:initr_bootstage	8	static
board_r.c:229:12:initr_malloc	8	static
board_r.c:119:12:initr_reloc_global_data	8	static
board_r.c:106:12:initr_caches	8	static
bootstage.h:367:19:bootstage_relocate	0	static
board_r.c:220:12:initr_barrier	0	static
board_r.c:244:12:initr_console_record	0	static
board_r.c:309:12:power_init_board	0	static
board_r.c:314:12:initr_announce	0	static
board_r.c:56:12:board_flash_wp_on	0	static
board_r.c:66:13:cpu_secondary_init_r	0	static
board_r.c:70:12:initr_secondary_cpu	8	static
board_r.c:114:12:fixup_cpu	0	static
board_r.c:830:6:board_init_r	8	static
