image-fit.c:776:12:fit_image_get_address	24	static
image-fit.c:77:5:fit_parse_conf	24	static
image-fit.c:103:5:fit_parse_subimage	24	static
image-fit.c:126:5:fit_get_subimage_count	24	static
image-fit.c:568:5:fit_get_desc	16	static
image-fit.c:596:5:fit_get_timestamp	16	static
image-fit.c:628:5:fit_image_get_node	16	static
image-fit.c:662:5:fit_image_get_os	16	static
image-fit.c:694:5:fit_image_get_arch	16	static
image-fit.c:726:5:fit_image_get_type	16	static
image-fit.c:758:5:fit_image_get_comp	16	static
image-fit.c:817:5:fit_image_get_load	0	static
image-fit.c:839:5:fit_image_get_entry	0	static
image-fit.c:859:5:fit_image_get_data	24	static
image-fit.c:886:5:fit_image_get_data_offset	8	static
image-fit.c:910:5:fit_image_get_data_position	8	static
image-fit.c:935:5:fit_image_get_data_size	8	static
image-fit.c:964:5:fit_image_get_data_and_size	32	static
image-fit.c:1009:5:fit_image_hash_get_algo	16	static
image-fit.c:1037:5:fit_image_hash_get_value	24	static
image-fit.c:161:13:fit_image_print_data	48	static
image-fit.c:228:13:fit_image_print_verification_data	24	static
image-fit.c:446:6:fit_image_print	56	static
image-fit.c:342:6:fit_print_contents	64	static
image-fit.c:1081:7:fit_get_end	0	static
image-fit.c:1099:5:fit_set_timestamp	24	static
image-fit.c:1135:5:calculate_hash	32	static
image-fit.c:1209:5:fit_image_verify_with_data	88	static
image-fit.c:1286:5:fit_image_verify	24	static
image-fit.c:1316:5:fit_all_image_verify	32	static
image-fit.c:1368:5:fit_image_check_os	16	static
image-fit.c:1390:5:fit_image_check_arch	16	static
image-fit.c:1420:5:fit_image_check_type	16	static
image-fit.c:1443:5:fit_image_check_comp	16	static
image-fit.c:1463:5:fit_check_format	8	static
image-fit.c:1528:5:fit_conf_find_compat	64	static
image-fit.c:1633:5:fit_conf_get_node	32	static
image-fit.c:1686:5:fit_conf_get_prop_node_count	0	static
image-fit.c:1692:5:fit_conf_get_prop_node_index	32	static
image-fit.c:1706:5:fit_conf_get_prop_node	0	static
image-fit.c:1728:5:fit_get_node_from_config	16	static
image-fit.c:1788:5:fit_image_load	72	static
image-fit.c:2014:5:boot_get_setup_fit	56	static
image-fit.c:2035:5:boot_get_fdt_fit	112	static
