fat.c:29:13:downcase	12	static
fat.c:44:12:disk_read	16	static
fat.c:460:13:mkcksum	8	static
fat.c:713:13:fat_itr_child	12	static
fat_write.c:30:12:disk_write	16	static
fat_write.c:105:12:flush_dirty_fat_buffer	24	static
fat_write.c:264:12:set_fatent_value	32	static
fat.c:162:14:get_fatent	32	static
fat.c:787:19:next_dent	16	static
fat_write.c:371:14:determine_fatent	16	static
fat_write.c:632:12:clear_fatent	24	static
fat.c:247:1:get_cluster	40	dynamic
fat.c:478:1:read_bootsectandvi	24	static
fat.c:679:12:fat_itr_root	128	static
fat_write.c:966:12:split_filename	32	static
fat_write.c:402:1:set_cluster	40	dynamic
fat_write.c:1012:12:normalize_longname	48	static
fat_write.c:53:13:set_name	280	static
fat_write.c:696:1:set_contents	144	static
fat.c:864:12:fat_itr_next	56	static
fat.c:937:12:fat_itr_resolve	32	static
fat_write.c:595:12:flush_dir_table	32	static
fat_write.c:219:1:fill_dir_slot	672	static
fat_write.c:938:19:find_directory_entry	16	static
fat.c:59:5:fat_set_blk_dev	24	dynamic
fat.c:88:5:fat_register_device	136	static
fat.c:1014:5:file_fat_detectfs	120	static
fat.c:1076:5:fat_exists	64	static
fat.c:1096:5:fat_size	72	static
fat.c:1132:5:file_fat_read_at	112	static
fat.c:1168:5:file_fat_read	40	static
fat.c:1180:5:fat_read_file	48	static
fat.c:1199:5:fat_opendir	24	static
fat.c:1227:5:fat_readdir	16	static
fat.c:1250:6:fat_closedir	8	static
fat.c:1257:6:fat_close	0	static
fat_write.c:1050:5:file_fat_write_at	376	static
fat_write.c:1188:5:file_fat_write	40	static
fat_write.c:1261:5:fat_unlink	136	static
fat_write.c:1332:5:fat_mkdir	384	static
