bootcount.h:130:6:bootcount_store	0	static
bootcount.h:131:7:bootcount_load	0	static
spl.c:47:13:show_boot_progress	0	static
spl.c:51:12:dram_init_banksize	0	static
spl.c:68:12:spl_start_uboot	8	static
spl.c:80:12:bootz_setup	0	static
spl.c:87:13:spl_perform_fixups	0	static
spl.c:91:6:spl_fixup_fdt	8	static
spl.c:123:13:spl_board_prepare_for_linux	0	static
spl.c:128:13:spl_board_prepare_for_boot	0	static
spl.c:133:29:spl_get_load_buffer	0	static
spl.c:138:6:spl_set_header_raw_uboot	0	static
spl.c:229:5:spl_parse_image_header	16	static
spl.c:328:24:jump_to_image_no_args	8	static
spl.c:442:6:spl_set_bd	0	static
spl.c:452:5:spl_early_init	8	static
spl.c:466:5:spl_init	8	static
spl.c:488:13:board_boot_order	8	static
spl.c:566:6:board_init_r	72	static
spl.c:687:6:preloader_console_init	8	static
spl.c:723:7:spl_relocate_stack_gd	8	static
